Top-level running in PID 91100 (name=__main__)
Running interfere() with b=8300.0, sigma_s=10.0, frontheavy
MID-level running in PID 91100 (name=__main__)
E1_shared element:  0j
E1 element:  (3.0408497129632443e-12-3.979539371706424e-12j)
this thing psm_ff857b86
ill try to just make an array with this now
testfreq element:  0.0
did it
disp entry 0 (-1+0j)
starting: 0
some stuff:
tdelaylist (1+0j)
ESFGt (-7.12666769736983e-28-4.914396311779916e-28j)
ESFGw (4.776491702163099e-12-3.7478006809088527e-13j)
intensity 2.2955333080271144e-23
data entry 0 [1.14477436e-24 1.31973491e-25 3.07501406e-24 ... 2.36169178e-23
 1.38480236e-23 5.95963078e-24]
finishing 0
disp entry 800 (-1+0j)
starting: 800
some stuff:
tdelaylist (1+0j)
ESFGt (-7.12666769736983e-28-4.914396311779916e-28j)
ESFGw (4.776491702163099e-12-3.7478006809088527e-13j)
intensity 2.2955333080271144e-23
data entry 800 [1.14477436e-24 1.31973491e-25 3.07501406e-24 ... 2.36169178e-23
 1.38480236e-23 5.95963078e-24]
finishing 800
disp entry 1600 (-1+0j)
starting: 1600
some stuff:
tdelaylist (1+0j)
ESFGt (-7.12666769736983e-28-4.914396311779916e-28j)
ESFGw (4.776491702163099e-12-3.7478006809088527e-13j)
intensity 2.2955333080271144e-23
data entry 1600 [1.14477436e-24 1.31973491e-25 3.07501406e-24 ... 2.36169178e-23
 1.38480236e-23 5.95963078e-24]
finishing 1600
disp entry 2400 (-1+0j)
starting: 2400
some stuff:
tdelaylist (1+0j)
ESFGt (-7.12666769736983e-28-4.914396311779916e-28j)
ESFGw (4.776491702163099e-12-3.7478006809088527e-13j)
intensity 2.2955333080271144e-23
data entry 2400 [1.14477436e-24 1.31973491e-25 3.07501406e-24 ... 2.36169178e-23
 1.38480236e-23 5.95963078e-24]
finishing 2400
disp entry 3200 (-1+0j)
starting: 3200
some stuff:
tdelaylist (1+0j)
ESFGt (-7.12666769736983e-28-4.914396311779916e-28j)
ESFGw (4.776491702163099e-12-3.7478006809088527e-13j)
intensity 2.2955333080271144e-23
data entry 3200 [1.14477436e-24 1.31973491e-25 3.07501406e-24 ... 2.36169178e-23
 1.38480236e-23 5.95963078e-24]
finishing 3200
disp entry 4000 (-1+0j)
starting: 4000
some stuff:
tdelaylist (1+0j)
ESFGt (-7.12666769736983e-28-4.914396311779916e-28j)
ESFGw (4.776491702163099e-12-3.7478006809088527e-13j)
intensity 2.2955333080271144e-23
data entry 4000 [1.14477436e-24 1.31973491e-25 3.07501406e-24 ... 2.36169178e-23
 1.38480236e-23 5.95963078e-24]
finishing 4000
disp entry 4800 (-1+0j)
starting: 4800
some stuff:
tdelaylist (1+0j)
ESFGt (-7.12666769736983e-28-4.914396311779916e-28j)
ESFGw (4.776491702163099e-12-3.7478006809088527e-13j)
intensity 2.2955333080271144e-23
data entry 4800 [1.14477436e-24 1.31973491e-25 3.07501406e-24 ... 2.36169178e-23
 1.38480236e-23 5.95963078e-24]
finishing 4800
disp entry 5600 (-1+0j)
starting: 5600
some stuff:
tdelaylist (1+0j)
ESFGt (-7.12666769736983e-28-4.914396311779916e-28j)
ESFGw (4.776491702163099e-12-3.7478006809088527e-13j)
intensity 2.2955333080271144e-23
data entry 5600 [1.14477436e-24 1.31973491e-25 3.07501406e-24 ... 2.36169178e-23
 1.38480236e-23 5.95963078e-24]
finishing 5600
disp entry 6400 (-1+0j)
starting: 6400
some stuff:
tdelaylist (1+0j)
ESFGt (-7.12666769736983e-28-4.914396311779916e-28j)
ESFGw (4.776491702163099e-12-3.7478006809088527e-13j)
intensity 2.2955333080271144e-23
data entry 6400 [1.14477436e-24 1.31973491e-25 3.07501406e-24 ... 2.36169178e-23
 1.38480236e-23 5.95963078e-24]
finishing 6400
disp entry 7200 (-1+0j)
starting: 7200
some stuff:
tdelaylist (1+0j)
ESFGt (-7.12666769736983e-28-4.914396311779916e-28j)
ESFGw (4.776491702163099e-12-3.7478006809088527e-13j)
intensity 2.2955333080271144e-23
data entry 7200 [1.14477436e-24 1.31973491e-25 3.07501406e-24 ... 2.36169178e-23
 1.38480236e-23 5.95963078e-24]
finishing 7200
disp entry 8000 (-1+0j)
starting: 8000
some stuff:
tdelaylist (1+0j)
ESFGt (-7.12666769736983e-28-4.914396311779916e-28j)
ESFGw (4.776491702163099e-12-3.7478006809088527e-13j)
intensity 2.2955333080271144e-23
data entry 8000 [1.14477436e-24 1.31973491e-25 3.07501406e-24 ... 2.36169178e-23
 1.38480236e-23 5.95963078e-24]
finishing 8000
disp entry 8800 (-1+0j)
starting: 8800
some stuff:
tdelaylist (1+0j)
ESFGt (-7.12666769736983e-28-4.914396311779916e-28j)
ESFGw (4.776491702163099e-12-3.7478006809088527e-13j)
intensity 2.2955333080271144e-23
data entry 8800 [1.14477436e-24 1.31973491e-25 3.07501406e-24 ... 2.36169178e-23
 1.38480236e-23 5.95963078e-24]
finishing 8800
disp entry 9600 (-1+0j)
starting: 9600
some stuff:
tdelaylist (1+0j)
ESFGt (-7.12666769736983e-28-4.914396311779916e-28j)
ESFGw (4.776491702163099e-12-3.7478006809088527e-13j)
intensity 2.2955333080271144e-23
data entry 9600 [1.14477436e-24 1.31973491e-25 3.07501406e-24 ... 2.36169178e-23
 1.38480236e-23 5.95963078e-24]
finishing 9600
disp entry 10400 (-1+0j)
starting: 10400
some stuff:
tdelaylist (1+0j)
ESFGt (-7.12666769736983e-28-4.914396311779916e-28j)
ESFGw (4.776491702163099e-12-3.7478006809088527e-13j)
intensity 2.2955333080271144e-23
data entry 10400 [1.14477436e-24 1.31973491e-25 3.07501406e-24 ... 2.36169178e-23
 1.38480236e-23 5.95963078e-24]
finishing 10400
disp entry 11200 (-1+0j)
starting: 11200
some stuff:
tdelaylist (1+0j)
ESFGt (-7.12666769736983e-28-4.914396311779916e-28j)
ESFGw (4.776491702163099e-12-3.7478006809088527e-13j)
intensity 2.2955333080271144e-23
data entry 11200 [1.14477436e-24 1.31973491e-25 3.07501406e-24 ... 2.36169178e-23
 1.38480236e-23 5.95963078e-24]
finishing 11200
disp entry 12000 (-1+0j)
starting: 12000
some stuff:
tdelaylist (1+0j)
ESFGt (-7.12666769736983e-28-4.914396311779916e-28j)
ESFGw (4.776491702163099e-12-3.7478006809088527e-13j)
intensity 2.2955333080271144e-23
data entry 12000 [1.14477436e-24 1.31973491e-25 3.07501406e-24 ... 2.36169178e-23
 1.38480236e-23 5.95963078e-24]
finishing 12000
disp entry 12800 (-1+0j)
starting: 12800
some stuff:
tdelaylist (1+0j)
ESFGt (-7.12666769736983e-28-4.914396311779916e-28j)
ESFGw (4.776491702163099e-12-3.7478006809088527e-13j)
intensity 2.2955333080271144e-23
data entry 12800 [1.14477436e-24 1.31973491e-25 3.07501406e-24 ... 2.36169178e-23
 1.38480236e-23 5.95963078e-24]
finishing 12800
disp entry 13600 (-1+0j)
starting: 13600
some stuff:
tdelaylist (1+0j)
ESFGt (-7.12666769736983e-28-4.914396311779916e-28j)
ESFGw (4.776491702163099e-12-3.7478006809088527e-13j)
intensity 2.2955333080271144e-23
data entry 13600 [1.14477436e-24 1.31973491e-25 3.07501406e-24 ... 2.36169178e-23
 1.38480236e-23 5.95963078e-24]
finishing 13600
disp entry 14400 (-1+0j)
starting: 14400
some stuff:
tdelaylist (1+0j)
ESFGt (-7.12666769736983e-28-4.914396311779916e-28j)
ESFGw (4.776491702163099e-12-3.7478006809088527e-13j)
intensity 2.2955333080271144e-23
data entry 14400 [1.14477436e-24 1.31973491e-25 3.07501406e-24 ... 2.36169178e-23
 1.38480236e-23 5.95963078e-24]
finishing 14400
disp entry 15200 (-1+0j)
starting: 15200
some stuff:
tdelaylist (1+0j)
ESFGt (-7.12666769736983e-28-4.914396311779916e-28j)
ESFGw (4.776491702163099e-12-3.7478006809088527e-13j)
intensity 2.2955333080271144e-23
data entry 15200 [1.14477436e-24 1.31973491e-25 3.07501406e-24 ... 2.36169178e-23
 1.38480236e-23 5.95963078e-24]
finishing 15200
disp entry 16000 (-1+0j)
starting: 16000
some stuff:
tdelaylist (1+0j)
ESFGt (-7.12666769736983e-28-4.914396311779916e-28j)
ESFGw (4.776491702163099e-12-3.7478006809088527e-13j)
intensity 2.2955333080271144e-23
data entry 16000 [1.14477436e-24 1.31973491e-25 3.07501406e-24 ... 2.36169178e-23
 1.38480236e-23 5.95963078e-24]
finishing 16000
disp entry 16800 (-1+0j)
starting: 16800
some stuff:
tdelaylist (1+0j)
ESFGt (-7.12666769736983e-28-4.914396311779916e-28j)
ESFGw (4.776491702163099e-12-3.7478006809088527e-13j)
intensity 2.2955333080271144e-23
data entry 16800 [1.14477436e-24 1.31973491e-25 3.07501406e-24 ... 2.36169178e-23
 1.38480236e-23 5.95963078e-24]
finishing 16800
disp entry 17600 (-1+0j)
starting: 17600
some stuff:
tdelaylist (1+0j)
ESFGt (-7.12666769736983e-28-4.914396311779916e-28j)
ESFGw (4.776491702163099e-12-3.7478006809088527e-13j)
intensity 2.2955333080271144e-23
data entry 17600 [1.14477436e-24 1.31973491e-25 3.07501406e-24 ... 2.36169178e-23
 1.38480236e-23 5.95963078e-24]
finishing 17600
disp entry 18400 (-1+0j)
starting: 18400
some stuff:
tdelaylist (1+0j)
ESFGt (-7.12666769736983e-28-4.914396311779916e-28j)
ESFGw (4.776491702163099e-12-3.7478006809088527e-13j)
intensity 2.2955333080271144e-23
data entry 18400 [1.14477436e-24 1.31973491e-25 3.07501406e-24 ... 2.36169178e-23
 1.38480236e-23 5.95963078e-24]
finishing 18400
disp entry 19200 (-1+0j)
starting: 19200
some stuff:
tdelaylist (1+0j)
ESFGt (-7.12666769736983e-28-4.914396311779916e-28j)
ESFGw (4.776491702163099e-12-3.7478006809088527e-13j)
intensity 2.2955333080271144e-23
data entry 19200 [1.14477436e-24 1.31973491e-25 3.07501406e-24 ... 2.36169178e-23
 1.38480236e-23 5.95963078e-24]
finishing 19200
disp entry 20000 (-1+0j)
starting: 20000
some stuff:
tdelaylist (1+0j)
ESFGt (-7.12666769736983e-28-4.914396311779916e-28j)
ESFGw (4.776491702163099e-12-3.7478006809088527e-13j)
intensity 2.2955333080271144e-23
data entry 20000 [1.14477436e-24 1.31973491e-25 3.07501406e-24 ... 2.36169178e-23
 1.38480236e-23 5.95963078e-24]
finishing 20000
disp entry 20800 (-1+0j)
starting: 20800
some stuff:
tdelaylist (1+0j)
ESFGt (-7.12666769736983e-28-4.914396311779916e-28j)
ESFGw (4.776491702163099e-12-3.7478006809088527e-13j)
intensity 2.2955333080271144e-23
data entry 20800 [1.14477436e-24 1.31973491e-25 3.07501406e-24 ... 2.36169178e-23
 1.38480236e-23 5.95963078e-24]
finishing 20800
disp entry 21600 (-1+0j)
starting: 21600
some stuff:
tdelaylist (1+0j)
ESFGt (-7.12666769736983e-28-4.914396311779916e-28j)
ESFGw (4.776491702163099e-12-3.7478006809088527e-13j)
intensity 2.2955333080271144e-23
data entry 21600 [1.14477436e-24 1.31973491e-25 3.07501406e-24 ... 2.36169178e-23
 1.38480236e-23 5.95963078e-24]
finishing 21600
disp entry 22400 (-1+0j)
starting: 22400
some stuff:
tdelaylist (1+0j)
ESFGt (-7.12666769736983e-28-4.914396311779916e-28j)
ESFGw (4.776491702163099e-12-3.7478006809088527e-13j)
intensity 2.2955333080271144e-23
data entry 22400 [1.14477436e-24 1.31973491e-25 3.07501406e-24 ... 2.36169178e-23
 1.38480236e-23 5.95963078e-24]
finishing 22400
disp entry 23200 (-1+0j)
starting: 23200
some stuff:
tdelaylist (1+0j)
ESFGt (-7.12666769736983e-28-4.914396311779916e-28j)
ESFGw (4.776491702163099e-12-3.7478006809088527e-13j)
intensity 2.2955333080271144e-23
data entry 23200 [1.14477436e-24 1.31973491e-25 3.07501406e-24 ... 2.36169178e-23
 1.38480236e-23 5.95963078e-24]
finishing 23200
disp entry 24000 (-1+0j)
starting: 24000
some stuff:
tdelaylist (1+0j)
ESFGt (-7.12666769736983e-28-4.914396311779916e-28j)
ESFGw (4.776491702163099e-12-3.7478006809088527e-13j)
intensity 2.2955333080271144e-23
data entry 24000 [1.14477436e-24 1.31973491e-25 3.07501406e-24 ... 2.36169178e-23
 1.38480236e-23 5.95963078e-24]
finishing 24000
disp entry 24800 (-1+0j)
starting: 24800
some stuff:
tdelaylist (1+0j)
ESFGt (-7.12666769736983e-28-4.914396311779916e-28j)
ESFGw (4.776491702163099e-12-3.7478006809088527e-13j)
intensity 2.2955333080271144e-23
data entry 24800 [1.14477436e-24 1.31973491e-25 3.07501406e-24 ... 2.36169178e-23
 1.38480236e-23 5.95963078e-24]
finishing 24800
disp entry 25600 (-1+0j)
starting: 25600
some stuff:
tdelaylist (1+0j)
ESFGt (-7.12666769736983e-28-4.914396311779916e-28j)
ESFGw (4.776491702163099e-12-3.7478006809088527e-13j)
intensity 2.2955333080271144e-23
data entry 25600 [1.14477436e-24 1.31973491e-25 3.07501406e-24 ... 2.36169178e-23
 1.38480236e-23 5.95963078e-24]
finishing 25600
disp entry 26400 (-1+0j)
starting: 26400
some stuff:
tdelaylist (1+0j)
ESFGt (-7.12666769736983e-28-4.914396311779916e-28j)
ESFGw (4.776491702163099e-12-3.7478006809088527e-13j)
intensity 2.2955333080271144e-23
data entry 26400 [1.14477436e-24 1.31973491e-25 3.07501406e-24 ... 2.36169178e-23
 1.38480236e-23 5.95963078e-24]
finishing 26400
disp entry 27200 (-1+0j)
starting: 27200
some stuff:
tdelaylist (1+0j)
ESFGt (-7.12666769736983e-28-4.914396311779916e-28j)
ESFGw (4.776491702163099e-12-3.7478006809088527e-13j)
intensity 2.2955333080271144e-23
data entry 27200 [1.14477436e-24 1.31973491e-25 3.07501406e-24 ... 2.36169178e-23
 1.38480236e-23 5.95963078e-24]
finishing 27200
disp entry 28000 (-1+0j)
starting: 28000
some stuff:
tdelaylist (1+0j)
ESFGt (-7.12666769736983e-28-4.914396311779916e-28j)
ESFGw (4.776491702163099e-12-3.7478006809088527e-13j)
intensity 2.2955333080271144e-23
data entry 28000 [1.14477436e-24 1.31973491e-25 3.07501406e-24 ... 2.36169178e-23
 1.38480236e-23 5.95963078e-24]
finishing 28000
disp entry 28800 (-1+0j)
starting: 28800
some stuff:
tdelaylist (1+0j)
ESFGt (-7.12666769736983e-28-4.914396311779916e-28j)
ESFGw (4.776491702163099e-12-3.7478006809088527e-13j)
intensity 2.2955333080271144e-23
data entry 28800 [1.14477436e-24 1.31973491e-25 3.07501406e-24 ... 2.36169178e-23
 1.38480236e-23 5.95963078e-24]
finishing 28800
disp entry 29600 (-1+0j)
starting: 29600
some stuff:
tdelaylist (1+0j)
ESFGt (-7.12666769736983e-28-4.914396311779916e-28j)
ESFGw (4.776491702163099e-12-3.7478006809088527e-13j)
intensity 2.2955333080271144e-23
data entry 29600 [1.14477436e-24 1.31973491e-25 3.07501406e-24 ... 2.36169178e-23
 1.38480236e-23 5.95963078e-24]
finishing 29600
disp entry 30400 (-1+0j)
starting: 30400
some stuff:
tdelaylist (1+0j)
ESFGt (-7.12666769736983e-28-4.914396311779916e-28j)
ESFGw (4.776491702163099e-12-3.7478006809088527e-13j)
intensity 2.2955333080271144e-23
data entry 30400 [1.14477436e-24 1.31973491e-25 3.07501406e-24 ... 2.36169178e-23
 1.38480236e-23 5.95963078e-24]
finishing 30400
disp entry 31200 (-1+0j)
starting: 31200
some stuff:
tdelaylist (1+0j)
ESFGt (-7.12666769736983e-28-4.914396311779916e-28j)
ESFGw (4.776491702163099e-12-3.7478006809088527e-13j)
intensity 2.2955333080271144e-23
data entry 31200 [1.14477436e-24 1.31973491e-25 3.07501406e-24 ... 2.36169178e-23
 1.38480236e-23 5.95963078e-24]
finishing 31200
disp entry 32000 (-1+0j)
starting: 32000
some stuff:
tdelaylist (1+0j)
ESFGt (-7.12666769736983e-28-4.914396311779916e-28j)
ESFGw (4.776491702163099e-12-3.7478006809088527e-13j)
intensity 2.2955333080271144e-23
data entry 32000 [1.14477436e-24 1.31973491e-25 3.07501406e-24 ... 2.36169178e-23
 1.38480236e-23 5.95963078e-24]
finishing 32000
disp entry 32800 (-1+0j)
starting: 32800
some stuff:
tdelaylist (1+0j)
ESFGt (-7.12666769736983e-28-4.914396311779916e-28j)
ESFGw (4.776491702163099e-12-3.7478006809088527e-13j)
intensity 2.2955333080271144e-23
data entry 32800 [1.14477436e-24 1.31973491e-25 3.07501406e-24 ... 2.36169178e-23
 1.38480236e-23 5.95963078e-24]
finishing 32800
disp entry 33600 (-1+0j)
starting: 33600
some stuff:
tdelaylist (1+0j)
ESFGt (-7.12666769736983e-28-4.914396311779916e-28j)
ESFGw (4.776491702163099e-12-3.7478006809088527e-13j)
intensity 2.2955333080271144e-23
data entry 33600 [1.14477436e-24 1.31973491e-25 3.07501406e-24 ... 2.36169178e-23
 1.38480236e-23 5.95963078e-24]
finishing 33600
disp entry 34400 (-1+0j)
starting: 34400
some stuff:
tdelaylist (1+0j)
ESFGt (-7.12666769736983e-28-4.914396311779916e-28j)
ESFGw (4.776491702163099e-12-3.7478006809088527e-13j)
intensity 2.2955333080271144e-23
data entry 34400 [1.14477436e-24 1.31973491e-25 3.07501406e-24 ... 2.36169178e-23
 1.38480236e-23 5.95963078e-24]
finishing 34400
disp entry 35200 (-1+0j)
starting: 35200
some stuff:
tdelaylist (1+0j)
ESFGt (-7.12666769736983e-28-4.914396311779916e-28j)
ESFGw (4.776491702163099e-12-3.7478006809088527e-13j)
intensity 2.2955333080271144e-23
data entry 35200 [1.14477436e-24 1.31973491e-25 3.07501406e-24 ... 2.36169178e-23
 1.38480236e-23 5.95963078e-24]
finishing 35200
disp entry 36000 (-1+0j)
starting: 36000
some stuff:
tdelaylist (1+0j)
ESFGt (-7.12666769736983e-28-4.914396311779916e-28j)
ESFGw (4.776491702163099e-12-3.7478006809088527e-13j)
intensity 2.2955333080271144e-23
data entry 36000 [1.14477436e-24 1.31973491e-25 3.07501406e-24 ... 2.36169178e-23
 1.38480236e-23 5.95963078e-24]
finishing 36000
disp entry 36800 (-1+0j)
starting: 36800
some stuff:
tdelaylist (1+0j)
ESFGt (-7.12666769736983e-28-4.914396311779916e-28j)
ESFGw (4.776491702163099e-12-3.7478006809088527e-13j)
intensity 2.2955333080271144e-23
data entry 36800 [1.14477436e-24 1.31973491e-25 3.07501406e-24 ... 2.36169178e-23
 1.38480236e-23 5.95963078e-24]
finishing 36800
disp entry 37600 (-1+0j)
starting: 37600
some stuff:
tdelaylist (1+0j)
ESFGt (-7.12666769736983e-28-4.914396311779916e-28j)
ESFGw (4.776491702163099e-12-3.7478006809088527e-13j)
intensity 2.2955333080271144e-23
data entry 37600 [1.14477436e-24 1.31973491e-25 3.07501406e-24 ... 2.36169178e-23
 1.38480236e-23 5.95963078e-24]
finishing 37600
disp entry 38400 (-1+0j)
starting: 38400
some stuff:
tdelaylist (1+0j)
ESFGt (-7.12666769736983e-28-4.914396311779916e-28j)
ESFGw (4.776491702163099e-12-3.7478006809088527e-13j)
intensity 2.2955333080271144e-23
data entry 38400 [1.14477436e-24 1.31973491e-25 3.07501406e-24 ... 2.36169178e-23
 1.38480236e-23 5.95963078e-24]
finishing 38400
disp entry 39200 (-1+0j)
starting: 39200
some stuff:
tdelaylist (1+0j)
ESFGt (-7.12666769736983e-28-4.914396311779916e-28j)
ESFGw (4.776491702163099e-12-3.7478006809088527e-13j)
intensity 2.2955333080271144e-23
data entry 39200 [1.14477436e-24 1.31973491e-25 3.07501406e-24 ... 2.36169178e-23
 1.38480236e-23 5.95963078e-24]
finishing 39200
disp entry 40000 (-1+0j)
starting: 40000
some stuff:
tdelaylist (1+0j)
ESFGt (-7.12666769736983e-28-4.914396311779916e-28j)
ESFGw (4.776491702163099e-12-3.7478006809088527e-13j)
intensity 2.2955333080271144e-23
data entry 40000 [1.14477436e-24 1.31973491e-25 3.07501406e-24 ... 2.36169178e-23
 1.38480236e-23 5.95963078e-24]
finishing 40000
disp entry 40800 (-1+0j)
starting: 40800
some stuff:
tdelaylist (1+0j)
ESFGt (-7.12666769736983e-28-4.914396311779916e-28j)
ESFGw (4.776491702163099e-12-3.7478006809088527e-13j)
intensity 2.2955333080271144e-23
data entry 40800 [1.14477436e-24 1.31973491e-25 3.07501406e-24 ... 2.36169178e-23
 1.38480236e-23 5.95963078e-24]
finishing 40800
disp entry 41600 (-1+0j)
starting: 41600
some stuff:
tdelaylist (1+0j)
ESFGt (-7.12666769736983e-28-4.914396311779916e-28j)
ESFGw (4.776491702163099e-12-3.7478006809088527e-13j)
intensity 2.2955333080271144e-23
data entry 41600 [1.14477436e-24 1.31973491e-25 3.07501406e-24 ... 2.36169178e-23
 1.38480236e-23 5.95963078e-24]
finishing 41600
disp entry 42400 (-1+0j)
starting: 42400
some stuff:
tdelaylist (1+0j)
ESFGt (-7.12666769736983e-28-4.914396311779916e-28j)
ESFGw (4.776491702163099e-12-3.7478006809088527e-13j)
intensity 2.2955333080271144e-23
data entry 42400 [1.14477436e-24 1.31973491e-25 3.07501406e-24 ... 2.36169178e-23
 1.38480236e-23 5.95963078e-24]
finishing 42400
disp entry 43200 (-1+0j)
starting: 43200
some stuff:
tdelaylist (1+0j)
ESFGt (-7.12666769736983e-28-4.914396311779916e-28j)
ESFGw (4.776491702163099e-12-3.7478006809088527e-13j)
intensity 2.2955333080271144e-23
data entry 43200 [1.14477436e-24 1.31973491e-25 3.07501406e-24 ... 2.36169178e-23
 1.38480236e-23 5.95963078e-24]
finishing 43200
disp entry 44000 (-1+0j)
starting: 44000
some stuff:
tdelaylist (1+0j)
ESFGt (-7.12666769736983e-28-4.914396311779916e-28j)
ESFGw (4.776491702163099e-12-3.7478006809088527e-13j)
intensity 2.2955333080271144e-23
data entry 44000 [1.14477436e-24 1.31973491e-25 3.07501406e-24 ... 2.36169178e-23
 1.38480236e-23 5.95963078e-24]
finishing 44000
disp entry 44800 (-1+0j)
starting: 44800
some stuff:
tdelaylist (1+0j)
ESFGt (-7.12666769736983e-28-4.914396311779916e-28j)
ESFGw (4.776491702163099e-12-3.7478006809088527e-13j)
intensity 2.2955333080271144e-23
data entry 44800 [1.14477436e-24 1.31973491e-25 3.07501406e-24 ... 2.36169178e-23
 1.38480236e-23 5.95963078e-24]
finishing 44800
disp entry 45600 (-1+0j)
starting: 45600
some stuff:
tdelaylist (1+0j)
ESFGt (-7.12666769736983e-28-4.914396311779916e-28j)
ESFGw (4.776491702163099e-12-3.7478006809088527e-13j)
intensity 2.2955333080271144e-23
data entry 45600 [1.14477436e-24 1.31973491e-25 3.07501406e-24 ... 2.36169178e-23
 1.38480236e-23 5.95963078e-24]
finishing 45600
disp entry 46400 (-1+0j)
starting: 46400
some stuff:
tdelaylist (1+0j)
ESFGt (-7.12666769736983e-28-4.914396311779916e-28j)
ESFGw (4.776491702163099e-12-3.7478006809088527e-13j)
intensity 2.2955333080271144e-23
data entry 46400 [1.14477436e-24 1.31973491e-25 3.07501406e-24 ... 2.36169178e-23
 1.38480236e-23 5.95963078e-24]
finishing 46400
disp entry 47200 (-1+0j)
starting: 47200
some stuff:
tdelaylist (1+0j)
ESFGt (-7.12666769736983e-28-4.914396311779916e-28j)
ESFGw (4.776491702163099e-12-3.7478006809088527e-13j)
intensity 2.2955333080271144e-23
data entry 47200 [1.14477436e-24 1.31973491e-25 3.07501406e-24 ... 2.36169178e-23
 1.38480236e-23 5.95963078e-24]
finishing 47200
disp entry 48000 (-1+0j)
starting: 48000
some stuff:
tdelaylist (1+0j)
ESFGt (-7.12666769736983e-28-4.914396311779916e-28j)
ESFGw (4.776491702163099e-12-3.7478006809088527e-13j)
intensity 2.2955333080271144e-23
data entry 48000 [1.14477436e-24 1.31973491e-25 3.07501406e-24 ... 2.36169178e-23
 1.38480236e-23 5.95963078e-24]
finishing 48000
disp entry 48800 (-1+0j)
starting: 48800
some stuff:
tdelaylist (1+0j)
ESFGt (-7.12666769736983e-28-4.914396311779916e-28j)
ESFGw (4.776491702163099e-12-3.7478006809088527e-13j)
intensity 2.2955333080271144e-23
data entry 48800 [1.14477436e-24 1.31973491e-25 3.07501406e-24 ... 2.36169178e-23
 1.38480236e-23 5.95963078e-24]
finishing 48800
disp entry 49600 (-1+0j)
starting: 49600
some stuff:
tdelaylist (1+0j)
ESFGt (-7.12666769736983e-28-4.914396311779916e-28j)
ESFGw (4.776491702163099e-12-3.7478006809088527e-13j)
intensity 2.2955333080271144e-23
data entry 49600 [1.14477436e-24 1.31973491e-25 3.07501406e-24 ... 2.36169178e-23
 1.38480236e-23 5.95963078e-24]
finishing 49600
disp entry 50400 (-1+0j)
starting: 50400
some stuff:
tdelaylist (1+0j)
ESFGt (-7.12666769736983e-28-4.914396311779916e-28j)
ESFGw (4.776491702163099e-12-3.7478006809088527e-13j)
intensity 2.2955333080271144e-23
data entry 50400 [1.14477436e-24 1.31973491e-25 3.07501406e-24 ... 2.36169178e-23
 1.38480236e-23 5.95963078e-24]
finishing 50400
disp entry 51200 (-1+0j)
starting: 51200
some stuff:
tdelaylist (1+0j)
ESFGt (-7.12666769736983e-28-4.914396311779916e-28j)
ESFGw (4.776491702163099e-12-3.7478006809088527e-13j)
intensity 2.2955333080271144e-23
data entry 51200 [1.14477436e-24 1.31973491e-25 3.07501406e-24 ... 2.36169178e-23
 1.38480236e-23 5.95963078e-24]
finishing 51200
disp entry 52000 (-1+0j)
starting: 52000
some stuff:
tdelaylist (1+0j)
ESFGt (-7.12666769736983e-28-4.914396311779916e-28j)
ESFGw (4.776491702163099e-12-3.7478006809088527e-13j)
intensity 2.2955333080271144e-23
data entry 52000 [1.14477436e-24 1.31973491e-25 3.07501406e-24 ... 2.36169178e-23
 1.38480236e-23 5.95963078e-24]
finishing 52000
disp entry 52800 (-1+0j)
starting: 52800
some stuff:
tdelaylist (1+0j)
ESFGt (-7.12666769736983e-28-4.914396311779916e-28j)
ESFGw (4.776491702163099e-12-3.7478006809088527e-13j)
intensity 2.2955333080271144e-23
data entry 52800 [1.14477436e-24 1.31973491e-25 3.07501406e-24 ... 2.36169178e-23
 1.38480236e-23 5.95963078e-24]
finishing 52800
disp entry 53600 (-1+0j)
starting: 53600
some stuff:
tdelaylist (1+0j)
ESFGt (-7.12666769736983e-28-4.914396311779916e-28j)
ESFGw (4.776491702163099e-12-3.7478006809088527e-13j)
intensity 2.2955333080271144e-23
data entry 53600 [1.14477436e-24 1.31973491e-25 3.07501406e-24 ... 2.36169178e-23
 1.38480236e-23 5.95963078e-24]
finishing 53600
disp entry 54400 (-1+0j)
starting: 54400
some stuff:
tdelaylist (1+0j)
ESFGt (-7.12666769736983e-28-4.914396311779916e-28j)
ESFGw (4.776491702163099e-12-3.7478006809088527e-13j)
intensity 2.2955333080271144e-23
data entry 54400 [1.14477436e-24 1.31973491e-25 3.07501406e-24 ... 2.36169178e-23
 1.38480236e-23 5.95963078e-24]
finishing 54400
disp entry 55200 (-1+0j)
starting: 55200
some stuff:
tdelaylist (1+0j)
ESFGt (-7.12666769736983e-28-4.914396311779916e-28j)
ESFGw (4.776491702163099e-12-3.7478006809088527e-13j)
intensity 2.2955333080271144e-23
data entry 55200 [1.14477436e-24 1.31973491e-25 3.07501406e-24 ... 2.36169178e-23
 1.38480236e-23 5.95963078e-24]
finishing 55200
disp entry 56000 (-1+0j)
starting: 56000
some stuff:
tdelaylist (1+0j)
ESFGt (-7.12666769736983e-28-4.914396311779916e-28j)
ESFGw (4.776491702163099e-12-3.7478006809088527e-13j)
intensity 2.2955333080271144e-23
data entry 56000 [1.14477436e-24 1.31973491e-25 3.07501406e-24 ... 2.36169178e-23
 1.38480236e-23 5.95963078e-24]
finishing 56000
disp entry 56800 (-1+0j)
starting: 56800
some stuff:
tdelaylist (1+0j)
ESFGt (-7.12666769736983e-28-4.914396311779916e-28j)
ESFGw (4.776491702163099e-12-3.7478006809088527e-13j)
intensity 2.2955333080271144e-23
data entry 56800 [1.14477436e-24 1.31973491e-25 3.07501406e-24 ... 2.36169178e-23
 1.38480236e-23 5.95963078e-24]
finishing 56800
disp entry 57600 (-1+0j)
starting: 57600
some stuff:
tdelaylist (1+0j)
ESFGt (-7.12666769736983e-28-4.914396311779916e-28j)
ESFGw (4.776491702163099e-12-3.7478006809088527e-13j)
intensity 2.2955333080271144e-23
data entry 57600 [1.14477436e-24 1.31973491e-25 3.07501406e-24 ... 2.36169178e-23
 1.38480236e-23 5.95963078e-24]
finishing 57600
disp entry 58400 (-1+0j)
starting: 58400
some stuff:
tdelaylist (1+0j)
ESFGt (-7.12666769736983e-28-4.914396311779916e-28j)
ESFGw (4.776491702163099e-12-3.7478006809088527e-13j)
intensity 2.2955333080271144e-23
data entry 58400 [1.14477436e-24 1.31973491e-25 3.07501406e-24 ... 2.36169178e-23
 1.38480236e-23 5.95963078e-24]
finishing 58400
disp entry 59200 (-1+0j)
starting: 59200
some stuff:
tdelaylist (1+0j)
ESFGt (-7.12666769736983e-28-4.914396311779916e-28j)
ESFGw (4.776491702163099e-12-3.7478006809088527e-13j)
intensity 2.2955333080271144e-23
data entry 59200 [1.14477436e-24 1.31973491e-25 3.07501406e-24 ... 2.36169178e-23
 1.38480236e-23 5.95963078e-24]
finishing 59200
disp entry 60000 (-1+0j)
starting: 60000
some stuff:
tdelaylist (1+0j)
ESFGt (-7.12666769736983e-28-4.914396311779916e-28j)
ESFGw (4.776491702163099e-12-3.7478006809088527e-13j)
intensity 2.2955333080271144e-23
data entry 60000 [1.14477436e-24 1.31973491e-25 3.07501406e-24 ... 2.36169178e-23
 1.38480236e-23 5.95963078e-24]
finishing 60000
disp entry 60800 (-1+0j)
starting: 60800
some stuff:
tdelaylist (1+0j)
ESFGt (-7.12666769736983e-28-4.914396311779916e-28j)
ESFGw (4.776491702163099e-12-3.7478006809088527e-13j)
intensity 2.2955333080271144e-23
data entry 60800 [1.14477436e-24 1.31973491e-25 3.07501406e-24 ... 2.36169178e-23
 1.38480236e-23 5.95963078e-24]
finishing 60800
disp entry 61600 (-1+0j)
starting: 61600
some stuff:
tdelaylist (1+0j)
ESFGt (-7.12666769736983e-28-4.914396311779916e-28j)
ESFGw (4.776491702163099e-12-3.7478006809088527e-13j)
intensity 2.2955333080271144e-23
data entry 61600 [1.14477436e-24 1.31973491e-25 3.07501406e-24 ... 2.36169178e-23
 1.38480236e-23 5.95963078e-24]
finishing 61600
disp entry 62400 (-1+0j)
starting: 62400
some stuff:
tdelaylist (1+0j)
ESFGt (-7.12666769736983e-28-4.914396311779916e-28j)
ESFGw (4.776491702163099e-12-3.7478006809088527e-13j)
intensity 2.2955333080271144e-23
data entry 62400 [1.14477436e-24 1.31973491e-25 3.07501406e-24 ... 2.36169178e-23
 1.38480236e-23 5.95963078e-24]
finishing 62400
disp entry 63200 (-1+0j)
starting: 63200
some stuff:
tdelaylist (1+0j)
ESFGt (-7.12666769736983e-28-4.914396311779916e-28j)
ESFGw (4.776491702163099e-12-3.7478006809088527e-13j)
intensity 2.2955333080271144e-23
data entry 63200 [1.14477436e-24 1.31973491e-25 3.07501406e-24 ... 2.36169178e-23
 1.38480236e-23 5.95963078e-24]
finishing 63200
disp entry 64000 (-1+0j)
starting: 64000
some stuff:
tdelaylist (1+0j)
ESFGt (-7.12666769736983e-28-4.914396311779916e-28j)
ESFGw (4.776491702163099e-12-3.7478006809088527e-13j)
intensity 2.2955333080271144e-23
data entry 64000 [1.14477436e-24 1.31973491e-25 3.07501406e-24 ... 2.36169178e-23
 1.38480236e-23 5.95963078e-24]
finishing 64000
Running interfere() with b=8300.0, sigma_s=10.0, backheavy
MID-level running in PID 91100 (name=__main__)
E1_shared element:  0j
E1 element:  (3.0408497129632443e-12-3.979539371706424e-12j)
this thing psm_8df89225
ill try to just make an array with this now
testfreq element:  0.0
did it
disp entry 0 (1+0j)
starting: 0
some stuff:
tdelaylist (1+0j)
ESFGt (7.12666769736983e-28+4.914396311779916e-28j)
ESFGw (-4.776491702163099e-12+3.7478006809088527e-13j)
intensity 2.2955333080271144e-23
data entry 0 [1.14477436e-24 1.31973491e-25 3.07501406e-24 ... 2.36169178e-23
 1.38480236e-23 5.95963078e-24]
finishing 0
disp entry 800 (0.052083153205254806+0.9986427515143731j)
starting: 800
some stuff:
tdelaylist (1+0j)
ESFGt (-1.1953169539299214e-27-3.737093794858493e-28j)
ESFGw (-1.7656006864874563e-12+7.453718198213721e-12j)
intensity 5.867526076250737e-23
data entry 800 [2.55932694e-23 1.61091332e-23 8.07009751e-24 ... 5.07395193e-23
 4.40755623e-23 3.53251749e-23]
finishing 800
disp entry 1600 (-0.9945746903043959+0.1040249268488806j)
starting: 1600
some stuff:
tdelaylist (1+0j)
ESFGt (-1.9512484300847381e-28+8.547441985895713e-28j)
ESFGw (-2.434815370155885e-12+5.828484396508404e-12j)
intensity 3.989955624708927e-23
data entry 1600 [2.68993170e-23 2.00575785e-23 1.33686560e-23 ... 4.16188509e-23
 3.82678945e-23 3.31861680e-23]
finishing 1600
disp entry 2400 (-0.15568432514364086-0.9878068591099016j)
starting: 2400
some stuff:
tdelaylist (1+0j)
ESFGt (-9.582802228355344e-29-1.141985825466787e-27j)
ESFGw (-1.56599256131984e-12+4.182495495774763e-12j)
intensity 1.9945601274285252e-23
data entry 2400 [1.69538638e-23 1.34273206e-23 9.82732526e-24 ... 2.43420128e-23
 2.26467198e-23 2.01142256e-23]
finishing 2400
disp entry 3200 (0.97835762918817-0.20692111880932573j)
starting: 3200
some stuff:
tdelaylist (1+0j)
ESFGt (-5.854584427711097e-28-2.3282703154115436e-27j)
ESFGw (-3.914138110849841e-12+1.695301884985234e-14j)
intensity 1.532076455565528e-23
data entry 3200 [6.99424102e-25 2.65202266e-24 5.88222058e-24 ... 3.31603945e-24
 1.04175206e-24 1.50680148e-25]
finishing 3200
disp entry 4000 (0.2575962257247151+0.966252650445204j)
starting: 4000
some stuff:
tdelaylist (1+0j)
ESFGt (1.6598635311221735e-27+2.929807107847099e-28j)
ESFGw (-1.074286059415952e-12+4.545929604971022e-14j)
intensity 1.1561570850527894e-24
data entry 4000 [1.88783604e-23 1.45493299e-23 1.05113978e-23 ... 3.15157795e-23
 2.75708938e-23 2.32898582e-23]
finishing 4000
disp entry 4800 (-0.9515247818091382+0.30757208846556916j)
starting: 4800
some stuff:
tdelaylist (1+0j)
ESFGt (2.9527118466101593e-28-1.1248208996057973e-27j)
ESFGw (-1.0316558805151255e-12+6.537756447322352e-13j)
intensity 1.491736449446489e-24
data entry 4800 [4.98324853e-24 4.63608473e-24 4.51471963e-24 ... 7.22468499e-24
 6.29995130e-24 5.54426657e-24]
finishing 4800
disp entry 5600 (-0.3567130477038404-0.9342140020347788j)
starting: 5600
some stuff:
tdelaylist (1+0j)
ESFGt (1.2661448942962812e-27+9.228257917959059e-28j)
ESFGw (1.9131671073757683e-12-4.162760847831182e-12j)
intensity 2.0988786256980746e-23
data entry 5600 [3.08009759e-24 2.84291578e-24 2.91128695e-24 ... 5.53727475e-24
 4.44264397e-24 3.61742899e-24]
finishing 5600
disp entry 6400 (0.9143673011813939-0.40488571045451116j)
starting: 6400
some stuff:
tdelaylist (1+0j)
ESFGt (-2.1498388723561734e-27+3.748772813445205e-27j)
ESFGw (-5.229376827398102e-12+1.4103243312774127e-12j)
intensity 2.933539672232133e-23
data entry 6400 [1.76619006e-23 1.93404811e-23 2.09861794e-23 ... 1.26621451e-23
 1.42996673e-23 1.59739168e-23]
finishing 6400
disp entry 7200 (0.4519593121704525+0.892038553058337j)
starting: 7200
some stuff:
tdelaylist (1+0j)
ESFGt (5.016896197000544e-27-2.9583427045395247e-27j)
ESFGw (4.994621036202851e-12+2.3737396596945626e-12j)
intensity 3.058087926728689e-23
data entry 7200 [1.24236324e-23 1.14057080e-23 1.03938070e-23 ... 1.54418683e-23
 1.44489414e-23 1.34403189e-23]
finishing 7200
disp entry 8000 (-0.8672883689847632+0.497806071702374j)
starting: 8000
some stuff:
tdelaylist (1+0j)
ESFGt (-4.2688459088610416e-27+1.0819154852697316e-27j)
ESFGw (-3.9106443777692235e-12+2.538041825317361e-12j)
intensity 2.1734795756438318e-23
data entry 8000 [1.82212402e-23 1.93178631e-23 2.04245621e-23 ... 1.50181230e-23
 1.60686545e-23 1.71371609e-23]
finishing 8000
disp entry 8800 (-0.5423015381603907-0.840183933260375j)
starting: 8800
some stuff:
tdelaylist (1+0j)
ESFGt (-6.2594243021910086e-27-4.813261342796948e-27j)
ESFGw (5.746395113220837e-12+3.885109248202845e-12j)
intensity 4.811513066771958e-23
data entry 8800 [3.75585556e-23 3.79945452e-23 3.84275762e-23 ... 3.62339760e-23
 3.66780234e-23 3.71196885e-23]
finishing 8800
disp entry 9600 (0.8107988207938562-0.5853249287355633j)
starting: 9600
some stuff:
tdelaylist (1+0j)
ESFGt (6.492424690208238e-28+8.176117653038473e-29j)
ESFGw (3.298031119036704e-12+2.5115378526896492e-12j)
intensity 1.7184831647627425e-23
data entry 9600 [1.34381562e-23 1.34384462e-23 1.34387829e-23 ... 1.34372199e-23
 1.34375391e-23 1.34378355e-23]
finishing 9600
disp entry 10400 (0.6267594565644838+0.7792127973839963j)
starting: 10400
some stuff:
tdelaylist (1+0j)
ESFGt (1.3924035534350376e-27-2.557124260400393e-28j)
ESFGw (-1.3447680179988748e-18+1.4235407704828966e-18j)
intensity 3.8348693474596616e-36
data entry 10400 [1.72998417e-34 2.37735976e-34 2.73094210e-34 ... 7.90691338e-36
 3.99120644e-35 9.97003153e-35]
finishing 10400
disp entry 11200 (-0.7455116031956754+0.6664926477468553j)
starting: 11200
some stuff:
tdelaylist (1+0j)
ESFGt (-5.068143123362884e-27+2.9914956534333507e-27j)
ESFGw (-1.47203787921375e-18+1.695799363762987e-17j)
intensity 2.897404437317353e-34
data entry 11200 [1.70239263e-34 2.49839687e-34 2.98149796e-34 ... 9.26057332e-36
 3.40562107e-35 9.02983252e-35]
finishing 11200
disp entry 12000 (-0.7044166466555551-0.7097867200184452j)
starting: 12000
some stuff:
tdelaylist (1+0j)
ESFGt (7.412167496783685e-28+1.89799628737759e-27j)
ESFGw (2.1784584842406983e-19-1.3376449730349278e-19j)
intensity 6.534975441445895e-38
data entry 12000 [4.25313138e-35 5.88876698e-35 9.07170955e-35 ... 6.11070511e-35
 5.18852234e-35 4.24107966e-35]
finishing 12000
disp entry 12800 (0.6721351229394915-0.7404285087104052j)
starting: 12800
some stuff:
tdelaylist (1+0j)
ESFGt (1.5525158378093223e-27+4.7754802650046125e-28j)
ESFGw (-2.633803742708668e-18-3.1552424008822943e-18j)
intensity 1.689247676343165e-35
data entry 12800 [7.12000384e-35 9.92656763e-35 1.05230871e-34 ... 7.44742929e-36
 1.07147821e-35 3.57618693e-35]
finishing 12800
disp entry 13600 (0.7744304798209357+0.6326590171050399j)
starting: 13600
some stuff:
tdelaylist (1+0j)
ESFGt (3.25089614195913e-28-7.986485143708383e-27j)
ESFGw (5.261546921057869e-18+5.185292553655214e-18j)
intensity 5.457113486948574e-35
data entry 13600 [4.47808704e-35 7.07298620e-35 1.14122246e-34 ... 5.76029931e-35
 4.69937636e-35 3.91807701e-35]
finishing 13600
disp entry 14400 (-0.591465560284823+0.8063302617395434j)
starting: 14400
some stuff:
tdelaylist (1+0j)
ESFGt (-1.7328554455982205e-28-2.9182634088081396e-27j)
ESFGw (5.394662849325184e-18+5.1734246508140906e-18j)
intensity 5.586670987554021e-35
data entry 14400 [2.70148970e-34 2.56169015e-34 2.44814958e-34 ... 1.43832698e-34
 2.15097686e-34 2.60427672e-34]
finishing 14400
disp entry 15200 (-0.8360412626048286-0.5486665719926119j)
starting: 15200
some stuff:
tdelaylist (1+0j)
ESFGt (2.3231758407266335e-27-8.458236162053972e-29j)
ESFGw (4.599635336833531e-18-8.736173085276139e-18j)
intensity 9.747736540775094e-35
data entry 15200 [6.01761911e-35 2.03729546e-35 1.21683245e-36 ... 1.17448010e-34
 1.24356314e-34 1.01839456e-34]
finishing 15200
disp entry 16000 (0.5043782299525017-0.8634828319949281j)
starting: 16000
some stuff:
tdelaylist (1+0j)
ESFGt (4.781442750837654e-27+7.09524604657802e-27j)
ESFGw (-6.446383884683008e-18+1.8514716109134802e-19j)
intensity 4.1590144659960983e-35
data entry 16000 [1.00451855e-34 1.69730516e-35 1.29659192e-35 ... 1.87091891e-34
 2.21005507e-34 1.88885407e-34]
finishing 16000
disp entry 16800 (0.8885804798528513+0.45872075473481305j)
starting: 16800
some stuff:
tdelaylist (1+0j)
ESFGt (2.537949433438184e-27-5.988654765015997e-27j)
ESFGw (4.796380410016234e-19+1.8018669791855587e-18j)
intensity 3.4767772610551656e-36
data entry 16800 [9.30600671e-35 7.35638764e-35 4.27655833e-35 ... 3.61874628e-35
 6.51840364e-35 8.94680756e-35]
finishing 16800
disp entry 17600 (-0.4118180834177485+0.9112660786894969j)
starting: 17600
some stuff:
tdelaylist (1+0j)
ESFGt (3.457912359712097e-27+3.882192761316169e-27j)
ESFGw (8.062356046828624e-18-1.5098843512553065e-18j)
intensity 6.728133577999974e-35
data entry 17600 [1.90460012e-34 1.02650321e-34 3.20088047e-35 ... 1.21110135e-34
 1.96602465e-34 2.29659932e-34]
finishing 17600
disp entry 18400 (-0.931478048515531-0.3637975331605456j)
starting: 18400
some stuff:
tdelaylist (1+0j)
ESFGt (3.657202887157371e-27-9.321167021789718e-28j)
ESFGw (-2.3297622332054903e-18-4.993027675667447e-18j)
intensity 3.03581174332517e-35
data entry 18400 [9.80399153e-35 1.85155517e-34 2.76827711e-34 ... 1.55874395e-35
 2.38408747e-35 4.50466394e-35]
finishing 18400
disp entry 19200 (0.3147894556014155-0.9491615240000852j)
starting: 19200
some stuff:
tdelaylist (1+0j)
ESFGt (-7.416444833400244e-27+1.460572716038134e-26j)
ESFGw (-2.8714614004211003e-18+3.330448788453138e-18j)
intensity 1.9337179706617287e-35
data entry 19200 [1.27711182e-34 3.10400117e-34 4.16186011e-34 ... 2.62707870e-34
 6.67026902e-35 1.23868287e-35]
finishing 19200
disp entry 20000 (0.9642685034025064+0.2649268830184862j)
starting: 20000
some stuff:
tdelaylist (1+0j)
ESFGt (-1.3638023334774332e-27+1.5683328591046118e-27j)
ESFGw (-5.929130298401467e-19+1.4994240555637234e-18j)
intensity 2.599818359357387e-36
data entry 20000 [1.83369073e-35 9.76637805e-36 5.81777817e-35 ... 5.43630780e-35
 6.85890449e-35 5.18040227e-35]
finishing 20000
disp entry 20800 (-0.2143451672139859+0.9767579788729696j)
starting: 20800
some stuff:
tdelaylist (1+0j)
ESFGt (-7.998563802714993e-27+9.70516701901073e-27j)
ESFGw (-1.4005916662202848e-17+8.320318180827634e-18j)
intensity 2.653933961787823e-34
data entry 20800 [4.06056382e-34 4.28192111e-34 3.08930305e-34 ... 2.30487209e-35
 1.00214231e-34 2.62468640e-34]
finishing 20800
disp entry 21600 (-0.9865960477681311-0.16318161210229412j)
starting: 21600
some stuff:
tdelaylist (1+0j)
ESFGt (2.4368443079528145e-27-1.5150331439812185e-26j)
ESFGw (5.385049639213655e-18-2.397531006045998e-19j)
intensity 2.905624116604463e-35
data entry 21600 [8.77220650e-35 1.04222542e-34 6.61297580e-35 ... 1.55816910e-35
 2.57974694e-36 3.48410492e-35]
finishing 21600
disp entry 22400 (0.1115751009987724-0.9937560046797774j)
starting: 22400
some stuff:
tdelaylist (1+0j)
ESFGt (-1.1523463722994094e-26+5.646951246293807e-27j)
ESFGw (-3.7995675286146096e-18+7.588121274474345e-18j)
intensity 7.201629788063266e-35
data entry 22400 [5.21809263e-35 1.17254324e-34 1.30816902e-34 ... 1.12427067e-34
 2.69983532e-35 1.94891513e-36]
finishing 22400
disp entry 23200 (0.9982184139265535+0.05966571962153626j)
starting: 23200
some stuff:
tdelaylist (1+0j)
ESFGt (1.198963796037048e-27-4.053632951296846e-27j)
ESFGw (2.0943867565289673e-18-4.3168439613934386e-18j)
intensity 2.3021597672942926e-35
data entry 23200 [9.30520471e-35 1.62976435e-34 1.63346230e-34 ... 1.44096841e-34
 4.45409572e-35 2.71895252e-35]
finishing 23200
disp entry 24000 (-0.00759437582908562+0.9999711623120772j)
starting: 24000
some stuff:
tdelaylist (1+0j)
ESFGt (-7.865852400203524e-27+1.0760413161563364e-26j)
ESFGw (4.059441578877899e-18-9.962022735235067e-18j)
intensity 1.1572096290966306e-34
data entry 24000 [1.11352346e-34 1.04616164e-34 6.50778258e-35 ... 9.42606789e-36
 3.95795540e-35 8.23261926e-35]
finishing 24000
disp entry 24800 (-0.9990094920061634+0.044497582873537445j)
starting: 24800
some stuff:
tdelaylist (1+0j)
ESFGt (-1.6318939572235315e-27+9.449033866638923e-27j)
ESFGw (-1.2461860511307956e-18-7.482125760650734e-18j)
intensity 5.753518557222628e-35
data entry 24800 [5.61243713e-35 4.09662759e-35 1.02507266e-35 ... 1.24211760e-35
 3.96685093e-36 3.39636250e-35]
finishing 24800
disp entry 25600 (-0.09646875302222929-0.9953360134599452j)
starting: 25600
some stuff:
tdelaylist (1+0j)
ESFGt (1.3881669072654317e-26+5.647043516523041e-27j)
ESFGw (-4.9487826606531345e-18-2.5417418815909524e-18j)
intensity 3.095090161501464e-35
data entry 25600 [7.92963755e-36 7.24151112e-36 1.85435180e-35 ... 4.71786672e-35
 4.63425267e-35 2.46224424e-35]
finishing 25600
disp entry 26400 (0.98896069831981-0.14817805903302164j)
starting: 26400
some stuff:
tdelaylist (1+0j)
ESFGt (-9.425608180506171e-27+3.321586824058414e-27j)
ESFGw (-4.6410102809944515e-18+6.5782651775581114e-18j)
intensity 6.481254917456984e-35
data entry 26400 [8.20363752e-35 4.45978520e-35 5.58992460e-35 ... 7.97094982e-35
 1.42006693e-34 1.37057184e-34]
finishing 26400
disp entry 27200 (0.1994851361513696+0.9799008523593954j)
starting: 27200
some stuff:
tdelaylist (1+0j)
ESFGt (7.8011028761204285e-28-2.2223560697628005e-28j)
ESFGw (-1.0061368184658848e-18+8.493643403566804e-18j)
intensity 7.315428956442653e-35
data entry 27200 [9.33227819e-36 2.38046851e-35 7.01834131e-35 ... 2.01656035e-36
 1.06918285e-35 1.36218041e-35]
finishing 27200
disp entry 28000 (-0.9681810685031249+0.25025071147181055j)
starting: 28000
some stuff:
tdelaylist (1+0j)
ESFGt (1.14837615401092e-26+3.2139908883556786e-27j)
ESFGw (2.1475356761980543e-18-3.4609108069196026e-18j)
intensity 1.6589813093996333e-35
data entry 28000 [2.24242104e-35 6.31539566e-35 1.24449685e-34 ... 9.73609500e-35
 9.08376243e-35 4.33673504e-35]
finishing 28000
disp entry 28800 (-0.30033698199392095-0.9538331600687738j)
starting: 28800
some stuff:
tdelaylist (1+0j)
ESFGt (9.304964276328972e-27+1.545037194578328e-27j)
ESFGw (-6.717387875229101e-19+2.27903036862039e-19j)
intensity 5.031727928736892e-37
data entry 28800 [2.17876980e-36 6.12708782e-36 3.38026944e-35 ... 3.14077202e-35
 2.95240958e-35 1.61608144e-35]
finishing 28800
disp entry 29600 (0.936896074410339-0.3496079886880398j)
starting: 29600
some stuff:
tdelaylist (1+0j)
ESFGt (1.6844657240707875e-27+4.4536363641320014e-27j)
ESFGw (-8.601934623377124e-18-5.6571668114012396e-18j)
intensity 1.059968155968738e-34
data entry 29600 [8.08455242e-35 5.07377225e-35 9.56871039e-35 ... 1.69218314e-34
 1.71476162e-34 1.38972584e-34]
finishing 29600
disp entry 30400 (0.39792998555575204+0.9174157871955327j)
starting: 30400
some stuff:
tdelaylist (1+0j)
ESFGt (-5.39919749436464e-27+6.291045796884855e-27j)
ESFGw (1.2784765533059457e-18-3.127480806025112e-19j)
intensity 1.7323136592736056e-36
data entry 30400 [4.58198656e-35 2.43353667e-35 9.23628260e-36 ... 7.76833276e-36
 3.44592678e-35 5.11544303e-35]
finishing 30400
disp entry 31200 (-0.8954451776050125+0.4451718026828828j)
starting: 31200
some stuff:
tdelaylist (1+0j)
ESFGt (-1.9635466653470205e-27-3.6429205901227756e-27j)
ESFGw (7.026244198832395e-18+7.433163261914232e-18j)
intensity 1.046200236198973e-34
data entry 31200 [6.20702674e-35 7.94186015e-35 8.05788994e-35 ... 7.38939696e-35
 6.51336715e-35 5.58648334e-35]
finishing 31200
disp entry 32000 (-0.49120520229996256-0.8710438847919506j)
starting: 32000
some stuff:
tdelaylist (1+0j)
ESFGt (2.426198822797712e-26+2.042907836836328e-28j)
ESFGw (4.1218901604742375e-19+7.564230473174249e-18j)
intensity 5.738748243624807e-35
data entry 32000 [4.30305820e-35 1.38547976e-34 1.41090530e-34 ... 1.79979663e-34
 9.25583360e-35 4.19196721e-36]
finishing 32000
disp entry 32800 (0.8442781459917948-0.5359052268831286j)
starting: 32800
some stuff:
tdelaylist (1+0j)
ESFGt (5.576072701342332e-27+7.538648453224193e-27j)
ESFGw (-3.912599085131999e-19+1.7831286317483995e-19j)
intensity 1.8487979318336676e-37
data entry 32800 [5.94817511e-35 4.29847295e-35 1.92622251e-35 ... 9.24841634e-36
 3.59123469e-35 5.63513627e-35]
finishing 32800
disp entry 33600 (0.579150538351047+0.8152206167214446j)
starting: 33600
some stuff:
tdelaylist (1+0j)
ESFGt (-1.1486053711799016e-26+8.532904824523642e-29j)
ESFGw (4.456965745815755e-19+2.1142488684858953e-18j)
intensity 4.668693714487637e-36
data entry 33600 [5.86237001e-36 5.24564419e-35 9.10667684e-35 ... 4.30749273e-35
 3.80650425e-35 7.78407985e-36]
finishing 33600
disp entry 34400 (-0.7839501735561129+0.6208237474366943j)
starting: 34400
some stuff:
tdelaylist (1+0j)
ESFGt (4.852836671139274e-27+2.221128134986806e-27j)
ESFGw (-4.133167490929038e-19-4.01225859929249e-18j)
intensity 1.6269049802677256e-35
data entry 34400 [6.26001783e-36 5.46093648e-35 1.06112431e-34 ... 1.72866735e-35
 2.16814119e-35 9.28289692e-36]
finishing 34400
disp entry 35200 (-0.6608117323402647-0.7505517000190316j)
starting: 35200
some stuff:
tdelaylist (1+0j)
ESFGt (-6.696885039081282e-27+2.151068709481696e-27j)
ESFGw (5.249288907856753e-18+7.848391639879921e-19j)
intensity 2.817100655147732e-35
data entry 35200 [5.33444606e-35 1.39186759e-34 2.60756653e-34 ... 1.93830489e-34
 2.79471236e-34 1.58934846e-34]
finishing 35200
disp entry 36000 (0.7151158561654881-0.6990059457978172j)
starting: 36000
some stuff:
tdelaylist (1+0j)
ESFGt (8.534231185486991e-27-6.619549698322604e-27j)
ESFGw (-3.211893671750679e-18+8.436214886337456e-18j)
intensity 8.148598256709378e-35
data entry 36000 [9.85888222e-35 8.12270187e-35 1.05096328e-34 ... 8.39386930e-35
 1.31021823e-34 1.45434631e-34]
finishing 36000
disp entry 36800 (0.7353027097326035+0.6777388324862983j)
starting: 36800
some stuff:
tdelaylist (1+0j)
ESFGt (2.171794827230955e-26-1.6030453777827966e-26j)
ESFGw (-5.9971753589887215e-18-3.912805085189076e-18j)
intensity 5.127615592114298e-35
data entry 36800 [2.67071489e-35 1.47342150e-35 9.32458072e-35 ... 9.21394963e-38
 4.32129339e-35 7.62093419e-35]
finishing 36800
disp entry 37600 (-0.6385220887990024+0.7696034966888852j)
starting: 37600
some stuff:
tdelaylist (1+0j)
ESFGt (5.978453399792725e-27-6.908321092295042e-27j)
ESFGw (-1.0981268391203185e-17-2.6448873651748825e-20j)
intensity 1.2058895502255563e-34
data entry 37600 [1.22759583e-34 2.72174044e-35 7.59797006e-35 ... 6.66167007e-35
 1.17784334e-34 1.73511783e-34]
finishing 37600
disp entry 38400 (-0.8018151972843289-0.5975720788355935j)
starting: 38400
some stuff:
tdelaylist (1+0j)
ESFGt (1.651863078728963e-26-1.2136963444313784e-26j)
ESFGw (-6.565714988560342e-18+6.741122444583293e-18j)
intensity 8.855134512387055e-35
data entry 38400 [1.73526173e-34 4.98186597e-36 1.93451200e-34 ... 2.83910370e-35
 2.20682959e-34 3.44993170e-34]
finishing 38400
disp entry 39200 (0.5549999612740795-0.8318503729552391j)
starting: 39200
some stuff:
tdelaylist (1+0j)
ESFGt (-8.535812290652294e-27+3.085686116081234e-26j)
ESFGw (6.643331438000184e-18-3.6693859532039335e-18j)
intensity 5.759824586869192e-35
data entry 39200 [1.95601603e-35 1.62671672e-34 1.67305857e-34 ... 1.25799882e-34
 1.75042054e-34 4.91617824e-35]
finishing 39200
disp entry 40000 (0.8596274933082186+0.5109212979986532j)
starting: 40000
some stuff:
tdelaylist (1+0j)
ESFGt (1.1223775158726837e-27+1.1155937324022451e-26j)
ESFGw (-1.881320203648093e-18-5.095658275418338e-18j)
intensity 2.9505098968493886e-35
data entry 40000 [1.14715547e-35 1.95570147e-35 2.07332328e-35 ... 2.44079698e-36
 1.17270373e-35 1.30432756e-35]
finishing 40000
disp entry 40800 (-0.4654557404072361+0.885071157434221j)
starting: 40800
some stuff:
tdelaylist (1+0j)
ESFGt (-1.44150919082436e-27+2.3486736080265062e-27j)
ESFGw (4.750197942180491e-18-4.684764103410513e-18j)
intensity 4.4511395194499486e-35
data entry 40800 [1.79122941e-34 2.40216651e-34 8.45846676e-35 ... 2.48690876e-34
 1.44607248e-34 4.75154864e-35]
finishing 40800
disp entry 41600 (-0.9081122985840169-0.4187267046182431j)
starting: 41600
some stuff:
tdelaylist (1+0j)
ESFGt (-1.7831385203976134e-26+2.2203551595053548e-26j)
ESFGw (5.766053895011778e-19-1.0504609157610575e-17j)
intensity 1.1067928732935777e-34
data entry 41600 [2.33794957e-34 8.93704534e-35 6.61827903e-35 ... 4.31587568e-35
 2.57557603e-35 1.90419413e-34]
finishing 41600
disp entry 42400 (0.3708610364577808-0.928688371649748j)
starting: 42400
some stuff:
tdelaylist (1+0j)
ESFGt (-8.751316006368007e-28+6.289198705195423e-28j)
ESFGw (1.5274995872334062e-17+1.143249514106708e-17j)
intensity 3.6402744405034505e-34
data entry 42400 [1.95001917e-34 5.89878267e-35 4.07669449e-35 ... 5.78189928e-35
 4.61643764e-36 1.30355528e-34]
finishing 42400
disp entry 43200 (0.9467435229433928+0.3219886671371112j)
starting: 43200
some stuff:
tdelaylist (1+0j)
ESFGt (-1.0484696419044647e-27-3.929380625963093e-27j)
ESFGw (-1.0954237260566848e-18-4.8897931981225784e-18j)
intensity 2.5110030660013743e-35
data entry 43200 [2.88115053e-35 2.47697747e-34 2.68187379e-34 ... 2.56802514e-34
 3.72955317e-34 1.18923351e-34]
finishing 43200
disp entry 44000 (-0.2722422605546931+0.9622287418114627j)
starting: 44000
some stuff:
tdelaylist (1+0j)
ESFGt (3.69496368235892e-27+2.1770756816562374e-26j)
ESFGw (-1.3469223999835544e-18-6.43212718359144e-18j)
intensity 4.318646005747342e-35
data entry 44000 [2.58857258e-36 4.17901343e-35 9.19142704e-35 ... 2.49485498e-36
 4.67237833e-35 5.18399549e-35]
finishing 44000
disp entry 44800 (-0.9751019936742275-0.2217568531805654j)
starting: 44800
some stuff:
tdelaylist (1+0j)
ESFGt (-1.2453561263456821e-26+1.8601456359326017e-26j)
ESFGw (3.848584908088743e-18-1.0415219234214018e-18j)
intensity 1.5896373711735858e-35
data entry 44800 [1.00717032e-34 1.64056394e-34 4.94134259e-35 ... 1.69172381e-34
 9.89128718e-35 2.05082935e-37]
finishing 44800
disp entry 45600 (0.17066948750013827-0.9853283341284975j)
starting: 45600
some stuff:
tdelaylist (1+0j)
ESFGt (-8.744146833465884e-27-8.896838740937163e-28j)
ESFGw (-6.3088852684423664e-18-2.3074984472482883e-18j)
intensity 4.512658241442237e-35
data entry 45600 [4.43404644e-35 2.63233106e-35 4.43589015e-36 ... 1.71842815e-35
 9.15194582e-36 1.53736874e-35]
finishing 45600
disp entry 46400 (0.9928800038040885+0.11911884001279274j)
starting: 46400
some stuff:
tdelaylist (1+0j)
ESFGt (-1.278480350841919e-26+8.45596061507513e-27j)
ESFGw (-7.754763681530333e-18-6.403116210131262e-18j)
intensity 1.0113625695682763e-34
data entry 46400 [4.70122413e-35 2.72947563e-35 4.11162562e-35 ... 9.31704641e-36
 5.73248459e-35 8.06436790e-35]
finishing 46400
disp entry 47200 (-0.06724484479499904+0.9977365037165357j)
starting: 47200
some stuff:
tdelaylist (1+0j)
ESFGt (1.064600967293051e-26+1.058069312119404e-26j)
ESFGw (-2.5258564851351984e-18+1.1213544044165435e-17j)
intensity 1.3212352101393766e-34
data entry 47200 [4.57007545e-35 7.30438258e-35 2.16002190e-35 ... 9.02110957e-35
 6.96821872e-35 6.79393515e-37]
finishing 47200
disp entry 48000 (-0.9998846509115332-0.015188313649690985j)
starting: 48000
some stuff:
tdelaylist (1+0j)
ESFGt (6.168809639812208e-27-2.1665999909166458e-27j)
ESFGw (1.6353473260303475e-18-1.3885853169470231e-18j)
intensity 4.602530059195472e-36
data entry 48000 [1.47619161e-35 3.93227706e-35 3.41176910e-35 ... 7.00638298e-35
 5.81870413e-35 1.01569908e-35]
finishing 48000
disp entry 48800 (-0.036909446127003406-0.9993186142500288j)
starting: 48800
some stuff:
tdelaylist (1+0j)
ESFGt (1.9360987599909076e-26-1.1843062828513623e-27j)
ESFGw (9.431597390201553e-20+5.0671542866050996e-18j)
intensity 2.5684948067193525e-35
data entry 48800 [1.09854401e-34 1.25661814e-34 1.58200461e-35 ... 1.43821548e-34
 1.46644831e-34 3.04356974e-35]
finishing 48800
disp entry 49600 (0.9960399302368254-0.0889070153239896j)
starting: 49600
some stuff:
tdelaylist (1+0j)
ESFGt (6.387201867162814e-28-9.731742568140201e-27j)
ESFGw (-2.1233106408306816e-19+8.977027044845937e-18j)
intensity 8.063209904467003e-35
data entry 49600 [5.65770847e-35 1.33493696e-34 3.32940926e-35 ... 1.18070349e-34
 1.21518959e-34 2.41133349e-35]
finishing 49600
disp entry 50400 (0.14066324669716967+0.9900574988497441j)
starting: 50400
some stuff:
tdelaylist (1+0j)
ESFGt (1.013741656231479e-26-3.0528185132124713e-27j)
ESFGw (4.184423689749361e-19-3.619927930909216e-20j)
intensity 1.7640440397585429e-37
data entry 50400 [1.75559319e-36 2.54773026e-34 2.47925003e-34 ... 7.55694075e-36
 2.99062806e-34 2.42544182e-34]
finishing 50400
disp entry 51200 (-0.9813875593806722+0.19203764811319546j)
starting: 51200
some stuff:
tdelaylist (1+0j)
ESFGt (-2.8906920840025265e-26-3.1943379242820104e-26j)
ESFGw (1.0905174190963282e-17+1.7221939352112835e-18j)
intensity 1.218887760857302e-34
data entry 51200 [2.91625468e-34 1.02120874e-35 1.79762881e-34 ... 2.66398635e-34
 1.12690382e-35 2.07492175e-34]
finishing 51200
disp entry 52000 (-0.24289076391506534-0.9700536463540333j)
starting: 52000
some stuff:
tdelaylist (1+0j)
ESFGt (2.5194253404943243e-27+7.869917448923258e-27j)
ESFGw (6.421115846355859e-18+5.497178480336287e-18j)
intensity 7.14496999569947e-35
data entry 52000 [8.73341182e-35 5.90467145e-35 2.69757275e-35 ... 2.60593856e-35
 6.55927758e-35 1.38264852e-36]
finishing 52000
disp entry 52800 (0.9560865256424127-0.29308455347394224j)
starting: 52800
some stuff:
tdelaylist (1+0j)
ESFGt (-3.5121043582892215e-27+2.3743620254590527e-26j)
ESFGw (-1.6592545299827171e-18+2.6126391843649338e-18j)
intensity 9.579009102947233e-36
data entry 52800 [3.36316176e-36 2.76159225e-36 1.79322322e-35 ... 4.99456129e-36
 2.72239725e-36 8.78099628e-36]
finishing 52800
disp entry 53600 (0.34248276590010623+0.9395241109526743j)
starting: 53600
some stuff:
tdelaylist (1+0j)
ESFGt (-7.47914831858247e-28+1.2786716823063998e-26j)
ESFGw (-2.2172874854490266e-18-5.553906594271667e-18j)
intensity 3.576224225102318e-35
data entry 53600 [8.36761140e-35 6.86122163e-36 7.14887336e-35 ... 1.08365786e-34
 6.77860130e-36 1.02322105e-34]
finishing 53600
disp entry 54400 (-0.9204113609093391+0.3909513098955142j)
starting: 54400
some stuff:
tdelaylist (1+0j)
ESFGt (-1.851257126234705e-26+3.217303742086539e-26j)
ESFGw (-1.0328167495802714e-17-1.3981108326986237e-18j)
intensity 1.0862575772186493e-34
data entry 54400 [1.68544985e-34 7.32025947e-35 1.61614325e-34 ... 7.01800311e-35
 6.16314908e-35 1.22156219e-34]
finishing 54400
disp entry 55200 (-0.438358617744303-0.8988001570145079j)
starting: 55200
some stuff:
tdelaylist (1+0j)
ESFGt (-9.55883198068778e-27+1.1258355613489966e-26j)
ESFGw (6.777669194982542e-18-1.2558895734087682e-17j)
intensity 2.036626617763011e-34
data entry 55200 [8.59742402e-37 1.51007929e-34 8.96747012e-35 ... 3.24862390e-35
 1.24460995e-34 1.96459203e-34]
finishing 55200
disp entry 56000 (0.8747491628157053-0.4845760024528895j)
starting: 56000
some stuff:
tdelaylist (1+0j)
ESFGt (-5.366010877267246e-27-1.2482462462790153e-26j)
ESFGw (-3.312142324299828e-18-8.565728578645448e-18j)
intensity 8.434199285944162e-35
data entry 56000 [3.18009013e-34 2.43341649e-34 5.37151349e-35 ... 2.31209560e-34
 3.96492850e-34 1.77605136e-35]
finishing 56000
disp entry 56800 (0.5294780070705002+0.8483236646638188j)
starting: 56800
some stuff:
tdelaylist (1+0j)
ESFGt (-6.2792580630675106e-27-1.3380559053775148e-26j)
ESFGw (-2.7559422409763486e-18-5.9731997564729115e-18j)
intensity 4.327433296632579e-35
data entry 56800 [2.89196368e-35 1.44712463e-36 7.35381278e-36 ... 9.02326574e-35
 1.58769882e-35 6.02195955e-35]
finishing 56800
disp entry 57600 (-0.8195953944935664+0.5729427452415601j)
starting: 57600
some stuff:
tdelaylist (1+0j)
ESFGt (4.073507053775895e-27-1.7805388137621957e-26j)
ESFGw (-3.1886000263418545e-18-1.2224602490631083e-18j)
intensity 1.1661579188526713e-35
data entry 57600 [2.43457685e-36 2.63550301e-35 5.76474668e-35 ... 3.59619596e-36
 1.72824456e-35 3.12132139e-35]
finishing 57600
disp entry 58400 (-0.6148522320659487-0.7886423351073164j)
starting: 58400
some stuff:
tdelaylist (1+0j)
ESFGt (-1.2426387225684395e-26-2.0041468358495665e-28j)
ESFGw (1.0060940607179768e-17-1.005856391502859e-18j)
intensity 1.0223427298152599e-34
data entry 58400 [5.91342251e-35 1.06461033e-34 1.22566043e-34 ... 8.18008237e-35
 1.08389903e-34 1.39510074e-34]
finishing 58400
disp entry 59200 (0.755548508491007-0.6550927043686373j)
starting: 59200
some stuff:
tdelaylist (1+0j)
ESFGt (6.133195848061383e-27-9.82410177895791e-27j)
ESFGw (-6.706830835163336e-18+2.00495709938244e-18j)
intensity 4.90014328218618e-35
data entry 59200 [2.75387854e-35 5.82482811e-36 3.40354761e-35 ... 2.95402411e-35
 1.22087748e-35 1.97380682e-35]
finishing 59200
disp entry 60000 (0.6935549295094473+0.7204037477367435j)
starting: 60000
some stuff:
tdelaylist (1+0j)
ESFGt (1.3420464110986516e-26-1.6900731821300038e-26j)
ESFGw (-3.5141997127331114e-18+5.656111886165722e-18j)
intensity 4.434120128979863e-35
data entry 60000 [4.42748321e-35 2.47594396e-34 1.17496619e-34 ... 8.46960297e-37
 2.02962516e-34 1.34637234e-34]
finishing 60000
disp entry 60800 (-0.6833034531911979+0.7301345018946744j)
starting: 60800
some stuff:
tdelaylist (1+0j)
ESFGt (3.707612398176158e-26+7.150207202330018e-27j)
ESFGw (2.243107944905368e-18+3.7278848695351756e-18j)
intensity 1.892865885300687e-35
data entry 60800 [2.41941566e-35 2.13864315e-36 2.12489183e-35 ... 7.13668992e-35
 2.02941023e-35 1.59837912e-35]
finishing 60800
disp entry 61600 (-0.7647321263858926-0.6443483334915293j)
starting: 61600
some stuff:
tdelaylist (1+0j)
ESFGt (2.90250584438622e-26-1.7468258279903958e-26j)
ESFGw (-1.3028012814081912e-17+4.503946922607907e-18j)
intensity 1.9001465576555175e-34
data entry 61600 [5.04818025e-36 1.24774436e-35 1.68690247e-37 ... 1.88613132e-36
 1.31470993e-35 6.20245036e-36]
finishing 61600
disp entry 62400 (0.6036441321921449-0.7972538878362352j)
starting: 62400
some stuff:
tdelaylist (1+0j)
ESFGt (-1.6580598758756394e-26-2.9842208287352635e-26j)
ESFGw (4.434627159991789e-18+3.957779571948862e-18j)
intensity 3.532993718827256e-35
data entry 62400 [2.30775833e-35 1.71934270e-35 3.33057005e-36 ... 2.26270420e-35
 2.22542475e-35 6.80687820e-36]
finishing 62400
disp entry 63200 (0.827611506022742+0.5613013407241861j)
starting: 63200
some stuff:
tdelaylist (1+0j)
ESFGt (6.01486468168227e-27-3.3864472217325846e-27j)
ESFGw (5.598108970003522e-18+6.750306131304148e-18j)
intensity 7.690545690635626e-35
data entry 63200 [1.08211882e-34 8.98360313e-35 3.09911490e-34 ... 2.17955360e-34
 1.81116477e-36 2.63707009e-34]
finishing 63200
disp entry 64000 (-0.5174348984669057+0.8557225752827508j)
starting: 64000
some stuff:
tdelaylist (1+0j)
ESFGt (9.505607921645637e-27+1.1761832057756635e-26j)
ESFGw (-6.1322908990162044e-18-5.9518385352822106e-18j)
intensity 7.302937362022728e-35
data entry 64000 [1.20744470e-35 2.85326477e-35 2.23189308e-37 ... 2.53524356e-35
 1.47591682e-35 1.38506934e-35]
finishing 64000
Running interfere() with b=8300.0, sigma_s=10.0, lossless
MID-level running in PID 91100 (name=__main__)
E1_shared element:  0j
E1 element:  (3.0408497129632443e-12-3.979539371706424e-12j)
this thing psm_5c441cea
ill try to just make an array with this now
testfreq element:  0.0
did it
disp entry 0 0j
starting: 0
some stuff:
tdelaylist (1+0j)
ESFGt 0j
ESFGw 0j
intensity 0.0
data entry 0 [0. 0. 0. ... 0. 0. 0.]
finishing 0
/project/6067427/ncosta/CPI_Project/two_interfaces/interfere_long_jul8.py:508: RuntimeWarning: invalid value encountered in divide
  data[:, lowplot:highplot].T / maxI,
disp entry 800 (-0.6702784303695339+0.7061470615786055j)
starting: 800
some stuff:
tdelaylist (1+0j)
ESFGt (-1.3491522535537848e-27-6.117940493119039e-28j)
ESFGw (2.1290053053846236e-12+5.005560202442361e-12j)
intensity 2.9588296530630675e-23
data entry 800 [1.45645982e-23 7.31935108e-24 3.84463572e-24 ... 4.87299586e-23
 3.66918937e-23 2.47790052e-23]
finishing 800
disp entry 1600 (-1.4103772890972963+0.07355673118727801j)
starting: 1600
some stuff:
tdelaylist (1+0j)
ESFGt (-6.4190925913816255e-28+2.568987992149203e-28j)
ESFGw (1.6558109050546221e-12+3.8563371246302935e-12j)
intensity 1.7613045772099644e-23
data entry 1600 [1.73894570e-23 8.72090540e-24 3.73394161e-24 ... 5.49891137e-23
 4.19733277e-23 2.89064471e-23]
finishing 1600
disp entry 2400 (-0.8171922232200672-0.698484928579196j)
starting: 2400
some stuff:
tdelaylist (1+0j)
ESFGt (-5.717014360288601e-28-1.155010432272316e-27j)
ESFGw (2.270187510200472e-12+2.6924521639992705e-12j)
intensity 1.2403049986894573e-23
data entry 2400 [1.34352478e-23 5.48170043e-24 9.60967099e-25 ... 4.77297458e-23
 3.59026683e-23 2.39848899e-23]
finishing 2400
disp entry 3200 (-0.015303467161998818-0.14631532628078148j)
starting: 3200
some stuff:
tdelaylist (1+0j)
ESFGt (-9.179019711960883e-28-1.9938997022365275e-27j)
ESFGw (6.097674448701795e-13-2.530267662059771e-13j)
intensity 4.358388812401616e-25
data entry 3200 [1.80030281e-24 8.05220261e-25 7.44693758e-25 ... 6.02147585e-24
 4.85299247e-24 3.30479925e-24]
finishing 3200
disp entry 4000 (-0.5249587431685409+0.6832438014692784j)
starting: 4000
some stuff:
tdelaylist (1+0j)
ESFGt (6.697836528595504e-28-1.4037429195118479e-28j)
ESFGw (2.617852115638364e-12-2.328545342655808e-13j)
intensity 6.907370933480298e-24
data entry 4000 [7.44298122e-24 8.42483319e-24 1.01409653e-23 ... 6.87365415e-24
 6.91358200e-24 7.01865375e-24]
finishing 4000
disp entry 4800 (-1.379936406870839+0.21748630945771263j)
starting: 4800
some stuff:
tdelaylist (1+0j)
ESFGt (-2.951724213183717e-28-1.1429329714823632e-27j)
ESFGw (2.647996405480413e-12+1.972953050932702e-13j)
intensity 7.050810400849033e-24
data entry 4800 [2.32319502e-24 2.69414597e-24 3.42135042e-24 ... 3.63276212e-24
 2.81031399e-24 2.36005506e-24]
finishing 4800
disp entry 5600 (-0.9593409961556534-0.6605890559182152j)
starting: 5600
some stuff:
tdelaylist (1+0j)
ESFGt (3.9136510038130164e-28+3.0502303614255625e-28j)
ESFGw (4.730301220168265e-12-3.2085263265702046e-12j)
intensity 3.267039082181946e-23
data entry 5600 [3.10949318e-24 1.44194490e-24 2.47600745e-24 ... 2.14531218e-23
 1.37847596e-23 7.39040941e-24]
finishing 5600
disp entry 6400 (-0.06055146202594164-0.28629743146791786j)
starting: 6400
some stuff:
tdelaylist (1+0j)
ESFGt (-2.0241114154470113e-27+2.3032479188734993e-27j)
ESFGw (-3.202368925592225e-13+7.3224412644457e-13j)
intensity 6.387331280685584e-25
data entry 6400 [1.35486021e-23 8.15357663e-24 4.86842202e-24 ... 3.54302034e-23
 2.80430561e-23 2.04476389e-23]
finishing 6400
disp entry 7200 (-0.3875232867304128+0.6307665099473859j)
starting: 7200
some stuff:
tdelaylist (1+0j)
ESFGt (3.043585199701607e-27-2.4393877839484458e-27j)
ESFGw (6.909212785233265e-12+1.4134630965667583e-12j)
intensity 4.973509923698691e-23
data entry 7200 [3.02389357e-24 6.98256934e-24 1.22476953e-23 ... 2.29866616e-24
 5.91074324e-25 8.20582384e-25]
finishing 7200
disp entry 8000 (-1.3203722681398942+0.3520020490165853j)
starting: 8000
some stuff:
tdelaylist (1+0j)
ESFGt (-3.522455943485578e-27+4.174519945107952e-28j)
ESFGw (6.122428952703984e-13+1.5296722222224446e-12j)
intensity 2.7147384702480323e-24
data entry 8000 [9.18989394e-24 9.56755504e-24 1.39887579e-23 ... 2.75600439e-23
 1.91445606e-23 1.26335498e-23]
finishing 8000
disp entry 8800 (-1.090571876267655-0.5940997566523968j)
starting: 8800
some stuff:
tdelaylist (1+0j)
ESFGt (-4.930014030535336e-27-3.751054559722644e-27j)
ESFGw (7.44079624304117e-12+2.4821767904970038e-12j)
intensity 6.152665034973761e-23
data entry 8800 [1.92774759e-23 1.86838909e-23 2.33336932e-23 ... 4.71461511e-23
 3.47347819e-23 2.49358234e-23]
finishing 8800
disp entry 9600 (-0.13378543682515542-0.4138872263064494j)
starting: 9600
some stuff:
tdelaylist (1+0j)
ESFGt (-4.4854862513479267e-29-2.8960916089694693e-28j)
ESFGw (5.709559561251076e-12+1.5109268003410392e-12j)
intensity 3.488197017946239e-23
data entry 9600 [4.08528066e-24 7.99009206e-24 1.24611642e-23 ... 7.35293687e-25
 1.61464182e-25 1.33732076e-24]
finishing 9600
disp entry 10400 (-0.26392091927700556+0.550986653017563j)
starting: 10400
some stuff:
tdelaylist (1+0j)
ESFGt (4.806440686067064e-28-5.283041124072366e-28j)
ESFGw (3.3774909952155596e-12-2.6501977695714274e-13j)
intensity 1.1477680904940605e-23
data entry 10400 [5.72341531e-25 6.59964388e-26 1.53754041e-24 ... 1.18083893e-23
 6.92417934e-24 2.97980065e-24]
finishing 10400
disp entry 11200 (-1.234263091259464+0.4712814708327783j)
starting: 11200
some stuff:
tdelaylist (1+0j)
ESFGt (-4.087634963474833e-27+1.7677591748377657e-27j)
ESFGw (3.3774944646625116e-12-2.6501023597802487e-13j)
intensity 1.1477699283999036e-23
data entry 11200 [5.72360423e-25 6.59858387e-26 1.53750639e-24 ... 1.18084441e-23
 6.92410119e-24 2.97978846e-24]
finishing 11200
disp entry 12000 (-1.2052045688173787-0.5018950029211999j)
starting: 12000
some stuff:
tdelaylist (1+0j)
ESFGt (2.021313355210698e-29+9.945459888687983e-28j)
ESFGw (3.3775048730033674e-12-2.650093686162869e-13j)
intensity 1.1477769132615896e-23
data entry 12000 [5.72365704e-25 6.59914754e-26 1.53751527e-24 ... 1.18084333e-23
 6.92404414e-24 2.97978922e-24]
finishing 12000
disp entry 12800 (-0.23183547788237924-0.5235620194929702j)
starting: 12800
some stuff:
tdelaylist (1+0j)
ESFGt (5.938906910652644e-28-9.869359163063206e-30j)
ESFGw (3.3774961993859876e-12-2.6501717487192877e-13j)
intensity 1.1477714679843889e-23
data entry 12800 [5.72368968e-25 6.59839369e-26 1.53753445e-24 ... 1.18084135e-23
 6.92403558e-24 2.97981015e-24]
finishing 12800
disp entry 13600 (-0.15950173734761208+0.44735748117378965j)
starting: 13600
some stuff:
tdelaylist (1+0j)
ESFGt (-2.7402822401804056e-28-5.994770160776376e-27j)
ESFGw (3.3775100771737954e-12-2.6500329708412096e-13j)
intensity 1.1477801068875993e-23
data entry 13600 [5.72370771e-25 6.59859216e-26 1.53752020e-24 ... 1.18086542e-23
 6.92417069e-24 2.97981962e-24]
finishing 13600
disp entry 14400 (-1.1253360897022464+0.5701615959519548j)
starting: 14400
some stuff:
tdelaylist (1+0j)
ESFGt (-6.26502833705551e-28-2.4109964134539392e-27j)
ESFGw (3.3774909952155596e-12-2.6499722555195504e-13j)
intensity 1.1477668952312425e-23
data entry 14400 [5.72398423e-25 6.59746874e-26 1.53748078e-24 ... 1.18085930e-23
 6.92416941e-24 2.97988597e-24]
finishing 14400
disp entry 15200 (-1.298277227326185-0.38796585366635294j)
starting: 15200
some stuff:
tdelaylist (1+0j)
ESFGt (1.1388311394285022e-27-4.073486942924833e-28j)
ESFGw (3.3774892604920836e-12-2.6501890959540475e-13j)
intensity 1.1477668727182498e-23
data entry 15200 [5.72359006e-25 6.59879273e-26 1.53754313e-24 ... 1.18085485e-23
 6.92407929e-24 2.97981018e-24]
finishing 15200
disp entry 16000 (-0.3504575145042657-0.610574565941778j)
starting: 16000
some stuff:
tdelaylist (1+0j)
ESFGt (2.8770494483467136e-27+4.6696037629983515e-27j)
ESFGw (3.3774961993859876e-12-2.6501977695714274e-13j)
intensity 1.1477716059045207e-23
data entry 16000 [5.72356838e-25 6.59886244e-26 1.53754902e-24 ... 1.18085500e-23
 6.92410709e-24 2.97985251e-24]
finishing 16000
disp entry 16800 (-0.07878549825260006+0.32436455634399736j)
starting: 16800
some stuff:
tdelaylist (1+0j)
ESFGt (1.2906693332071547e-27-4.5820825707206465e-27j)
ESFGw (3.3774961993859876e-12-2.650067665310729e-13j)
intensity 1.1477709163174045e-23
data entry 16800 [5.72372403e-25 6.59868503e-26 1.53752637e-24 ... 1.18084212e-23
 6.92412533e-24 2.97984234e-24]
finishing 16800
disp entry 17600 (-0.9983061405864847+0.6443624237066172j)
starting: 17600
some stuff:
tdelaylist (1+0j)
ESFGt (1.9411579316581835e-27+2.3975679556900326e-27j)
ESFGw (3.3775014035564155e-12-2.6501197070150084e-13j)
intensity 1.1477747075640647e-23
data entry 17600 [5.72378951e-25 6.59825635e-26 1.53751576e-24 ... 1.18084472e-23
 6.92406640e-24 2.97983381e-24]
finishing 17600
disp entry 18400 (-1.3657612258182912-0.25724370267675967j)
starting: 18400
some stuff:
tdelaylist (1+0j)
ESFGt (2.082131675511169e-27-1.0065724482502532e-27j)
ESFGw (3.3774944646625116e-12-2.6501283806323883e-13j)
intensity 1.147770066316424e-23
data entry 18400 [5.72385971e-25 6.59862391e-26 1.53752958e-24 ... 1.18084439e-23
 6.92406313e-24 2.97981024e-24]
finishing 18400
disp entry 19200 (-0.4845170224847649-0.6711585500618182j)
starting: 19200
some stuff:
tdelaylist (1+0j)
ESFGt (-5.748130662481421e-27+9.980268913284759e-27j)
ESFGw (3.3775066077268434e-12-2.650137054249768e-13j)
intensity 1.1477783149301566e-23
data entry 19200 [5.72374893e-25 6.59866188e-26 1.53753004e-24 ... 1.18084475e-23
 6.92412903e-24 2.97987447e-24]
finishing 19200
disp entry 20000 (-0.025265983546031823+0.1873315955009868j)
starting: 20000
some stuff:
tdelaylist (1+0j)
ESFGt (-1.468263966895714e-27+7.613854569790162e-28j)
ESFGw (3.377475382704276e-12-2.650076338928109e-13j)
intensity 1.147756900679486e-23
data entry 20000 [5.72362055e-25 6.59876542e-26 1.53753004e-24 ... 1.18084704e-23
 6.92413907e-24 2.97983287e-24]
finishing 20000
disp entry 20800 (-0.8586717024381213+0.6906721904391432j)
starting: 20800
some stuff:
tdelaylist (1+0j)
ESFGt (-6.159776661313166e-27+6.515033537859129e-27j)
ESFGw (3.3774927299390356e-12-2.65001562360645e-13j)
intensity 1.1477682968844624e-23
data entry 20800 [5.72382108e-25 6.59811519e-26 1.53748522e-24 ... 1.18085164e-23
 6.92412767e-24 2.97985008e-24]
finishing 20800
disp entry 21600 (-1.4047355368552399-0.11538682448248495j)
starting: 21600
some stuff:
tdelaylist (1+0j)
ESFGt (1.2192087250186329e-27-1.106042611697965e-26j)
ESFGw (3.3774857910451317e-12-2.6500329708412096e-13j)
intensity 1.1477637016177211e-23
data entry 21600 [5.72385284e-25 6.59796710e-26 1.53749384e-24 ... 1.18086235e-23
 6.92418174e-24 2.97981121e-24]
finishing 21600
disp entry 22400 (-0.6282112706587416-0.702691609753921j)
starting: 22400
some stuff:
tdelaylist (1+0j)
ESFGt (-8.652210718153542e-27+3.6454320472979826e-27j)
ESFGw (3.3774927299390356e-12-2.6501283806323883e-13j)
intensity 1.1477688945129373e-23
data entry 22400 [5.72368130e-25 6.59868949e-26 1.53748373e-24 ... 1.18084004e-23
 6.92408570e-24 2.97979684e-24]
finishing 22400
disp entry 23200 (-0.0012597715938015286+0.042190034948763534j)
starting: 23200
some stuff:
tdelaylist (1+0j)
ESFGt (3.438917630756595e-28-3.2138285618017058e-27j)
ESFGw (3.3775014035564155e-12-2.6500503180759694e-13j)
intensity 1.1477743397908903e-23
data entry 23200 [5.72364330e-25 6.59842959e-26 1.53751848e-24 ... 1.18084767e-23
 6.92406935e-24 2.97985366e-24]
finishing 23200
disp entry 24000 (-0.7124768158341731+0.7070863898618635j)
starting: 24000
some stuff:
tdelaylist (1+0j)
ESFGt (-6.065872632511626e-27+7.261237185875354e-27j)
ESFGw (3.3774944646625116e-12-2.650241137658327e-13j)
intensity 1.1477706639703272e-23
data entry 24000 [5.72402331e-25 6.59798194e-26 1.53748078e-24 ... 1.18084680e-23
 6.92415150e-24 2.97984149e-24]
finishing 24000
disp entry 24800 (-1.4135131674538335+0.031464542596288704j)
starting: 24800
some stuff:
tdelaylist (1+0j)
ESFGt (-1.6578285373072842e-27+6.3339544981734895e-27j)
ESFGw (3.3774927299390356e-12-2.6499722555195504e-13j)
intensity 1.1477680670341269e-23
data entry 24800 [5.72381162e-25 6.59778971e-26 1.53751109e-24 ... 1.18085265e-23
 6.92408867e-24 2.97986899e-24]
finishing 24800
disp entry 25600 (-0.775320490621176-0.7038088446767119j)
starting: 25600
some stuff:
tdelaylist (1+0j)
ESFGt (9.31190423633151e-27+3.6455172008610725e-27j)
ESFGw (3.3774840563216557e-12-2.6500242972238297e-13j)
intensity 1.1477624838465752e-23
data entry 25600 [5.72383652e-25 6.59795645e-26 1.53752365e-24 ... 1.18085976e-23
 6.92417506e-24 2.97985756e-24]
finishing 25600
disp entry 26400 (-0.00780596507762632-0.10477771036531015j)
starting: 26400
some stuff:
tdelaylist (1+0j)
ESFGt (-7.168869547750565e-27+2.0012142201603384e-27j)
ESFGw (3.3774996688329395e-12-2.650067665310729e-13j)
intensity 1.1477732599273874e-23
data entry 26400 [5.72382278e-25 6.59893007e-26 1.53750838e-24 ... 1.18085432e-23
 6.92407792e-24 2.97979016e-24]
finishing 26400
disp entry 27200 (-0.5660494886679923+0.6928945375938064j)
starting: 27200
some stuff:
tdelaylist (1+0j)
ESFGt (4.768257304313937e-29-5.046852659041871e-28j)
ESFGw (3.3774961993859876e-12-2.649946234667411e-13j)
intensity 1.1477702727333073e-23
data entry 27200 [5.72355098e-25 6.59825635e-26 1.53749360e-24 ... 1.18086151e-23
 6.92403624e-24 2.97980813e-24]
finishing 27200
disp entry 28000 (-1.3917141801415442+0.17695397507847538j)
starting: 28000
some stuff:
tdelaylist (1+0j)
ESFGt (7.616271718699295e-27+1.925071646184356e-27j)
ESFGw (3.3774996688329395e-12-2.650076338928109e-13j)
intensity 1.1477733058988084e-23
data entry 28000 [5.72385864e-25 6.59842544e-26 1.53748694e-24 ... 1.18086322e-23
 6.92406282e-24 2.97983777e-24]
finishing 28000
disp entry 28800 (-0.919477097795551-0.6744618956052235j)
starting: 28800
some stuff:
tdelaylist (1+0j)
ESFGt (6.0757046553409996e-27+7.449885171243679e-28j)
ESFGw (3.3774857910451317e-12-2.6500416444585895e-13j)
intensity 1.1477637475885408e-23
data entry 28800 [5.72365962e-25 6.59840440e-26 1.53753965e-24 ... 1.18085108e-23
 6.92402910e-24 2.97980168e-24]
finishing 28800
disp entry 29600 (-0.044621213703940676-0.2472101795583027j)
starting: 29600
some stuff:
tdelaylist (1+0j)
ESFGt (6.871941329076585e-28+2.8016783251701814e-27j)
ESFGw (3.3774892604920836e-12-2.650093686162869e-13j)
intensity 1.1477663670193764e-23
data entry 29600 [5.72376524e-25 6.59865566e-26 1.53751010e-24 ... 1.18085020e-23
 6.92408669e-24 2.97983835e-24]
finishing 29600
disp entry 30400 (-0.4257277899626103+0.6487109242935558j)
starting: 30400
some stuff:
tdelaylist (1+0j)
ESFGt (-4.321745379435673e-27+4.100950136309083e-27j)
ESFGw (3.3775048730033674e-12-2.650085012545489e-13j)
intensity 1.1477768672898677e-23
data entry 30400 [5.72369032e-25 6.59828393e-26 1.53747512e-24 ... 1.18085407e-23
 6.92412136e-24 2.97987263e-24]
finishing 30400
disp entry 31200 (-1.3402821384518442+0.3147840004701061j)
starting: 31200
some stuff:
tdelaylist (1+0j)
ESFGt (-1.8923557154802927e-27-2.923489459537983e-27j)
ESFGw (3.3775083424503194e-12-2.65001562360645e-13j)
intensity 1.1477788431375088e-23
data entry 31200 [5.72371243e-25 6.59825427e-26 1.53756996e-24 ... 1.18085083e-23
 6.92407663e-24 2.97985360e-24]
finishing 31200
disp entry 32000 (-1.0544413106869608-0.6159210376474621j)
starting: 32000
some stuff:
tdelaylist (1+0j)
ESFGt (1.6651857227043802e-26-2.0304577683877787e-28j)
ESFGw (3.3775014035564155e-12-2.650215116806187e-13j)
intensity 1.1477752132679037e-23
data entry 32000 [5.72359415e-25 6.59846134e-26 1.53750222e-24 ... 1.18085760e-23
 6.92407990e-24 2.97981853e-24]
finishing 32000
disp entry 32800 (-0.1101119789481434-0.3789422200023755j)
starting: 32800
some stuff:
tdelaylist (1+0j)
ESFGt (3.4389373437028186e-27+4.983035079387368e-27j)
ESFGw (3.3774979341094635e-12-2.6500242972238297e-13j)
intensity 1.147771858267246e-23
data entry 32800 [5.72359308e-25 6.59882030e-26 1.53751355e-24 ... 1.18085126e-23
 6.92403789e-24 2.97981584e-24]
finishing 32800
disp entry 33600 (-0.29758550819068247+0.5764480262468128j)
starting: 33600
some stuff:
tdelaylist (1+0j)
ESFGt (-8.625772219181627e-27-2.8713947923931565e-28j)
ESFGw (3.3775014035564155e-12-2.650163075101908e-13j)
intensity 1.1477749374271894e-23
data entry 33600 [5.72373777e-25 6.59852900e-26 1.53751921e-24 ... 1.18084360e-23
 6.92408104e-24 2.97984152e-24]
finishing 33600
disp entry 34400 (-1.2614432650204457+0.438988681734131j)
starting: 34400
some stuff:
tdelaylist (1+0j)
ESFGt (2.9275383428123846e-27+1.2229939405843259e-27j)
ESFGw (3.3775014035564155e-12-2.6500503180759694e-13j)
intensity 1.1477743397908903e-23
data entry 34400 [5.72358942e-25 6.59803889e-26 1.53751477e-24 ... 1.18085140e-23
 6.92408757e-24 2.97978843e-24]
finishing 34400
disp entry 35200 (-1.1743712382119784-0.5307201967145486j)
starting: 35200
some stuff:
tdelaylist (1+0j)
ESFGt (-5.239323945240539e-27+1.1734597837588673e-27j)
ESFGw (3.3775135466207473e-12-2.650067665310729e-13j)
intensity 1.1477826343913912e-23
data entry 35200 [5.72362742e-25 6.59812137e-26 1.53751749e-24 ... 1.18084009e-23
 6.92403722e-24 2.97977887e-24]
finishing 35200
disp entry 36000 (-0.20144350995790716-0.49427184436335275j)
starting: 36000
some stuff:
tdelaylist (1+0j)
ESFGt (5.53070628764395e-27-5.0282910788778674e-27j)
ESFGw (3.3774909952155596e-12-2.6499549082847906e-13j)
intensity 1.1477668032921615e-23
data entry 36000 [5.72362849e-25 6.59780661e-26 1.53745813e-24 ... 1.18084943e-23
 6.92410254e-24 2.97976843e-24]
finishing 36000
disp entry 36800 (-0.18716924890978004+0.47923372432451505j)
starting: 36800
some stuff:
tdelaylist (1+0j)
ESFGt (1.485302060264058e-26-1.1682840664464002e-26j)
ESFGw (3.3774961993859876e-12-2.6500416444585895e-13j)
intensity 1.1477707784040437e-23
data entry 36800 [5.72374464e-25 6.59824804e-26 1.53750467e-24 ... 1.18084884e-23
 6.92410624e-24 2.97982903e-24]
finishing 36800
disp entry 37600 (-1.158610080113721+0.5441918513335894j)
starting: 37600
some stuff:
tdelaylist (1+0j)
ESFGt (3.723472809551673e-27-5.23245765929942e-27j)
ESFGw (3.3775048730033674e-12-2.6501283806323883e-13j)
intensity 1.1477770971499824e-23
data entry 37600 [5.72391038e-25 6.59816141e-26 1.53748151e-24 ... 1.18085343e-23
 6.92411784e-24 2.97992094e-24]
finishing 37600
disp entry 38400 (-1.2740757444447257-0.4225472691923903j)
starting: 38400
some stuff:
tdelaylist (1+0j)
ESFGt (1.1176528767908898e-26-8.92966172706208e-27j)
ESFGw (3.3774996688329395e-12-2.6499809291369303e-13j)
intensity 1.1477728002214512e-23
data entry 38400 [5.72376267e-25 6.59880111e-26 1.53756701e-24 ... 1.18084897e-23
 6.92398159e-24 2.97982809e-24]
finishing 38400
disp entry 39200 (-0.31466254501137464-0.5882070396492082j)
starting: 39200
some stuff:
tdelaylist (1+0j)
ESFGt (-6.539650192867722e-27+2.147157265044408e-26j)
ESFGw (3.3775031382798915e-12-2.650076338928109e-13j)
intensity 1.1477756495111985e-23
data entry 39200 [5.72373090e-25 6.59841060e-26 1.53751504e-24 ... 1.18084464e-23
 6.92406285e-24 2.97977705e-24]
finishing 39200
disp entry 40000 (-0.09925835137391259+0.3612759144674805j)
starting: 40000
some stuff:
tdelaylist (1+0j)
ESFGt (2.8973280898480032e-28+7.540950604249791e-27j)
ESFGw (3.3774961993859876e-12-2.6500242972238297e-13j)
intensity 1.1477706864625559e-23
data entry 40000 [5.72387925e-25 6.59801783e-26 1.53748473e-24 ... 1.18085662e-23
 6.92408406e-24 2.97985342e-24]
finishing 40000
disp entry 40800 (-1.0362336915707093+0.625839817254364j)
starting: 40800
some stuff:
tdelaylist (1+0j)
ESFGt (-1.5232337307223127e-27+1.3132152580560391e-27j)
ESFGw (3.3775048730033674e-12-2.6501110333976285e-13j)
intensity 1.147777005205485e-23
data entry 40800 [5.72357417e-25 6.59937153e-26 1.53752905e-24 ... 1.18084970e-23
 6.92398189e-24 2.97982431e-24]
finishing 40800
disp entry 41600 (-1.3492391455942085-0.2960844922994561j)
starting: 41600
some stuff:
tdelaylist (1+0j)
ESFGt (-1.311260910263006e-26+1.535274484227921e-26j)
ESFGw (3.3774909952155596e-12-2.6500329708412096e-13j)
intensity 1.1477672170227645e-23
data entry 41600 [5.72371930e-25 6.59855835e-26 1.53753524e-24 ... 1.18084690e-23
 6.92402728e-24 2.97983572e-24]
finishing 41600
disp entry 42400 (-0.44486842742937927-0.6566818452026295j)
starting: 42400
some stuff:
tdelaylist (1+0j)
ESFGt (-1.1227677093264364e-27+9.716975523354811e-29j)
ESFGw (3.3774996688329395e-12-2.650085012545489e-13j)
intensity 1.1477733518703797e-23
data entry 42400 [5.72370664e-25 6.59848655e-26 1.53749311e-24 ... 1.18086417e-23
 6.92410960e-24 2.97982897e-24]
finishing 42400
disp entry 43200 (-0.03765801606883268+0.22768036999786936j)
starting: 43200
some stuff:
tdelaylist (1+0j)
ESFGt (-1.2452885323277842e-27-3.1260227351338136e-27j)
ESFGw (3.3774996688329395e-12-2.650137054249768e-13j)
intensity 1.1477736277029694e-23
data entry 43200 [5.72354928e-25 6.59823528e-26 1.53752365e-24 ... 1.18085476e-23
 6.92405914e-24 2.97977518e-24]
finishing 43200
disp entry 44000 (-0.8996111297503259+0.6803984683874849j)
starting: 44000
some stuff:
tdelaylist (1+0j)
ESFGt (2.1088472601306688e-27+1.5046790862382894e-26j)
ESFGw (3.3774823215981797e-12-2.650076338928109e-13j)
intensity 1.1477615878729696e-23
data entry 44000 [5.72365597e-25 6.59864497e-26 1.53750642e-24 ... 1.18084610e-23
 6.92412515e-24 2.97978180e-24]
finishing 44000
disp entry 44800 (-1.3966080132621155-0.15680577465856738j)
starting: 44800
some stuff:
tdelaylist (1+0j)
ESFGt (-9.30995319557084e-27+1.2805701140419181e-26j)
ESFGw (3.3774892604920836e-12-2.650163075101908e-13j)
intensity 1.1477667347985697e-23
data entry 44800 [5.72352930e-25 6.59946439e-26 1.53750788e-24 ... 1.18085638e-23
 6.92409906e-24 2.97979866e-24]
finishing 44800
disp entry 45600 (-0.586425229233567-0.6967323467575048j)
starting: 45600
some stuff:
tdelaylist (1+0j)
ESFGt (-6.686975957613115e-27-9.766327496987644e-28j)
ESFGw (3.3774961993859876e-12-2.650085012545489e-13j)
intensity 1.1477710082603974e-23
data entry 45600 [5.72368237e-25 6.59873575e-26 1.53750049e-24 ... 1.18085913e-23
 6.92414143e-24 2.97982038e-24]
finishing 45600
disp entry 46400 (-0.005034597592151413+0.0842297395401212j)
starting: 46400
some stuff:
tdelaylist (1+0j)
ESFGt (-9.544113264413058e-27+5.6317285226749734e-27j)
ESFGw (3.3774961993859876e-12-2.6500416444585895e-13j)
intensity 1.1477707784040437e-23
data entry 46400 [5.72387925e-25 6.59837264e-26 1.53749605e-24 ... 1.18085107e-23
 6.92417084e-24 2.97986585e-24]
finishing 46400
disp entry 47200 (-0.7546560669409282+0.7055062476153193j)
starting: 47200
some stuff:
tdelaylist (1+0j)
ESFGt (7.023912311211005e-27+7.134122665239468e-27j)
ESFGw (3.3775031382798915e-12-2.65000694998907e-13j)
intensity 1.147775281744042e-23
data entry 47200 [5.72359478e-25 6.59822463e-26 1.53753130e-24 ... 1.18084918e-23
 6.92410228e-24 2.97985477e-24]
finishing 47200
disp entry 48000 (-1.4141319982504363-0.010739759576484695j)
starting: 48000
some stuff:
tdelaylist (1+0j)
ESFGt (3.858109131964008e-27-1.879540585529662e-27j)
ESFGw (3.3774944646625116e-12-2.6501890959540475e-13j)
intensity 1.1477703881269043e-23
data entry 48000 [5.72370985e-25 6.59818247e-26 1.53751527e-24 ... 1.18084613e-23
 6.92399132e-24 2.97982156e-24]
finishing 48000
disp entry 48800 (-0.7332057008327911-0.706624968702139j)
starting: 48800
some stuff:
tdelaylist (1+0j)
ESFGt (1.3186386118545296e-26-1.1849865929658555e-27j)
ESFGw (3.3774944646625116e-12-2.6501890959540475e-13j)
intensity 1.1477703881269043e-23
data entry 48800 [5.72395052e-25 6.59761440e-26 1.53749138e-24 ... 1.18085199e-23
 6.92414807e-24 2.97984023e-24]
finishing 48800
disp entry 49600 (-0.002800192183512573-0.06286675343064933j)
starting: 49600
some stuff:
tdelaylist (1+0j)
ESFGt (-5.229424765384468e-29-7.228930074050914e-27j)
ESFGw (3.3775014035564155e-12-2.65001562360645e-13j)
intensity 1.1477741559079141e-23
data entry 49600 [5.72376997e-25 6.59841893e-26 1.53751282e-24 ... 1.18084816e-23
 6.92406255e-24 2.97978916e-24]
finishing 49600
disp entry 50400 (-0.6076428455832625+0.7000763712012466j)
starting: 50400
some stuff:
tdelaylist (1+0j)
ESFGt (6.664307011355926e-27-2.50619482478839e-27j)
ESFGw (3.3774944646625116e-12-2.650067665310729e-13j)
intensity 1.1477697445133159e-23
data entry 50400 [5.72367078e-25 6.59927214e-26 1.53752292e-24 ... 1.18086432e-23
 6.92411906e-24 2.97986685e-24]
finishing 50400
disp entry 51200 (-1.4010525793967363+0.1357911232239565j)
starting: 51200
some stuff:
tdelaylist (1+0j)
ESFGt (-2.094418402657896e-26-2.2934920350513696e-26j)
ESFGw (3.3775118118972713e-12-2.650067665310729e-13j)
intensity 1.1477814625812843e-23
data entry 51200 [5.72386400e-25 6.59751532e-26 1.53748128e-24 ... 1.18085884e-23
 6.92408011e-24 2.97989931e-24]
finishing 51200
disp entry 52000 (-0.8788564874384709-0.685931511451674j)
starting: 52000
some stuff:
tdelaylist (1+0j)
ESFGt (1.277549411677288e-27+5.217367593438931e-27j)
ESFGw (3.3774927299390356e-12-2.64998960275431e-13j)
intensity 1.1477681589738097e-23
data entry 52000 [5.72355142e-25 6.59855004e-26 1.53751378e-24 ... 1.18086161e-23
 6.92413302e-24 2.97981314e-24]
finishing 52000
disp entry 52800 (-0.031051515503711546-0.20724207522245586j)
starting: 52800
some stuff:
tdelaylist (1+0j)
ESFGt (-2.9873109869727143e-27+1.6441727405910246e-26j)
ESFGw (3.3774979341094635e-12-2.650154401484528e-13j)
intensity 1.1477725478430772e-23
data entry 52800 [5.72379423e-25 6.59822906e-26 1.53746256e-24 ... 1.18084819e-23
 6.92416039e-24 2.97985381e-24]
finishing 52800
disp entry 53600 (-0.4649348949790575+0.6643438699428982j)
starting: 53600
some stuff:
tdelaylist (1+0j)
ESFGt (-1.0327858579214998e-27+8.69404361301908e-27j)
ESFGw (3.3774857910451317e-12-2.65001562360645e-13j)
intensity 1.1477636096765343e-23
data entry 53600 [5.72375623e-25 6.59898288e-26 1.53752415e-24 ... 1.18084859e-23
 6.92414532e-24 2.97978002e-24]
finishing 53600
disp entry 54400 (-1.3579358959666799+0.27644432234088145j)
starting: 54400
some stuff:
tdelaylist (1+0j)
ESFGt (-1.359434852884631e-26+2.2402226378715517e-26j)
ESFGw (3.3774805868747038e-12-2.649928887432651e-13j)
intensity 1.1477596345799994e-23
data entry 54400 [5.72374098e-25 6.59805996e-26 1.53748178e-24 ... 1.18086400e-23
 6.92403455e-24 2.97985451e-24]
finishing 54400
disp entry 55200 (-1.0170731323851057-0.6355476859564921j)
starting: 55200
some stuff:
tdelaylist (1+0j)
ESFGt (-7.263004517369612e-27+7.613320294254098e-27j)
ESFGw (3.3774979341094635e-12-2.6501977695714274e-13j)
intensity 1.1477727777092109e-23
data entry 55200 [5.72399797e-25 6.59908849e-26 1.53751305e-24 ... 1.18086421e-23
 6.92412559e-24 2.97980092e-24]
finishing 55200
disp entry 56000 (-0.08856571632230703-0.3426469773347072j)
starting: 56000
some stuff:
tdelaylist (1+0j)
ESFGt (-4.298300815298579e-27-9.173971845062746e-27j)
ESFGw (3.3775031382798915e-12-2.650154401484528e-13j)
intensity 1.1477760632607591e-23
data entry 56000 [5.72357568e-25 6.59757434e-26 1.53750987e-24 ... 1.18084347e-23
 6.92409853e-24 2.97987928e-24]
finishing 56000
disp entry 56800 (-0.33270929189785803+0.599855415924809j)
starting: 56800
some stuff:
tdelaylist (1+0j)
ESFGt (-4.944050533723025e-27-9.808975173819432e-27j)
ESFGw (3.3774996688329395e-12-2.650085012545489e-13j)
intensity 1.1477733518703797e-23
data entry 56800 [5.72380003e-25 6.59913063e-26 1.53752709e-24 ... 1.18084375e-23
 6.92402507e-24 2.97980746e-24]
finishing 56800
disp entry 57600 (-1.2866482424622117+0.4051317003919436j)
starting: 57600
some stuff:
tdelaylist (1+0j)
ESFGt (2.376447483815362e-27-1.293779004921193e-26j)
ESFGw (3.3774823215981797e-12-2.650163075101908e-13j)
intensity 1.1477620475954566e-23
data entry 57600 [5.72374571e-25 6.59794604e-26 1.53751626e-24 ... 1.18084024e-23
 6.92408767e-24 2.97984694e-24]
finishing 57600
disp entry 58400 (-1.1418729639080647-0.557654343085177j)
starting: 58400
some stuff:
tdelaylist (1+0j)
ESFGt (-9.290695610656008e-27-4.8926032822230155e-28j)
ESFGw (3.3774979341094635e-12-2.6501804223366676e-13j)
intensity 1.1477726857623058e-23
data entry 58400 [5.72356258e-25 6.59877582e-26 1.53748622e-24 ... 1.18084613e-23
 6.92392540e-24 2.97986022e-24]
finishing 58400
disp entry 59200 (-0.17285330731717474-0.46322049356489764j)
starting: 59200
some stuff:
tdelaylist (1+0j)
ESFGt (3.8329651144546085e-27-7.294218305471856e-27j)
ESFGw (3.3775048730033674e-12-2.65001562360645e-13j)
intensity 1.1477764995215076e-23
data entry 59200 [5.72371307e-25 6.59846965e-26 1.53752882e-24 ... 1.18084669e-23
 6.92416101e-24 2.97983284e-24]
finishing 59200
disp entry 60000 (-0.21668938740505933+0.5094023752168543j)
starting: 60000
some stuff:
tdelaylist (1+0j)
ESFGt (8.985802467955771e-27-1.2298173616067248e-26j)
ESFGw (3.3774892604920836e-12-2.6501110333976285e-13j)
intensity 1.1477664589632723e-23
data entry 60000 [5.72357052e-25 6.59887934e-26 1.53749360e-24 ... 1.18084696e-23
 6.92409850e-24 2.97981845e-24]
finishing 60000
disp entry 60800 (-1.190275286546228+0.5162830574679864j)
starting: 60800
some stuff:
tdelaylist (1+0j)
ESFGt (2.5712863136634107e-26+4.708479889339255e-27j)
ESFGw (3.3774892604920836e-12-2.6500329708412096e-13j)
intensity 1.1477660452204815e-23
data entry 60800 [5.72389878e-25 6.59894283e-26 1.53753892e-24 ... 1.18085408e-23
 6.92408630e-24 2.97981974e-24]
finishing 60800
disp entry 61600 (-1.24785405354522-0.4556230760581113j)
starting: 61600
some stuff:
tdelaylist (1+0j)
ESFGt (2.0019886991836997e-26-1.2699459216198642e-26j)
ESFGw (3.3774857910451317e-12-2.65001562360645e-13j)
intensity 1.1477636096765343e-23
data entry 61600 [5.72386185e-25 6.59850346e-26 1.53751971e-24 ... 1.18085305e-23
 6.92412859e-24 2.97984207e-24]
finishing 61600
disp entry 62400 (-0.28026592189001315-0.563743630416341j)
starting: 62400
some stuff:
tdelaylist (1+0j)
ESFGt (-1.2228158414164249e-26-2.144915644337164e-26j)
ESFGw (3.3774996688329395e-12-2.64998960275431e-13j)
intensity 1.1477728461913678e-23
data entry 62400 [5.72369611e-25 6.59823320e-26 1.53754114e-24 ... 1.18084318e-23
 6.92408818e-24 2.97986289e-24]
finishing 62400
disp entry 63200 (-0.12189707308985542+0.3968999843151728j)
starting: 63200
some stuff:
tdelaylist (1+0j)
ESFGt (3.74923135519514e-27-2.7421250824224948e-27j)
ESFGw (3.3774857910451317e-12-2.6500416444585895e-13j)
intensity 1.1477637475885408e-23
data entry 63200 [5.72365597e-25 6.59859216e-26 1.53753153e-24 ... 1.18085250e-23
 6.92402329e-24 2.97982241e-24]
finishing 63200
disp entry 64000 (-1.072988506715069+0.605087235796849j)
starting: 64000
some stuff:
tdelaylist (1+0j)
ESFGt (6.217569955799592e-27+7.969321093966843e-27j)
ESFGw (3.3774961993859876e-12-2.650232464040947e-13j)
intensity 1.1477717898001356e-23
data entry 64000 [5.72370878e-25 6.59848864e-26 1.53749655e-24 ... 1.18084816e-23
 6.92411706e-24 2.97987647e-24]
finishing 64000
/cvmfs/soft.computecanada.ca/easybuild/software/2023/x86-64-v3/Compiler/gcccore/python/3.11.5/bin/python: can't open file '/project/6067427/ncosta/CPI_Project/two_interfaces/interfere_long._jul8py': [Errno 2] No such file or directory
srun: error: gra61: task 0: Exited with exit code 2
srun: Terminating StepId=29309818.1
/cvmfs/soft.computecanada.ca/easybuild/software/2023/x86-64-v3/Compiler/gcccore/python/3.11.5/bin/python: can't open file '/project/6067427/ncosta/CPI_Project/two_interfaces/interfere_long._jul8py': [Errno 2] No such file or directory
srun: error: gra61: task 0: Exited with exit code 2
srun: Terminating StepId=29309818.2
/cvmfs/soft.computecanada.ca/easybuild/software/2023/x86-64-v3/Compiler/gcccore/python/3.11.5/bin/python: can't open file '/project/6067427/ncosta/CPI_Project/two_interfaces/interfere_long._jul8py': [Errno 2] No such file or directory
srun: error: gra61: task 0: Exited with exit code 2
srun: Terminating StepId=29309818.3
