Top-level running in PID 1216949 (name=__main__)
MID-level running in PID 1216949 (name=__main__)
/lustre06/project/6067427/ncosta/CPI_Project/two_interfaces/interfaces_jul23.py:556: RuntimeWarning: divide by zero encountered in divide
  waveList = 2 * np.pi * c / freqList * 1e-6
starting: L: 10, D: 0
finishing: L: 10, D: 0
starting: L: 10, D: 500
finishing: L: 10, D: 500
starting: L: 10, D: 1000
finishing: L: 10, D: 1000
starting: L: 10, D: 1500
finishing: L: 10, D: 1500
starting: L: 10, D: 2000
finishing: L: 10, D: 2000
starting: L: 10, D: 2500
finishing: L: 10, D: 2500
starting: L: 10, D: 3000
finishing: L: 10, D: 3000
starting: L: 10, D: 3500
finishing: L: 10, D: 3500
starting: L: 10, D: 4000
finishing: L: 10, D: 4000
starting: L: 10, D: 4500
finishing: L: 10, D: 4500
starting: L: 10, D: 5000
finishing: L: 10, D: 5000
starting: L: 10, D: 5500
finishing: L: 10, D: 5500
starting: L: 10, D: 6000
finishing: L: 10, D: 6000
starting: L: 10, D: 6500
finishing: L: 10, D: 6500
starting: L: 10, D: 7000
finishing: L: 10, D: 7000
starting: L: 10, D: 7500
finishing: L: 10, D: 7500
starting: L: 10, D: 8000
finishing: L: 10, D: 8000
starting: L: 10, D: 8500
finishing: L: 10, D: 8500
starting: L: 10, D: 9000
finishing: L: 10, D: 9000
starting: L: 10, D: 9500
finishing: L: 10, D: 9500
starting: L: 10, D: 10000
finishing: L: 10, D: 10000
MID-level running in PID 1216949 (name=__main__)
/lustre06/project/6067427/ncosta/CPI_Project/two_interfaces/interfaces_jul23.py:556: RuntimeWarning: divide by zero encountered in divide
  waveList = 2 * np.pi * c / freqList * 1e-6
starting: L: 10, D: 0
finishing: L: 10, D: 0
starting: L: 10, D: 500
finishing: L: 10, D: 500
starting: L: 10, D: 1000
finishing: L: 10, D: 1000
starting: L: 10, D: 1500
finishing: L: 10, D: 1500
starting: L: 10, D: 2000
finishing: L: 10, D: 2000
starting: L: 10, D: 2500
finishing: L: 10, D: 2500
starting: L: 10, D: 3000
finishing: L: 10, D: 3000
starting: L: 10, D: 3500
finishing: L: 10, D: 3500
starting: L: 10, D: 4000
finishing: L: 10, D: 4000
starting: L: 10, D: 4500
finishing: L: 10, D: 4500
starting: L: 10, D: 5000
finishing: L: 10, D: 5000
starting: L: 10, D: 5500
finishing: L: 10, D: 5500
starting: L: 10, D: 6000
finishing: L: 10, D: 6000
starting: L: 10, D: 6500
finishing: L: 10, D: 6500
starting: L: 10, D: 7000
finishing: L: 10, D: 7000
starting: L: 10, D: 7500
finishing: L: 10, D: 7500
starting: L: 10, D: 8000
finishing: L: 10, D: 8000
starting: L: 10, D: 8500
finishing: L: 10, D: 8500
starting: L: 10, D: 9000
finishing: L: 10, D: 9000
starting: L: 10, D: 9500
finishing: L: 10, D: 9500
starting: L: 10, D: 10000
finishing: L: 10, D: 10000
MID-level running in PID 1216949 (name=__main__)
/lustre06/project/6067427/ncosta/CPI_Project/two_interfaces/interfaces_jul23.py:556: RuntimeWarning: divide by zero encountered in divide
  waveList = 2 * np.pi * c / freqList * 1e-6
starting: L: 10, D: 0
finishing: L: 10, D: 0
starting: L: 10, D: 500
finishing: L: 10, D: 500
starting: L: 10, D: 1000
finishing: L: 10, D: 1000
starting: L: 10, D: 1500
finishing: L: 10, D: 1500
starting: L: 10, D: 2000
finishing: L: 10, D: 2000
starting: L: 10, D: 2500
finishing: L: 10, D: 2500
starting: L: 10, D: 3000
finishing: L: 10, D: 3000
starting: L: 10, D: 3500
finishing: L: 10, D: 3500
starting: L: 10, D: 4000
finishing: L: 10, D: 4000
starting: L: 10, D: 4500
finishing: L: 10, D: 4500
starting: L: 10, D: 5000
finishing: L: 10, D: 5000
starting: L: 10, D: 5500
finishing: L: 10, D: 5500
starting: L: 10, D: 6000
finishing: L: 10, D: 6000
starting: L: 10, D: 6500
finishing: L: 10, D: 6500
starting: L: 10, D: 7000
finishing: L: 10, D: 7000
starting: L: 10, D: 7500
finishing: L: 10, D: 7500
starting: L: 10, D: 8000
finishing: L: 10, D: 8000
starting: L: 10, D: 8500
finishing: L: 10, D: 8500
starting: L: 10, D: 9000
finishing: L: 10, D: 9000
starting: L: 10, D: 9500
finishing: L: 10, D: 9500
starting: L: 10, D: 10000
finishing: L: 10, D: 10000
MID-level running in PID 1216949 (name=__main__)
/lustre06/project/6067427/ncosta/CPI_Project/two_interfaces/interfaces_jul23.py:556: RuntimeWarning: divide by zero encountered in divide
  waveList = 2 * np.pi * c / freqList * 1e-6
starting: L: 10, D: 0
finishing: L: 10, D: 0
starting: L: 10, D: 500
finishing: L: 10, D: 500
starting: L: 10, D: 1000
finishing: L: 10, D: 1000
starting: L: 10, D: 1500
finishing: L: 10, D: 1500
starting: L: 10, D: 2000
finishing: L: 10, D: 2000
starting: L: 10, D: 2500
finishing: L: 10, D: 2500
starting: L: 10, D: 3000
finishing: L: 10, D: 3000
starting: L: 10, D: 3500
finishing: L: 10, D: 3500
starting: L: 10, D: 4000
finishing: L: 10, D: 4000
starting: L: 10, D: 4500
finishing: L: 10, D: 4500
starting: L: 10, D: 5000
finishing: L: 10, D: 5000
starting: L: 10, D: 5500
finishing: L: 10, D: 5500
starting: L: 10, D: 6000
finishing: L: 10, D: 6000
starting: L: 10, D: 6500
finishing: L: 10, D: 6500
starting: L: 10, D: 7000
finishing: L: 10, D: 7000
starting: L: 10, D: 7500
finishing: L: 10, D: 7500
starting: L: 10, D: 8000
finishing: L: 10, D: 8000
starting: L: 10, D: 8500
finishing: L: 10, D: 8500
starting: L: 10, D: 9000
finishing: L: 10, D: 9000
starting: L: 10, D: 9500
finishing: L: 10, D: 9500
starting: L: 10, D: 10000
finishing: L: 10, D: 10000
MID-level running in PID 1216949 (name=__main__)
/lustre06/project/6067427/ncosta/CPI_Project/two_interfaces/interfaces_jul23.py:556: RuntimeWarning: divide by zero encountered in divide
  waveList = 2 * np.pi * c / freqList * 1e-6
starting: L: 10, D: 0
finishing: L: 10, D: 0
starting: L: 10, D: 500
finishing: L: 10, D: 500
starting: L: 10, D: 1000
finishing: L: 10, D: 1000
starting: L: 10, D: 1500
finishing: L: 10, D: 1500
starting: L: 10, D: 2000
finishing: L: 10, D: 2000
starting: L: 10, D: 2500
finishing: L: 10, D: 2500
starting: L: 10, D: 3000
finishing: L: 10, D: 3000
starting: L: 10, D: 3500
finishing: L: 10, D: 3500
starting: L: 10, D: 4000
finishing: L: 10, D: 4000
starting: L: 10, D: 4500
finishing: L: 10, D: 4500
starting: L: 10, D: 5000
finishing: L: 10, D: 5000
starting: L: 10, D: 5500
finishing: L: 10, D: 5500
starting: L: 10, D: 6000
finishing: L: 10, D: 6000
starting: L: 10, D: 6500
finishing: L: 10, D: 6500
starting: L: 10, D: 7000
finishing: L: 10, D: 7000
starting: L: 10, D: 7500
finishing: L: 10, D: 7500
starting: L: 10, D: 8000
finishing: L: 10, D: 8000
starting: L: 10, D: 8500
finishing: L: 10, D: 8500
starting: L: 10, D: 9000
finishing: L: 10, D: 9000
starting: L: 10, D: 9500
finishing: L: 10, D: 9500
starting: L: 10, D: 10000
finishing: L: 10, D: 10000
MID-level running in PID 1216949 (name=__main__)
/lustre06/project/6067427/ncosta/CPI_Project/two_interfaces/interfaces_jul23.py:556: RuntimeWarning: divide by zero encountered in divide
  waveList = 2 * np.pi * c / freqList * 1e-6
starting: L: 10, D: 0
finishing: L: 10, D: 0
starting: L: 10, D: 500
finishing: L: 10, D: 500
starting: L: 10, D: 1000
finishing: L: 10, D: 1000
starting: L: 10, D: 1500
finishing: L: 10, D: 1500
starting: L: 10, D: 2000
finishing: L: 10, D: 2000
starting: L: 10, D: 2500
finishing: L: 10, D: 2500
starting: L: 10, D: 3000
finishing: L: 10, D: 3000
starting: L: 10, D: 3500
finishing: L: 10, D: 3500
starting: L: 10, D: 4000
finishing: L: 10, D: 4000
starting: L: 10, D: 4500
finishing: L: 10, D: 4500
starting: L: 10, D: 5000
finishing: L: 10, D: 5000
starting: L: 10, D: 5500
finishing: L: 10, D: 5500
starting: L: 10, D: 6000
finishing: L: 10, D: 6000
starting: L: 10, D: 6500
finishing: L: 10, D: 6500
starting: L: 10, D: 7000
finishing: L: 10, D: 7000
starting: L: 10, D: 7500
finishing: L: 10, D: 7500
starting: L: 10, D: 8000
finishing: L: 10, D: 8000
starting: L: 10, D: 8500
finishing: L: 10, D: 8500
starting: L: 10, D: 9000
finishing: L: 10, D: 9000
starting: L: 10, D: 9500
finishing: L: 10, D: 9500
starting: L: 10, D: 10000
finishing: L: 10, D: 10000
MID-level running in PID 1216949 (name=__main__)
/lustre06/project/6067427/ncosta/CPI_Project/two_interfaces/interfaces_jul23.py:556: RuntimeWarning: divide by zero encountered in divide
  waveList = 2 * np.pi * c / freqList * 1e-6
starting: L: 10, D: 0
finishing: L: 10, D: 0
starting: L: 10, D: 500
finishing: L: 10, D: 500
starting: L: 10, D: 1000
finishing: L: 10, D: 1000
starting: L: 10, D: 1500
finishing: L: 10, D: 1500
starting: L: 10, D: 2000
finishing: L: 10, D: 2000
starting: L: 10, D: 2500
finishing: L: 10, D: 2500
starting: L: 10, D: 3000
finishing: L: 10, D: 3000
starting: L: 10, D: 3500
finishing: L: 10, D: 3500
starting: L: 10, D: 4000
finishing: L: 10, D: 4000
starting: L: 10, D: 4500
finishing: L: 10, D: 4500
starting: L: 10, D: 5000
finishing: L: 10, D: 5000
starting: L: 10, D: 5500
finishing: L: 10, D: 5500
starting: L: 10, D: 6000
finishing: L: 10, D: 6000
starting: L: 10, D: 6500
finishing: L: 10, D: 6500
starting: L: 10, D: 7000
finishing: L: 10, D: 7000
starting: L: 10, D: 7500
finishing: L: 10, D: 7500
starting: L: 10, D: 8000
finishing: L: 10, D: 8000
starting: L: 10, D: 8500
finishing: L: 10, D: 8500
starting: L: 10, D: 9000
finishing: L: 10, D: 9000
starting: L: 10, D: 9500
finishing: L: 10, D: 9500
starting: L: 10, D: 10000
finishing: L: 10, D: 10000
MID-level running in PID 1216949 (name=__main__)
/lustre06/project/6067427/ncosta/CPI_Project/two_interfaces/interfaces_jul23.py:556: RuntimeWarning: divide by zero encountered in divide
  waveList = 2 * np.pi * c / freqList * 1e-6
starting: L: 10, D: 0
finishing: L: 10, D: 0
starting: L: 10, D: 500
finishing: L: 10, D: 500
starting: L: 10, D: 1000
finishing: L: 10, D: 1000
starting: L: 10, D: 1500
finishing: L: 10, D: 1500
starting: L: 10, D: 2000
finishing: L: 10, D: 2000
starting: L: 10, D: 2500
finishing: L: 10, D: 2500
starting: L: 10, D: 3000
finishing: L: 10, D: 3000
starting: L: 10, D: 3500
finishing: L: 10, D: 3500
starting: L: 10, D: 4000
finishing: L: 10, D: 4000
starting: L: 10, D: 4500
finishing: L: 10, D: 4500
starting: L: 10, D: 5000
finishing: L: 10, D: 5000
starting: L: 10, D: 5500
finishing: L: 10, D: 5500
starting: L: 10, D: 6000
finishing: L: 10, D: 6000
starting: L: 10, D: 6500
finishing: L: 10, D: 6500
starting: L: 10, D: 7000
finishing: L: 10, D: 7000
starting: L: 10, D: 7500
finishing: L: 10, D: 7500
starting: L: 10, D: 8000
finishing: L: 10, D: 8000
starting: L: 10, D: 8500
finishing: L: 10, D: 8500
starting: L: 10, D: 9000
finishing: L: 10, D: 9000
starting: L: 10, D: 9500
finishing: L: 10, D: 9500
starting: L: 10, D: 10000
finishing: L: 10, D: 10000
MID-level running in PID 1216949 (name=__main__)
/lustre06/project/6067427/ncosta/CPI_Project/two_interfaces/interfaces_jul23.py:556: RuntimeWarning: divide by zero encountered in divide
  waveList = 2 * np.pi * c / freqList * 1e-6
starting: L: 10, D: 0
finishing: L: 10, D: 0
starting: L: 10, D: 500
finishing: L: 10, D: 500
starting: L: 10, D: 1000
finishing: L: 10, D: 1000
starting: L: 10, D: 1500
finishing: L: 10, D: 1500
starting: L: 10, D: 2000
finishing: L: 10, D: 2000
starting: L: 10, D: 2500
finishing: L: 10, D: 2500
starting: L: 10, D: 3000
finishing: L: 10, D: 3000
starting: L: 10, D: 3500
finishing: L: 10, D: 3500
starting: L: 10, D: 4000
finishing: L: 10, D: 4000
starting: L: 10, D: 4500
finishing: L: 10, D: 4500
starting: L: 10, D: 5000
finishing: L: 10, D: 5000
starting: L: 10, D: 5500
finishing: L: 10, D: 5500
starting: L: 10, D: 6000
finishing: L: 10, D: 6000
starting: L: 10, D: 6500
finishing: L: 10, D: 6500
starting: L: 10, D: 7000
finishing: L: 10, D: 7000
starting: L: 10, D: 7500
finishing: L: 10, D: 7500
starting: L: 10, D: 8000
finishing: L: 10, D: 8000
starting: L: 10, D: 8500
finishing: L: 10, D: 8500
starting: L: 10, D: 9000
finishing: L: 10, D: 9000
starting: L: 10, D: 9500
finishing: L: 10, D: 9500
starting: L: 10, D: 10000
finishing: L: 10, D: 10000
MID-level running in PID 1216949 (name=__main__)
/lustre06/project/6067427/ncosta/CPI_Project/two_interfaces/interfaces_jul23.py:556: RuntimeWarning: divide by zero encountered in divide
  waveList = 2 * np.pi * c / freqList * 1e-6
starting: L: 10, D: 0
finishing: L: 10, D: 0
starting: L: 10, D: 500
finishing: L: 10, D: 500
starting: L: 10, D: 1000
finishing: L: 10, D: 1000
starting: L: 10, D: 1500
finishing: L: 10, D: 1500
starting: L: 10, D: 2000
finishing: L: 10, D: 2000
starting: L: 10, D: 2500
finishing: L: 10, D: 2500
starting: L: 10, D: 3000
finishing: L: 10, D: 3000
starting: L: 10, D: 3500
finishing: L: 10, D: 3500
starting: L: 10, D: 4000
finishing: L: 10, D: 4000
starting: L: 10, D: 4500
finishing: L: 10, D: 4500
starting: L: 10, D: 5000
finishing: L: 10, D: 5000
starting: L: 10, D: 5500
finishing: L: 10, D: 5500
starting: L: 10, D: 6000
finishing: L: 10, D: 6000
starting: L: 10, D: 6500
finishing: L: 10, D: 6500
starting: L: 10, D: 7000
finishing: L: 10, D: 7000
starting: L: 10, D: 7500
finishing: L: 10, D: 7500
starting: L: 10, D: 8000
finishing: L: 10, D: 8000
starting: L: 10, D: 8500
finishing: L: 10, D: 8500
starting: L: 10, D: 9000
finishing: L: 10, D: 9000
starting: L: 10, D: 9500
finishing: L: 10, D: 9500
starting: L: 10, D: 10000
finishing: L: 10, D: 10000
MID-level running in PID 1216949 (name=__main__)
/lustre06/project/6067427/ncosta/CPI_Project/two_interfaces/interfaces_jul23.py:556: RuntimeWarning: divide by zero encountered in divide
  waveList = 2 * np.pi * c / freqList * 1e-6
starting: L: 10, D: 0
finishing: L: 10, D: 0
starting: L: 10, D: 500
finishing: L: 10, D: 500
starting: L: 10, D: 1000
finishing: L: 10, D: 1000
starting: L: 10, D: 1500
finishing: L: 10, D: 1500
starting: L: 10, D: 2000
finishing: L: 10, D: 2000
starting: L: 10, D: 2500
finishing: L: 10, D: 2500
starting: L: 10, D: 3000
finishing: L: 10, D: 3000
starting: L: 10, D: 3500
finishing: L: 10, D: 3500
starting: L: 10, D: 4000
finishing: L: 10, D: 4000
starting: L: 10, D: 4500
finishing: L: 10, D: 4500
starting: L: 10, D: 5000
finishing: L: 10, D: 5000
starting: L: 10, D: 5500
finishing: L: 10, D: 5500
starting: L: 10, D: 6000
finishing: L: 10, D: 6000
starting: L: 10, D: 6500
finishing: L: 10, D: 6500
starting: L: 10, D: 7000
finishing: L: 10, D: 7000
starting: L: 10, D: 7500
finishing: L: 10, D: 7500
starting: L: 10, D: 8000
finishing: L: 10, D: 8000
starting: L: 10, D: 8500
finishing: L: 10, D: 8500
starting: L: 10, D: 9000
finishing: L: 10, D: 9000
starting: L: 10, D: 9500
finishing: L: 10, D: 9500
starting: L: 10, D: 10000
finishing: L: 10, D: 10000
MID-level running in PID 1216949 (name=__main__)
/lustre06/project/6067427/ncosta/CPI_Project/two_interfaces/interfaces_jul23.py:556: RuntimeWarning: divide by zero encountered in divide
  waveList = 2 * np.pi * c / freqList * 1e-6
starting: L: 10, D: 0
finishing: L: 10, D: 0
starting: L: 10, D: 500
finishing: L: 10, D: 500
starting: L: 10, D: 1000
finishing: L: 10, D: 1000
starting: L: 10, D: 1500
finishing: L: 10, D: 1500
starting: L: 10, D: 2000
finishing: L: 10, D: 2000
starting: L: 10, D: 2500
finishing: L: 10, D: 2500
starting: L: 10, D: 3000
finishing: L: 10, D: 3000
starting: L: 10, D: 3500
finishing: L: 10, D: 3500
starting: L: 10, D: 4000
finishing: L: 10, D: 4000
starting: L: 10, D: 4500
finishing: L: 10, D: 4500
starting: L: 10, D: 5000
finishing: L: 10, D: 5000
starting: L: 10, D: 5500
finishing: L: 10, D: 5500
starting: L: 10, D: 6000
finishing: L: 10, D: 6000
starting: L: 10, D: 6500
finishing: L: 10, D: 6500
starting: L: 10, D: 7000
finishing: L: 10, D: 7000
starting: L: 10, D: 7500
finishing: L: 10, D: 7500
starting: L: 10, D: 8000
finishing: L: 10, D: 8000
starting: L: 10, D: 8500
finishing: L: 10, D: 8500
starting: L: 10, D: 9000
finishing: L: 10, D: 9000
starting: L: 10, D: 9500
finishing: L: 10, D: 9500
starting: L: 10, D: 10000
finishing: L: 10, D: 10000
MID-level running in PID 1216949 (name=__main__)
/lustre06/project/6067427/ncosta/CPI_Project/two_interfaces/interfaces_jul23.py:556: RuntimeWarning: divide by zero encountered in divide
  waveList = 2 * np.pi * c / freqList * 1e-6
starting: L: 10, D: 0
finishing: L: 10, D: 0
starting: L: 10, D: 500
finishing: L: 10, D: 500
starting: L: 10, D: 1000
finishing: L: 10, D: 1000
starting: L: 10, D: 1500
finishing: L: 10, D: 1500
starting: L: 10, D: 2000
finishing: L: 10, D: 2000
starting: L: 10, D: 2500
finishing: L: 10, D: 2500
starting: L: 10, D: 3000
finishing: L: 10, D: 3000
starting: L: 10, D: 3500
finishing: L: 10, D: 3500
starting: L: 10, D: 4000
finishing: L: 10, D: 4000
starting: L: 10, D: 4500
finishing: L: 10, D: 4500
starting: L: 10, D: 5000
finishing: L: 10, D: 5000
starting: L: 10, D: 5500
finishing: L: 10, D: 5500
starting: L: 10, D: 6000
finishing: L: 10, D: 6000
starting: L: 10, D: 6500
finishing: L: 10, D: 6500
starting: L: 10, D: 7000
finishing: L: 10, D: 7000
starting: L: 10, D: 7500
finishing: L: 10, D: 7500
starting: L: 10, D: 8000
finishing: L: 10, D: 8000
starting: L: 10, D: 8500
finishing: L: 10, D: 8500
starting: L: 10, D: 9000
finishing: L: 10, D: 9000
starting: L: 10, D: 9500
finishing: L: 10, D: 9500
starting: L: 10, D: 10000
finishing: L: 10, D: 10000
