Top-level running in PID 174088 (name=__main__)
Running interfere() with b=8300.0, sigma_s=10.0
MID-level running in PID 174088 (name=__main__)
E1_shared element:  0j
E1 element:  (3.0408497129632443e-12-3.979539371706424e-12j)
this thing psm_6df790b8
ill try to just make an array with this now
testfreq element:  0.0
did it
disp entry 0 (-0.08332452033614668+0j)
starting: 0
some stuff:
tdelaylist (1+0j)
ESFGt (-2.9674949905194903e-29-2.051251247356508e-29j)
ESFGw (2.07277446075127e-13-1.6921576986850262e-14j)
intensity 4.325027941914908e-26
data entry 0 [2.61717627e-27 7.11913558e-28 6.34144790e-27 ... 4.53827481e-26
 2.67805092e-26 1.17681361e-26]
finishing 0
disp entry 800 (-0.27796535717647075+0.2050566582042932j)
starting: 800
some stuff:
tdelaylist (1+0j)
ESFGt (-3.4211473459936323e-28-1.7920240997432587e-28j)
ESFGw (6.987275341652222e-13+1.1503627911357839e-12j)
intensity 1.8115547182303225e-24
data entry 800 [7.76009027e-25 3.39692384e-25 1.90394716e-25 ... 3.15742765e-24
 2.28297577e-24 1.45206947e-24]
finishing 800
disp entry 32000 (-0.38952166142267697-0.17885610033604898j)
starting: 32000
some stuff:
tdelaylist (1+0j)
ESFGt (3.817285109544922e-27-9.768589891031056e-29j)
ESFGw (9.948279179605723e-13-7.961730233430053e-14j)
intensity 9.960215011847587e-25
data entry 32000 [5.31902358e-26 9.30324161e-27 1.38071987e-25 ... 1.03350151e-24
 6.07192017e-25 2.63071787e-25]
finishing 32000
disp entry 64000 (-0.3949075452470487+0.17571009389630268j)
starting: 64000
some stuff:
tdelaylist (1+0j)
ESFGt (1.5109371192291519e-27+1.7201007312141854e-27j)
ESFGw (9.948300863649173e-13-7.96199044195145e-14j)
intensity 9.960262299166011e-25
data entry 64000 [5.31881618e-26 9.30365611e-27 1.38071627e-25 ... 1.03349851e-24
 6.07196360e-25 2.63070445e-25]
finishing 64000
Top-level running in PID 174506 (name=__main__)
Running interfere() with b=7545.454545454545, sigma_s=11.0
MID-level running in PID 174506 (name=__main__)
E1_shared element:  0j
E1 element:  (7.517413550027516e-10-9.837988068993388e-10j)
this thing psm_e9a9c904
ill try to just make an array with this now
testfreq element:  0.0
did it
disp entry 0 (-0.08332452033614668+0j)
starting: 0
some stuff:
tdelaylist (1+0j)
ESFGt (5.834306548306305e-29+9.314724111862183e-30j)
ESFGw (-4.276199620095733e-13+4.887973706346749e-14j)
intensity 1.8524806060446266e-25
data entry 0 [2.55016298e-25 2.32434636e-25 1.94536956e-25 ... 2.10973827e-25
 2.43409015e-25 2.58868314e-25]
finishing 0
disp entry 800 (-0.27796535717647075+0.2050566582042932j)
starting: 800
some stuff:
tdelaylist (1+0j)
ESFGt (3.019308643984809e-28+2.505702189964209e-30j)
ESFGw (-1.5031049321878598e-12-1.0178403259120117e-13j)
intensity 2.2696844264579976e-24
data entry 800 [6.38267644e-24 6.44615540e-24 6.16779755e-24 ... 4.48229127e-24
 5.32228357e-24 5.98849008e-24]
finishing 800
disp entry 32000 (-0.38952166142267697-0.17885610033604898j)
starting: 32000
some stuff:
tdelaylist (1+0j)
ESFGt (8.92811000079199e-28+8.145668498432683e-28j)
ESFGw (-2.045891234203623e-12+2.4557092470622877e-13j)
intensity 4.2459760212522954e-24
data entry 32000 [5.81780015e-24 5.30101572e-24 4.43349583e-24 ... 4.80846919e-24
 5.55138841e-24 5.90567002e-24]
finishing 32000
disp entry 64000 (-0.3949075452470487+0.17571009389630268j)
starting: 64000
some stuff:
tdelaylist (1+0j)
ESFGt (4.494250357684042e-27+2.6677039512744214e-27j)
ESFGw (-2.045890366841885e-12+2.4557092470622877e-13j)
intensity 4.245972472197495e-24
data entry 64000 [5.81781041e-24 5.30103089e-24 4.43347907e-24 ... 4.80846572e-24
 5.55136792e-24 5.90566284e-24]
finishing 64000
Top-level running in PID 174958 (name=__main__)
Running interfere() with b=6916.666666666667, sigma_s=12.0
MID-level running in PID 174958 (name=__main__)
E1_shared element:  0j
E1 element:  (-7.32464812081281e-10+9.585717260675052e-10j)
this thing psm_7d6c5ff3
ill try to just make an array with this now
testfreq element:  0.0
did it
disp entry 0 (-0.08332452033614668+0j)
starting: 0
some stuff:
tdelaylist (1+0j)
ESFGt (5.287040548939174e-29-1.2965636861886185e-30j)
ESFGw (-4.254345356904943e-13+7.94249648689016e-14j)
intensity 1.8730286920261268e-25
data entry 0 [3.13670977e-25 3.90300167e-25 4.42989040e-25 ... 6.33248378e-26
 1.36808839e-25 2.24687542e-25]
finishing 0
disp entry 800 (-0.27796535717647075+0.2050566582042932j)
starting: 800
some stuff:
tdelaylist (1+0j)
ESFGt (1.5950580763595892e-28-3.136762100423491e-29j)
ESFGw (-2.6663471777710335e-12+7.173671379145929e-13j)
intensity 7.62402288296733e-24
data entry 800 [8.48042888e-24 9.47115759e-24 9.81435108e-24 ... 3.62669320e-24
 5.29872083e-24 7.00901737e-24]
finishing 800
disp entry 32000 (-0.38952166142267697-0.17885610033604898j)
starting: 32000
some stuff:
tdelaylist (1+0j)
ESFGt (-8.248734103381142e-29-1.3621872859597706e-27j)
ESFGw (-2.03040882718053e-12+4.0616685362260263e-13j)
intensity 4.287531518474299e-24
data entry 32000 [7.20073829e-24 8.96618282e-24 1.01836514e-23 ... 1.45195304e-24
 3.13628521e-24 5.15426354e-24]
finishing 32000
disp entry 64000 (-0.3949075452470487+0.17571009389630268j)
starting: 64000
some stuff:
tdelaylist (1+0j)
ESFGt (-1.6246136143294326e-27+9.192476022734294e-28j)
ESFGw (-2.0304131639892198e-12+4.061707567504236e-13j)
intensity 4.287552300139925e-24
data entry 64000 [7.20075319e-24 8.96619424e-24 1.01836269e-23 ... 1.45196111e-24
 3.13631053e-24 5.15427252e-24]
finishing 64000
Top-level running in PID 175180 (name=__main__)
Running interfere() with b=6384.615384615385, sigma_s=13.0
MID-level running in PID 175180 (name=__main__)
E1_shared element:  0j
E1 element:  (5.398794838161705e-11-7.065366146390002e-11j)
this thing psm_fb86d01e
ill try to just make an array with this now
testfreq element:  0.0
did it
disp entry 0 (-0.08332452033614668+0j)
starting: 0
some stuff:
tdelaylist (1+0j)
ESFGt (-5.307439861612384e-29+1.5825814239887467e-29j)
ESFGw (9.010895328509516e-13-2.077513508447204e-13j)
intensity 8.551229699913523e-25
data entry 0 [4.76321022e-26 7.69074546e-27 3.47436143e-26 ... 4.65148447e-25
 2.95080760e-25 1.48516568e-25]
finishing 0
disp entry 800 (-0.27796535717647075+0.2050566582042932j)
starting: 800
some stuff:
tdelaylist (1+0j)
ESFGt (4.048415935463603e-29+5.256566346899756e-29j)
ESFGw (4.729008851178662e-12-1.4038709431063445e-12j)
intensity 2.4334378339424427e-23
data entry 800 [6.66780146e-25 1.25014513e-25 9.34028208e-25 ... 8.89013749e-24
 5.38914344e-24 2.50698766e-24]
finishing 800
disp entry 32000 (-0.38952166142267697-0.17885610033604898j)
starting: 32000
some stuff:
tdelaylist (1+0j)
ESFGt (-2.5832174782192965e-27-1.3523239472085746e-28j)
ESFGw (4.331052877448727e-12-9.532531014544432e-13j)
intensity 1.9666710502689413e-23
data entry 32000 [9.99544887e-25 8.77853596e-26 7.14955458e-25 ... 1.05810778e-23
 6.67554510e-24 3.31212530e-24]
finishing 32000
disp entry 64000 (-0.3949075452470487+0.17571009389630268j)
starting: 64000
some stuff:
tdelaylist (1+0j)
ESFGt (-5.061369668585148e-27-1.372616107647215e-27j)
ESFGw (4.331045938554823e-12-9.532478972840153e-13j)
intensity 1.9666640475548622e-23
data entry 64000 [9.99551020e-25 8.77842824e-26 7.14957022e-25 ... 1.05810857e-23
 6.67555514e-24 3.31211864e-24]
finishing 64000
