Top-level running in PID 60458 (name=__main__)
Running interfere() with b=8300.0, sigma_s=10.0, lossless
MID-level running in PID 60458 (name=__main__)
E1_shared element:  0j
E1 element:  (-7.517729831990187e-10+9.838404890644257e-10j)
this thing psm_47dd3c71
ill try to just make an array with this now
testfreq element:  0.0
did it
disp entry 395.0 0.5178908480439486j
starting: 395.0
some stuff:
tdelaylist (1+0j)
ESFGt (4.267163676951173e-27+9.38702632886691e-27j)
ESFGw (-4.5722106656320705e-14+1.687018580387445e-14j)
intensity 2.3751142061492127e-27
data entry 395.0 [1.18170076e-27 1.19378512e-27 2.24744432e-27 ... 2.05483353e-27
 2.83393499e-27 2.25560424e-27]
finishing 395.0
disp entry 395.1 0.5180157555164584j
starting: 395.1
some stuff:
tdelaylist (1+0j)
ESFGt (-1.8419490388511e-27+8.794313072000266e-27j)
ESFGw (9.303929154880208e-14-3.451275723542757e-14j)
intensity 9.847440183894553e-27
data entry 395.1 [1.57344251e-26 4.60521026e-27 2.88225771e-28 ... 4.77608096e-29
 7.56785348e-27 1.76440666e-26]
finishing 395.1
disp entry 395.20000000000005 0.5181406583219333j
starting: 395.20000000000005
some stuff:
tdelaylist (1+0j)
ESFGt (-2.9387836397421814e-27+5.7341133017960575e-27j)
ESFGw (-2.8167572441173405e-14+1.0567935415650709e-14j)
intensity 9.05093396178116e-28
data entry 395.20000000000005 [4.63127068e-28 6.25179117e-28 1.28148165e-27 ... 1.23461209e-27
 1.52348416e-27 1.03103126e-27]
finishing 395.20000000000005
disp entry 395.30000000000007 0.5182655564592483j
starting: 395.30000000000007
some stuff:
tdelaylist (1+0j)
ESFGt (3.5178684265062964e-27+9.820453864494307e-27j)
ESFGw (3.977981138936215e-14-1.4664051223300945e-14j)
intensity 1.797467792452821e-27
data entry 395.30000000000007 [2.18335468e-27 2.46390993e-27 3.33988888e-27 ... 3.17342582e-27
 3.59555029e-27 2.93560127e-27]
finishing 395.30000000000007
disp entry 395.4000000000001 0.5183904499272779j
starting: 395.4000000000001
some stuff:
tdelaylist (1+0j)
ESFGt (-6.938424573320787e-27-1.796950715809702e-27j)
ESFGw (-7.229807030828539e-14+2.688300970721258e-14j)
intensity 5.949707181219864e-27
data entry 395.4000000000001 [1.13554103e-26 3.43918781e-27 1.78952752e-28 ... 2.51902347e-29
 5.27647919e-27 1.25361719e-26]
finishing 395.4000000000001
disp entry 395.5000000000001 0.5185153387248969j
starting: 395.5000000000001
some stuff:
tdelaylist (1+0j)
ESFGt (1.5646255770981566e-27-1.4582639066786925e-27j)
ESFGw (7.632783294297951e-16-4.0505793164058446e-16j)
intensity 7.4666573616208715e-31
data entry 395.5000000000001 [1.80259973e-27 2.00940797e-27 9.39982106e-28 ... 1.12642898e-27
 1.87142627e-28 6.23534450e-28]
finishing 395.5000000000001
disp entry 395.60000000000014 0.51864022285098j
starting: 395.60000000000014
some stuff:
tdelaylist (1+0j)
ESFGt (4.13587415321755e-27+4.535191101990187e-27j)
ESFGw (-2.6065954950027503e-14+9.613837503863465e-15j)
intensity 7.718598790075552e-28
data entry 395.60000000000014 [2.55359679e-27 3.57744845e-27 4.17866970e-27 ... 4.10179738e-27
 3.62065387e-27 2.61320425e-27]
finishing 395.60000000000014
disp entry 395.70000000000016 0.5187651023044022j
starting: 395.70000000000016
some stuff:
tdelaylist (1+0j)
ESFGt (-3.7676998941349204e-27-2.9268940244541227e-27j)
ESFGw (4.184825229403e-14-1.561424600726724e-14j)
intensity 1.995080898440247e-27
data entry 395.70000000000016 [5.76574736e-27 1.99060583e-27 6.03006379e-29 ... 2.97465486e-29
 2.30230360e-27 5.96812618e-27]
finishing 395.70000000000016
disp entry 395.8000000000002 0.5188899770840384j
starting: 395.8000000000002
some stuff:
tdelaylist (1+0j)
ESFGt (6.1276864915791076e-27+5.487695879210414e-28j)
ESFGw (3.0264853123629365e-14-1.1116975395797368e-14j)
intensity 1.0395484765456222e-27
data entry 395.8000000000002 [4.45838370e-27 3.81439681e-27 1.15816484e-27 ... 1.50687105e-27
 2.51603910e-28 2.15151449e-27]
finishing 395.8000000000002
disp entry 395.9000000000002 0.5190148471887637j
starting: 395.9000000000002
some stuff:
tdelaylist (1+0j)
ESFGt (-9.446274252661575e-28-4.646031302818939e-27j)
ESFGw (7.979727989493313e-15-2.90132501357121e-15j)
intensity 7.209374562067698e-29
data entry 395.9000000000002 [2.18369354e-27 3.93184948e-27 4.41268340e-27 ... 4.41176787e-27
 3.13177432e-27 1.69935393e-27]
finishing 395.9000000000002
disp entry 396.0000000000002 0.5191397126174528j
starting: 396.0000000000002
some stuff:
tdelaylist (1+0j)
ESFGt (-1.6314020911961658e-27-1.1701213353406337e-26j)
ESFGw (-6.5177897801138585e-15+2.5292268279741847e-15j)
intensity 4.8878571965101027e-29
data entry 396.0000000000002 [1.46753486e-27 7.23029058e-28 2.79289718e-29 ... 5.36994071e-29
 3.01309949e-28 1.20157121e-27]
finishing 396.0000000000002
disp entry 396.10000000000025 0.5192645733689808j
starting: 396.10000000000025
some stuff:
tdelaylist (1+0j)
ESFGt (7.844978000814941e-27-2.1172033510610597e-27j)
ESFGw (-5.970657995790773e-14+2.2037927038809357e-14j)
intensity 4.0505459184379135e-27
data entry 396.10000000000025 [7.76207743e-27 5.16880641e-27 1.68275721e-27 ... 2.02281979e-27
 1.99701766e-27 5.69549806e-27]
finishing 396.10000000000025
disp entry 396.2000000000003 0.5193894294422229j
starting: 396.2000000000003
some stuff:
tdelaylist (1+0j)
ESFGt (-2.6990321106511805e-27-7.725556320333208e-27j)
ESFGw (1.0235302189132156e-14-3.840677775812651e-15j)
intensity 1.1951221668047472e-28
data entry 396.2000000000003 [1.40391411e-27 3.36771128e-27 3.94282456e-27 ... 3.96286079e-27
 2.49989093e-27 8.68441433e-28]
finishing 396.2000000000003
disp entry 396.3000000000003 0.5195142808360542j
starting: 396.3000000000003
some stuff:
tdelaylist (1+0j)
ESFGt (3.7845084195126956e-27-1.095357253687496e-26j)
ESFGw (-2.8136997939909314e-14+1.0291247021232408e-14j)
intensity 8.97600418322486e-28
data entry 396.3000000000003 [1.87741476e-28 6.04640267e-29 1.73317626e-28 ... 1.31423808e-28
 3.26872322e-28 3.64591610e-28]
finishing 396.3000000000003
disp entry 396.4000000000003 0.5196391275493498j
starting: 396.4000000000003
some stuff:
tdelaylist (1+0j)
ESFGt (6.055853723383748e-27-8.454613968887888e-27j)
ESFGw (8.241757970539609e-14-3.048516300507842e-14j)
intensity 7.722002607941523e-27
data entry 396.4000000000003 [1.04685638e-26 5.43646290e-27 2.16547581e-27 ... 2.31666828e-27
 4.71229439e-27 9.96028267e-27]
finishing 396.4000000000003
disp entry 396.50000000000034 0.5197639695809849j
starting: 396.50000000000034
some stuff:
tdelaylist (1+0j)
ESFGt (-1.970556032002079e-27-1.7843757220892832e-26j)
ESFGw (-2.440062041308977e-14+9.06219543850284e-15j)
intensity 6.775136627093149e-28
data entry 396.50000000000034 [6.94147620e-28 2.28508135e-27 2.99198189e-27 ... 2.98379654e-27
 1.94014740e-27 4.83892492e-28]
finishing 396.50000000000034
disp entry 396.60000000000036 0.5198888069298347j
starting: 396.60000000000036
some stuff:
tdelaylist (1+0j)
ESFGt (8.782732049746134e-27-1.0895980790298937e-26j)
ESFGw (5.684168413733204e-14-2.0956326951537818e-14j)
intensity 3.670144694867976e-27
data entry 396.60000000000036 [2.06379381e-27 2.36413697e-28 5.32388119e-28 ... 3.27433849e-28
 2.24477832e-27 3.36327416e-27]
finishing 396.60000000000036
disp entry 396.7000000000004 0.5200136395947745j
starting: 396.7000000000004
some stuff:
tdelaylist (1+0j)
ESFGt (1.3979437574516566e-27-8.540545687985145e-27j)
ESFGw (-9.413086629606049e-14+3.490176897491537e-14j)
intensity 1.0078753467225183e-26
data entry 396.7000000000004 [1.12910832e-26 4.52041029e-27 2.33102994e-27 ... 2.21666273e-27
 6.99985477e-27 1.28376171e-26]
finishing 396.7000000000004
disp entry 396.8000000000004 0.5201384675746799j
starting: 396.8000000000004
some stuff:
tdelaylist (1+0j)
ESFGt (-1.0687320267890801e-27-1.858324188632795e-26j)
ESFGw (3.1201170119787847e-14-1.1575809755193234e-14j)
intensity 1.1075123883323686e-27
data entry 396.8000000000004 [3.93010306e-28 1.40304695e-27 2.02846221e-27 ... 2.00767756e-27
 1.45925114e-27 4.31677113e-28]
finishing 396.8000000000004
disp entry 396.90000000000043 0.5202632908684258j
starting: 396.90000000000043
some stuff:
tdelaylist (1+0j)
ESFGt (1.0392366363261005e-26-1.441223144167048e-26j)
ESFGw (-7.54090800220153e-14+2.785076856637314e-14j)
intensity 6.462194659504384e-27
data entry 396.90000000000043 [5.73009799e-27 1.19494746e-27 1.04299337e-27 ... 6.76650747e-28
 4.85569359e-27 8.10140576e-27]
finishing 396.90000000000043
disp entry 397.00000000000045 0.5203881094748879j
starting: 397.00000000000045
some stuff:
tdelaylist (1+0j)
ESFGt (1.1797161899407799e-27-1.91461771213838e-26j)
ESFGw (9.223524721768683e-14-3.4263390735755905e-14j)
intensity 9.681320774018887e-27
data entry 397.00000000000045 [9.65968347e-27 2.87347550e-27 2.07862136e-27 ... 1.76637093e-27
 7.56110070e-27 1.26286689e-26]
finishing 397.00000000000045
disp entry 397.1000000000005 0.5205129233929418j
starting: 397.1000000000005
some stuff:
tdelaylist (1+0j)
ESFGt (6.126309279764577e-27-1.9228676213881658e-26j)
ESFGw (-2.884021146898341e-14+1.0714519549370749e-14j)
intensity 9.465587267495305e-28
data entry 397.1000000000005 [6.05685038e-28 1.34230324e-27 1.52966739e-27 ... 1.55587698e-27
 9.91340161e-28 3.79554676e-28]
finishing 397.1000000000005
disp entry 397.2000000000005 0.5206377326214625j
starting: 397.2000000000005
some stuff:
tdelaylist (1+0j)
ESFGt (5.657106196864028e-27-9.157078423414084e-27j)
ESFGw (8.155759054218059e-14-3.015534870420833e-14j)
intensity 7.560985630518384e-27
data entry 397.2000000000005 [9.13077479e-27 2.56544230e-27 1.54465972e-27 ... 1.12354613e-27
 6.64666257e-27 1.17813964e-26]
finishing 397.2000000000005
disp entry 397.3000000000005 0.5207625371593261j
starting: 397.3000000000005
some stuff:
tdelaylist (1+0j)
ESFGt (-5.581121426515915e-27-1.8976105385596663e-26j)
ESFGw (-7.632956766645549e-14+2.8401760110430274e-14j)
intensity 6.632862877518434e-27
data entry 397.3000000000005 [6.17541046e-27 1.22573814e-27 1.50029034e-27 ... 1.16381428e-27
 6.00851252e-27 9.22082250e-27]
finishing 397.3000000000005
disp entry 397.40000000000055 0.5208873370054077j
starting: 397.40000000000055
some stuff:
tdelaylist (1+0j)
ESFGt (8.520464671158353e-27-1.952581590427147e-26j)
ESFGw (1.7435271976173894e-14-6.472253288869467e-15j)
intensity 3.4587877151843636e-28
data entry 397.40000000000055 [1.22088603e-27 2.22746591e-27 1.74850785e-27 ... 1.89133444e-27
 6.42600216e-28 1.98982142e-28]
finishing 397.40000000000055
disp entry 397.50000000000057 0.5210121321585831j
starting: 397.50000000000057
some stuff:
tdelaylist (1+0j)
ESFGt (6.804587106713e-27-1.6592287169648763e-26j)
ESFGw (-7.505497959248153e-14+2.7787667999934484e-14j)
intensity 6.4054044545024004e-27
data entry 397.50000000000057 [1.05779420e-26 3.77535122e-27 1.84640061e-27 ... 1.51588269e-27
 6.66239410e-27 1.24708339e-26]
finishing 397.50000000000057
disp entry 397.6000000000006 0.5211369226177281j
starting: 397.6000000000006
some stuff:
tdelaylist (1+0j)
ESFGt (3.0734630063126154e-27-2.26600584267816e-26j)
ESFGw (4.8282992187731466e-14-1.8002092871949316e-14j)
intensity 2.655322682370826e-27
data entry 397.6000000000006 [2.49187959e-27 2.16448566e-28 8.21301776e-28 ... 6.16592817e-28
 3.18959916e-27 4.38832542e-27]
finishing 397.6000000000006
disp entry 397.7000000000006 0.5212617083817184j
starting: 397.7000000000006
some stuff:
tdelaylist (1+0j)
ESFGt (8.687052043454287e-27-1.1749065694540967e-26j)
ESFGw (1.0477729794899915e-15-3.642919299551295e-16j)
intensity 1.2305368267797671e-30
data entry 397.7000000000006 [2.01296637e-27 3.60917042e-27 2.60140380e-27 ... 2.86763678e-27
 7.08079353e-28 1.40370099e-28]
finishing 397.7000000000006
disp entry 397.80000000000064 0.5213864894494296j
starting: 397.80000000000064
some stuff:
tdelaylist (1+0j)
ESFGt (-5.5455338153987815e-27-1.3060237824549288e-26j)
ESFGw (5.791005695809925e-14-2.146178200435056e-14j)
intensity 3.814182783692564e-27
data entry 397.80000000000064 [9.53357923e-27 4.28599486e-27 1.82446539e-27 ... 1.67756847e-27
 4.99788313e-27 1.00323988e-26]
finishing 397.80000000000064
disp entry 397.90000000000066 0.5215112658197374j
starting: 397.90000000000066
some stuff:
tdelaylist (1+0j)
ESFGt (1.959807519297482e-27-2.0568070979881668e-26j)
ESFGw (-1.204505245544496e-14+4.597017211338539e-15j)
intensity 1.6621585589576342e-28
data entry 397.90000000000066 [5.67563703e-28 1.37331215e-28 2.82498137e-28 ... 2.54874633e-28
 7.64935333e-28 9.64185212e-28]
finishing 397.90000000000066
disp entry 398.0000000000007 0.5216360374915181j
starting: 398.0000000000007
some stuff:
tdelaylist (1+0j)
ESFGt (1.1143018258883171e-26-1.3181792666542057e-26j)
ESFGw (-2.296513673671896e-14+8.516624905308134e-15j)
intensity 5.999304051139137e-28
data entry 398.0000000000007 [2.69513128e-27 4.69079333e-27 3.70437510e-27 ... 4.00877948e-27
 1.45918311e-27 6.04329113e-28]
finishing 398.0000000000007
disp entry 398.1000000000007 0.5217608044636469j
starting: 398.1000000000007
some stuff:
tdelaylist (1+0j)
ESFGt (1.347634977355574e-27-1.9033293263252754e-26j)
ESFGw (-3.378189655095509e-14+1.2534027635235923e-14j)
intensity 1.2983183833402896e-27
data entry 398.1000000000007 [6.70560484e-27 3.86493586e-27 1.50335194e-27 ... 1.53918592e-27
 2.63338023e-27 5.94339070e-27]
finishing 398.1000000000007
disp entry 398.2000000000007 0.5218855667350003j
starting: 398.2000000000007
some stuff:
tdelaylist (1+0j)
ESFGt (7.791351803333366e-27-1.509184112327861e-26j)
ESFGw (-2.7059084140024225e-14+9.87751547221194e-15j)
intensity 8.297593464006968e-28
data entry 398.2000000000007 [1.65434515e-27 8.60193687e-28 3.78382064e-29 ... 1.03440464e-28
 2.54664150e-28 1.26267684e-27]
finishing 398.2000000000007
disp entry 398.30000000000075 0.522010324304454j
starting: 398.30000000000075
some stuff:
tdelaylist (1+0j)
ESFGt (-2.0180111630631365e-27-5.990453482961738e-27j)
ESFGw (4.389457547437914e-14-1.6287318715946242e-14j)
intensity 2.1920105070307793e-27
data entry 398.30000000000075 [2.98540740e-27 4.80621019e-27 4.54720277e-27 ... 4.75804876e-27
 2.83453191e-27 1.69754935e-27]
finishing 398.30000000000075
disp entry 398.4000000000008 0.522135077170884j
starting: 398.4000000000008
some stuff:
tdelaylist (1+0j)
ESFGt (-5.8676420431503134e-27-1.5340891418675463e-26j)
ESFGw (7.324978297529317e-15-2.7749070402594e-15j)
intensity 6.135541614135667e-29
data entry 398.4000000000008 [3.44540959e-27 2.72359903e-27 1.09441075e-27 ... 1.20557441e-27
 7.84476656e-28 2.22308343e-27]
finishing 398.4000000000008
disp entry 398.5000000000008 0.5222598253331664j
starting: 398.5000000000008
some stuff:
tdelaylist (1+0j)
ESFGt (1.1102162166909324e-26-9.676308072645515e-27j)
ESFGw (6.303551430830723e-14-2.3201059129451806e-14j)
intensity 4.511765208841125e-27
data entry 398.5000000000008 [5.56060052e-27 1.98246920e-27 1.04087372e-28 ... 1.00976158e-28
 2.11218046e-27 5.64580607e-27]
finishing 398.5000000000008
disp entry 398.6000000000008 0.5223845687901773j
starting: 398.6000000000008
some stuff:
tdelaylist (1+0j)
ESFGt (1.957369440946532e-27-8.583410308223869e-27j)
ESFGw (-5.916144310558202e-14+2.1978079078888157e-14j)
intensity 3.983112310332881e-27
data entry 398.6000000000008 [2.69311954e-27 3.80664519e-27 4.74687609e-27 ... 4.75375538e-27
 4.28448404e-27 2.97217477e-27]
finishing 398.6000000000008
disp entry 398.70000000000084 0.5225093075407928j
starting: 398.70000000000084
some stuff:
tdelaylist (1+0j)
ESFGt (3.2428867917460666e-27-1.4168920448023734e-26j)
ESFGw (1.6524108470417076e-14-6.065243793318409e-15j)
intensity 3.098333430144969e-28
data entry 398.70000000000084 [1.05048753e-27 1.45502789e-27 8.93878333e-28 ... 9.62993361e-28
 2.01102056e-28 2.55142908e-28]
finishing 398.70000000000084
disp entry 398.80000000000086 0.5226340415838892j
starting: 398.80000000000086
some stuff:
tdelaylist (1+0j)
ESFGt (3.2032177187636975e-27-1.913510256754753e-27j)
ESFGw (-9.040294554618633e-14+3.3393426912553537e-14j)
intensity 9.287813524390784e-27
data entry 398.80000000000086 [1.06572137e-26 3.04622960e-27 3.59332426e-28 ... 1.66159606e-28
 5.41130607e-27 1.21741547e-26]
finishing 398.80000000000086
disp entry 398.9000000000009 0.5227587709183423j
starting: 398.9000000000009
some stuff:
tdelaylist (1+0j)
ESFGt (-9.90248992252633e-27-5.2643023354078286e-27j)
ESFGw (6.507858488213891e-14-2.4185514702068645e-14j)
intensity 4.8201613316657394e-27
data entry 398.9000000000009 [1.84663751e-27 2.18182123e-27 4.19444403e-27 ... 3.99829174e-27
 4.99564801e-27 3.63080252e-27]
finishing 398.9000000000009
disp entry 399.0000000000009 0.522883495543029j
starting: 399.0000000000009
some stuff:
tdelaylist (1+0j)
ESFGt (5.561440405590267e-27-6.238024954931584e-27j)
ESFGw (-3.377853552422039e-14+1.2455531397947972e-14j)
intensity 1.2961297245662868e-27
data entry 399.0000000000009 [1.15785739e-28 7.39997775e-28 1.14841156e-27 ... 1.10952923e-27
 8.21959996e-28 1.75074692e-28]
finishing 399.0000000000009
disp entry 399.10000000000093 0.523008215456825j
starting: 399.10000000000093
some stuff:
tdelaylist (1+0j)
ESFGt (5.083797662950701e-27+2.3698501415777562e-27j)
ESFGw (1.0504704744951354e-13-3.885346905319054e-14j)
intensity 1.2544474235327584e-26
data entry 399.10000000000093 [1.46253748e-26 3.70240273e-27 6.15055104e-28 ... 2.27472788e-28
 8.33983790e-27 1.76093466e-26]
finishing 399.10000000000093
disp entry 399.20000000000095 0.523132930658607j
starting: 399.20000000000095
some stuff:
tdelaylist (1+0j)
ESFGt (-3.013359540049987e-27-6.503781063078708e-27j)
ESFGw (-5.942338635045452e-14+2.2130734744774117e-14j)
intensity 4.020908265698937e-27
data entry 399.20000000000095 [8.16627140e-28 7.73784213e-28 3.09518337e-27 ... 2.82487961e-27
 4.41254365e-27 3.13447243e-27]
finishing 399.20000000000095
disp entry 399.300000000001 0.5232576411472514j
starting: 399.300000000001
some stuff:
tdelaylist (1+0j)
ESFGt (5.281140454655222e-27-4.315228680248273e-28j)
ESFGw (4.163466446605035e-14-1.53928519236457e-14j)
intensity 1.9703851755438798e-27
data entry 399.300000000001 [4.38449490e-28 9.72740089e-28 1.91034982e-27 ... 1.78904609e-27
 1.98247249e-27 1.09882115e-27]
finishing 399.300000000001
disp entry 399.400000000001 0.5233823469216342j
starting: 399.400000000001
some stuff:
tdelaylist (1+0j)
ESFGt (-8.245206138641555e-27+5.993358577507027e-27j)
ESFGw (-1.047660222464053e-13+3.88040294341252e-14j)
intensity 1.2481672117658748e-26
data entry 399.400000000001 [1.56218154e-26 3.79438026e-27 6.98867722e-28 ... 2.41725490e-28
 9.25193242e-27 1.91313588e-26]
finishing 399.400000000001
disp entry 399.500000000001 0.5235070479806324j
starting: 399.500000000001
some stuff:
tdelaylist (1+0j)
ESFGt (-2.8640698505616007e-27-3.0848901118755182e-28j)
ESFGw (4.2045793929856856e-14-1.5678430775878383e-14j)
intensity 2.0136619787859984e-27
data entry 399.500000000001 [2.65635003e-28 3.22698321e-28 1.87660756e-27 ... 1.70762785e-27
 2.70068568e-27 1.78090241e-27]
finishing 399.500000000001
disp entry 399.60000000000105 0.5236317443231222j
starting: 399.60000000000105
some stuff:
tdelaylist (1+0j)
ESFGt (7.520580743446482e-27+9.819942779863112e-27j)
ESFGw (-3.9484149456925355e-14+1.4601167497296785e-14j)
intensity 1.772192150620935e-27
data entry 399.60000000000105 [1.30517156e-27 2.02986528e-27 2.98811716e-27 ... 2.86512311e-27
 2.92528971e-27 1.89770446e-27]
finishing 399.60000000000105
disp entry 399.70000000000107 0.5237564359479803j
starting: 399.70000000000107
some stuff:
tdelaylist (1+0j)
ESFGt (-6.185240842106328e-27+6.0635425296174485e-27j)
ESFGw (8.983092047998298e-14-3.3317966441348545e-14j)
intensity 9.179681162067855e-27
data entry 399.70000000000107 [1.31839279e-26 3.31846254e-27 5.57939279e-28 ... 1.95519131e-28
 7.62968921e-27 1.59621915e-26]
finishing 399.70000000000107
disp entry 399.8000000000011 0.5238811228540833j
starting: 399.8000000000011
some stuff:
tdelaylist (1+0j)
ESFGt (2.0138838893618627e-27+1.493240773060856e-27j)
ESFGw (-1.490214202037876e-14+5.635249211710658e-15j)
intensity 2.53829870473624e-28
data entry 399.8000000000011 [8.92269489e-28 1.05710650e-27 9.79109186e-28 ... 1.03179192e-27
 8.11390168e-28 7.27119382e-28]
finishing 399.8000000000011
disp entry 399.9000000000011 0.5240058050403077j
starting: 399.9000000000011
some stuff:
tdelaylist (1+0j)
ESFGt (-2.7952935382661194e-27+1.3718902510198648e-26j)
ESFGw (2.8564715696954845e-14-1.0559261798270825e-14j)
intensity 9.2744099257228e-28
data entry 399.9000000000011 [1.97690651e-27 3.32160226e-27 4.00904046e-27 ... 3.95769136e-27
 3.25239356e-27 1.95792370e-27]
finishing 399.9000000000011
disp entry 400.00000000000114 0.5241304825055303j
starting: 400.00000000000114
some stuff:
tdelaylist (1+0j)
ESFGt (-9.78959937517415e-27+8.156310449094914e-27j)
ESFGw (-6.279655614949142e-14+2.3350245348385812e-14j)
intensity 4.488641422066043e-27
data entry 400.00000000000114 [8.45597320e-27 2.41384830e-27 2.77850839e-28 ... 1.10263926e-28
 4.38866887e-27 9.72741813e-27]
finishing 400.00000000000114
disp entry 400.10000000000116 0.5242551552486278j
starting: 400.10000000000116
some stuff:
tdelaylist (1+0j)
ESFGt (6.266388434048451e-27+1.2299709120515298e-26j)
ESFGw (-1.806237451273951e-14+6.6014901878297394e-15j)
intensity 3.6982904573847417e-28
data entry 400.10000000000116 [3.02095283e-27 2.57767625e-27 6.75474545e-28 ... 9.32097722e-28
 1.60553935e-29 1.36561268e-27]
finishing 400.10000000000116
disp entry 400.2000000000012 0.524379823268477j
starting: 400.2000000000012
some stuff:
tdelaylist (1+0j)
ESFGt (-4.884405896195522e-27+1.7341369774858288e-26j)
ESFGw (-1.1873531671757753e-14+4.36282954208167e-15j)
intensity 1.60015035973495e-28
data entry 400.2000000000012 [2.05123979e-27 4.11703390e-27 4.58174378e-27 ... 4.61477838e-27
 3.04898529e-27 1.38861809e-27]
finishing 400.2000000000012
disp entry 400.3000000000012 0.5245044865639547j
starting: 400.3000000000012
some stuff:
tdelaylist (1+0j)
ESFGt (-5.274912274443661e-27+6.523208308973985e-27j)
ESFGw (2.8088208842147466e-14-1.0529771499179219e-14j)
intensity 8.998235637850179e-28
data entry 400.3000000000012 [3.56488220e-27 1.33238258e-27 5.52850800e-29 ... 4.97676413e-29
 1.31625768e-27 3.55838726e-27]
finishing 400.3000000000012
disp entry 400.4000000000012 0.5246291451339375j
starting: 400.4000000000012
some stuff:
tdelaylist (1+0j)
ESFGt (2.7755795329689874e-27+1.6499244156416884e-26j)
ESFGw (5.1681749158039025e-14-1.9066345724461087e-14j)
intensity 3.0345287353191427e-27
data entry 400.4000000000012 [6.26597501e-27 4.08203461e-27 9.67893486e-28 ... 1.27445199e-27
 1.11977814e-27 4.33908831e-27]
finishing 400.4000000000012
disp entry 400.50000000000125 0.5247537989773027j
starting: 400.50000000000125
some stuff:
tdelaylist (1+0j)
ESFGt (-1.086448188858097e-26+1.8086995496813344e-26j)
ESFGw (-6.519090822720841e-15+2.4424906541753444e-15j)
intensity 4.8464305750617e-29
data entry 400.50000000000125 [1.57022078e-27 3.98349958e-27 4.48681001e-27 ... 4.54845637e-27
 2.63484817e-27 7.24347133e-28]
finishing 400.50000000000125
disp entry 400.6000000000013 0.5248784480929269j
starting: 400.6000000000013
some stuff:
tdelaylist (1+0j)
ESFGt (1.2976059844281932e-27+1.208449507717048e-26j)
ESFGw (8.745174723268079e-15-3.1181654480683108e-15j)
intensity 8.620103670201397e-29
data entry 400.6000000000013 [5.52848115e-28 4.12133565e-28 9.29979309e-29 ... 1.07836266e-28
 3.70901465e-29 3.17191229e-28]
finishing 400.6000000000013
disp entry 400.7000000000013 0.5250030924796876j
starting: 400.7000000000013
some stuff:
tdelaylist (1+0j)
ESFGt (-1.6480831858393062e-28+2.1837380350885172e-26j)
ESFGw (-8.032506951249907e-14+2.97236193991246e-14j)
intensity 7.335610342371824e-27
data entry 400.7000000000013 [9.54004662e-27 4.83001495e-27 1.60142522e-27 ... 1.75366005e-27
 3.86482163e-27 8.88397427e-27]
finishing 400.7000000000013
disp entry 400.8000000000013 0.525127732136461j
starting: 400.8000000000013
some stuff:
tdelaylist (1+0j)
ESFGt (-1.1972260401123122e-26+1.363286102362699e-26j)
ESFGw (2.215068406474785e-14-8.222155595261071e-15j)
intensity 5.582566471689574e-28
data entry 400.8000000000013 [8.83665871e-28 3.03516705e-27 3.77058163e-27 ... 3.79324224e-27
 2.24549902e-27 3.89738594e-28]
finishing 400.8000000000013
disp entry 400.90000000000134 0.525252367062125j
starting: 400.90000000000134
some stuff:
tdelaylist (1+0j)
ESFGt (2.8129907198817603e-27+1.4748134763309702e-26j)
ESFGw (-4.1967297692568906e-14+1.539653821103215e-14j)
intensity 1.998307464500473e-27
data entry 400.90000000000134 [4.09876920e-28 2.62883179e-30 4.89203018e-28 ... 3.65526160e-28
 1.08540499e-27 1.11456052e-27]
finishing 400.90000000000134
disp entry 401.00000000000136 0.5253769972555562j
starting: 401.00000000000136
some stuff:
tdelaylist (1+0j)
ESFGt (-6.31234301610187e-27+2.4695930815552656e-26j)
ESFGw (9.896467326186986e-14-3.669634041081338e-14j)
intensity 1.114062795337495e-26
data entry 401.00000000000136 [1.14530989e-26 4.48365252e-27 2.18765371e-27 ... 2.06002222e-27
 6.93182560e-27 1.29887981e-26]
finishing 401.00000000000136
disp entry 401.1000000000014 0.5255016227156318j
starting: 401.1000000000014
some stuff:
tdelaylist (1+0j)
ESFGt (-5.2179666185892625e-27+1.320943008878376e-26j)
ESFGw (-3.120095327935335e-14+1.1578628680841696e-14j)
intensity 1.1075641276692006e-27
data entry 401.1000000000014 [4.11632693e-28 1.89904217e-27 2.74052138e-27 ... 2.71725054e-27
 1.85575302e-27 3.92598204e-28]
finishing 401.1000000000014
disp entry 401.2000000000014 0.5256262434412291j
starting: 401.2000000000014
some stuff:
tdelaylist (1+0j)
ESFGt (4.676428808459904e-27+1.811915665436913e-26j)
ESFGw (6.669794924696326e-14-2.4583633739805322e-14j)
intensity 5.052971481603381e-27
data entry 401.2000000000014 [2.69091334e-27 3.21512451e-28 1.16354318e-27 ... 8.30337980e-28
 3.65813159e-27 4.85464252e-27]
finishing 401.2000000000014
disp entry 401.30000000000143 0.5257508594312255j
starting: 401.30000000000143
some stuff:
tdelaylist (1+0j)
ESFGt (-1.2838574306376085e-26+1.9392304451711967e-26j)
ESFGw (-1.0401575434304533e-13+3.8582852190938155e-14j)
intensity 1.2307913634740536e-26
data entry 401.30000000000143 [1.10431478e-26 3.26001312e-27 2.39052750e-27 ... 2.01871310e-27
 8.66571405e-27 1.44802355e-26]
finishing 401.30000000000143
disp entry 401.40000000000146 0.5258754706844978j
starting: 401.40000000000146
some stuff:
tdelaylist (1+0j)
ESFGt (-2.773782264360761e-27+1.2413111349085566e-26j)
ESFGw (3.1226974131493e-14-1.162394833165159e-14j)
intensity 1.1102400882258389e-27
data entry 401.40000000000146 [4.44108652e-28 1.33133024e-27 1.84603763e-27 ... 1.83928162e-27
 1.33716915e-27 4.48051978e-28]
finishing 401.40000000000146
disp entry 401.5000000000015 0.5260000771999238j
starting: 401.5000000000015
some stuff:
tdelaylist (1+0j)
ESFGt (1.2289291390792548e-27+2.45375760647744e-26j)
ESFGw (-7.959258252476786e-14+2.940876708823481e-14j)
intensity 7.199854774612026e-27
data entry 401.5000000000015 [5.89208667e-27 1.30905854e-27 1.88622222e-27 ... 1.40411647e-27
 6.16830440e-27 9.04583815e-27]
finishing 401.5000000000015
disp entry 401.6000000000015 0.5261246789763806j
starting: 401.6000000000015
some stuff:
tdelaylist (1+0j)
ESFGt (-8.937820445155884e-27+1.5962158557472338e-26j)
ESFGw (9.395479186324884e-14-3.4893962719273475e-14j)
intensity 1.0045091548320458e-26
data entry 401.6000000000015 [8.32490364e-27 1.74224709e-27 2.07867330e-27 ... 1.62696612e-27
 8.01797819e-27 1.23295339e-26]
finishing 401.6000000000015
disp entry 401.7000000000015 0.5262492760127458j
starting: 401.7000000000015
some stuff:
tdelaylist (1+0j)
ESFGt (5.431498939530483e-27+9.417467637377048e-27j)
ESFGw (-2.155892651900526e-14+8.044346438973449e-15j)
intensity 5.294988222820932e-28
data entry 401.7000000000015 [1.04412600e-27 1.76519930e-27 1.48092575e-27 ... 1.58214130e-27
 7.17566843e-28 3.67186532e-28]
finishing 401.7000000000015
disp entry 401.80000000000155 0.5263738683078967j
starting: 401.80000000000155
some stuff:
tdelaylist (1+0j)
ESFGt (-6.963476082622122e-27+1.9749635442712894e-26j)
ESFGw (7.94780907753534e-14-2.9380144150881193e-14j)
intensity 7.179959783621871e-27
data entry 401.80000000000155 [8.28581651e-27 2.59091391e-27 2.36930777e-27 ... 1.89545788e-27
 7.20003285e-27 1.12877491e-26]
finishing 401.80000000000155
disp entry 401.90000000000157 0.5264984558607108j
starting: 401.90000000000157
some stuff:
tdelaylist (1+0j)
ESFGt (-1.0199564488554275e-26+1.1269799344245797e-26j)
ESFGw (-6.977318028900115e-14+2.5972279882324756e-14j)
intensity 5.5428560099272686e-27
data entry 401.90000000000157 [4.48116584e-27 5.55407545e-28 1.37700440e-27 ... 1.03873083e-27
 5.30249066e-27 7.51118540e-27]
finishing 401.90000000000157
disp entry 402.0000000000016 0.5266230386700658j
starting: 402.0000000000016
some stuff:
tdelaylist (1+0j)
ESFGt (5.595085339447977e-27+1.6683304224197452e-26j)
ESFGw (3.705152504251963e-15-1.3877787807814457e-15j)
intensity 1.565408502415183e-29
data entry 402.0000000000016 [2.04844951e-27 3.02355278e-27 1.81019242e-27 ... 2.06581991e-27
 3.34763872e-28 3.11954943e-28]
finishing 402.0000000000016
disp entry 402.1000000000016 0.5267476167348389j
starting: 402.1000000000016
some stuff:
tdelaylist (1+0j)
ESFGt (-7.131577935508582e-27+1.699476494599449e-26j)
ESFGw (-6.738836919040203e-14+2.4934047881952637e-14j)
intensity 5.1628990459214346e-27
data entry 402.1000000000016 [8.78198886e-27 3.60192081e-27 2.42281138e-27 ... 2.11236620e-27
 6.28158181e-27 1.05438256e-26]
finishing 402.1000000000016
disp entry 402.20000000000164 0.5268721900539081j
starting: 402.20000000000164
some stuff:
tdelaylist (1+0j)
ESFGt (1.2808513576293128e-27+1.5028392919308005e-27j)
ESFGw (3.467365283782442e-14-1.295751700380876e-14j)
intensity 1.3701594480219628e-27
data entry 402.20000000000164 [1.35209180e-27 5.92229706e-29 5.99107352e-28 ... 4.67237227e-28
 2.07241676e-27 2.63353783e-27]
finishing 402.20000000000164
disp entry 402.30000000000166 0.5269967586261509j
starting: 402.30000000000166
some stuff:
tdelaylist (1+0j)
ESFGt (1.702501221894352e-27+1.2104582338787501e-26j)
ESFGw (1.922463924164397e-14-7.109764166290944e-15j)
intensity 4.20135500471632e-28
data entry 402.30000000000166 [3.11918278e-27 4.41419781e-27 2.70017216e-27 ... 3.05810238e-27
 6.62405130e-28 6.92430145e-28]
finishing 402.30000000000166
disp entry 402.4000000000017 0.5271213224504452j
starting: 402.4000000000017
some stuff:
tdelaylist (1+0j)
ESFGt (-1.3540106537834509e-26+1.1261317194993936e-26j)
ESFGw (4.6398215131082665e-14-1.71954464556201e-14j)
intensity 2.4484777461583262e-27
data entry 402.4000000000017 [7.30676323e-27 3.86289420e-27 2.06017926e-27 ... 1.96444078e-27
 4.05199732e-27 7.46862299e-27]
finishing 402.4000000000017
disp entry 402.5000000000017 0.5272458815256683j
starting: 402.5000000000017
some stuff:
tdelaylist (1+0j)
ESFGt (5.165379010756625e-27+5.512201630934944e-27j)
ESFGw (6.205105873569039e-15-2.1571286423771596e-15j)
intensity 4.315654288196491e-29
data entry 402.5000000000017 [5.69877925e-28 2.60112115e-28 8.68547077e-29 ... 1.03191793e-28
 2.69245230e-28 5.73896625e-28]
finishing 402.5000000000017
disp entry 402.6000000000017 0.5273704358506984j
starting: 402.6000000000017
some stuff:
tdelaylist (1+0j)
ESFGt (5.022200985210212e-28+1.2657262923555197e-26j)
ESFGw (-4.271127722332846e-14+1.5836724293061266e-14j)
intensity 2.075055038382453e-27
data entry 402.6000000000017 [3.83253910e-27 5.12142729e-27 3.76886972e-27 ... 4.08743770e-27
 1.91158537e-27 1.74687014e-27]
finishing 402.6000000000017
disp entry 402.70000000000175 0.5274949854244132j
starting: 402.70000000000175
some stuff:
tdelaylist (1+0j)
ESFGt (-4.727034971370487e-27-2.4663599757873854e-27j)
ESFGw (-2.0930306099398166e-14+7.764622278472189e-15j)
intensity 4.983670725418507e-28
data entry 402.70000000000175 [4.71600999e-27 3.26925378e-27 1.49283929e-27 ... 1.55575819e-27
 1.74139282e-27 3.75982314e-27]
finishing 402.70000000000175
disp entry 402.8000000000018 0.5276195302456906j
starting: 402.8000000000018
some stuff:
tdelaylist (1+0j)
ESFGt (7.004078752496021e-27-4.901911200081527e-29j)
ESFGw (-4.6820186616614023e-14+1.7192844370406135e-14j)
intensity 2.4877237723595692e-27
data entry 402.8000000000018 [2.70794160e-27 9.03610282e-28 4.04018716e-29 ... 2.22919891e-29
 1.08632098e-27 2.82490306e-27]
finishing 402.8000000000018
disp entry 402.9000000000018 0.5277440703134085j
starting: 402.9000000000018
some stuff:
tdelaylist (1+0j)
ESFGt (-1.050861040039382e-26+9.919991175188604e-27j)
ESFGw (6.186587700462987e-14-2.2945621097614222e-14j)
intensity 4.353888265107271e-27
data entry 402.9000000000018 [3.83480569e-27 4.67718665e-27 4.54202631e-27 ... 4.67063557e-27
 3.70841899e-27 3.18200436e-27]
finishing 402.9000000000018
disp entry 403.0000000000018 0.527868605626445j
starting: 403.0000000000018
some stuff:
tdelaylist (1+0j)
ESFGt (-4.834934277926477e-28-3.3364560166227636e-27j)
ESFGw (-4.073130721593543e-15+1.478851763270228e-15j)
intensity 1.8777396412916597e-29
data entry 403.0000000000018 [2.17231152e-27 2.16482348e-27 1.05073047e-27 ... 1.15094566e-27
 4.03239920e-28 1.05783742e-27]
finishing 403.0000000000018
disp entry 403.10000000000184 0.5279931361836778j
starting: 403.10000000000184
some stuff:
tdelaylist (1+0j)
ESFGt (9.540584719261381e-27+1.2376792891941204e-27j)
ESFGw (8.102980092461465e-14-2.9917908428434004e-14j)
intensity 7.460909882614845e-27
data entry 403.10000000000184 [6.93233274e-27 1.66679998e-27 4.09280619e-28 ... 1.79281240e-28
 4.20928352e-27 8.57045492e-27]
finishing 403.10000000000184
disp entry 403.20000000000186 0.5281176619839851j
starting: 403.20000000000186
some stuff:
tdelaylist (1+0j)
ESFGt (-6.790123876130313e-27-4.176078319597933e-27j)
ESFGw (-7.232062171347309e-14+2.6842243705527125e-14j)
intensity 5.950778372170186e-27
data entry 403.20000000000186 [3.02565377e-27 3.26278360e-27 4.64664165e-27 ... 4.52783695e-27
 5.16717199e-27 4.21881032e-27]
finishing 403.20000000000186
disp entry 403.3000000000019 0.5282421830262451j
starting: 403.3000000000019
some stuff:
tdelaylist (1+0j)
ESFGt (5.80462598438115e-27-1.1336598394545342e-26j)
ESFGw (2.398905726841427e-14-8.84535500400574e-15j)
intensity 6.537151737741489e-28
data entry 403.3000000000019 [5.88411058e-28 1.21176198e-27 1.03073942e-27 ... 1.06734873e-27
 3.62695672e-28 5.08300768e-29]
finishing 403.3000000000019
disp entry 403.4000000000019 0.528366699309336j
starting: 403.4000000000019
some stuff:
tdelaylist (1+0j)
ESFGt (-2.102344672141694e-27+4.4614390073075054e-27j)
ESFGw (-1.0375207637469686e-13+3.8371215926868985e-14j)
intensity 1.2236843563767335e-26
data entry 403.4000000000019 [1.13621517e-26 2.30266774e-27 9.28085122e-28 ... 4.31039236e-28
 7.96973223e-27 1.50035521e-26]
finishing 403.4000000000019
disp entry 403.50000000000193 0.5284912108321357j
starting: 403.50000000000193
some stuff:
tdelaylist (1+0j)
ESFGt (-6.4512166762906146e-27-6.474653516771547e-27j)
ESFGw (7.103107164951883e-14-2.6397720814808068e-14j)
intensity 5.74225280389563e-27
data entry 403.50000000000193 [1.69639950e-27 1.58593478e-27 3.98228392e-27 ... 3.70279868e-27
 5.37852309e-27 4.10890342e-27]
finishing 403.50000000000193
disp entry 403.60000000000196 0.5286157175935224j
starting: 403.60000000000196
some stuff:
tdelaylist (1+0j)
ESFGt (1.4549503589547754e-26-1.3155334560700528e-26j)
ESFGw (-3.549244231848547e-14+1.3104534818397795e-14j)
intensity 1.4314422945376184e-27
data entry 403.60000000000196 [2.28578204e-28 1.00710563e-27 1.55027475e-27 ... 1.51264795e-27
 1.18525096e-27 3.49436757e-28]
finishing 403.60000000000196
disp entry 403.700000000002 0.5287402195923747j
starting: 403.700000000002
some stuff:
tdelaylist (1+0j)
ESFGt (-1.767970048368032e-27-7.24893263274236e-27j)
ESFGw (1.1170491615031253e-13-4.135754239076306e-14j)
intensity 1.418843460475211e-26
data entry 403.700000000002 [1.39701191e-26 2.67124483e-27 1.26374476e-27 ... 6.08888415e-28
 1.02670376e-26 1.88551371e-26]
finishing 403.700000000002
disp entry 403.800000000002 0.5288647168275706j
starting: 403.800000000002
some stuff:
tdelaylist (1+0j)
ESFGt (-7.404123966098371e-28-1.7723546347734353e-26j)
ESFGw (-5.696246425934692e-14+2.120829553642345e-14j)
intensity 3.6945141340576544e-27
data entry 403.800000000002 [5.23276057e-28 4.96880543e-28 2.77388334e-27 ... 2.51095763e-27
 4.06017877e-27 2.79609410e-27]
finishing 403.800000000002
disp entry 403.900000000002 0.5289892092979885j
starting: 403.900000000002
some stuff:
tdelaylist (1+0j)
ESFGt (5.855803581990979e-27-5.4094033053780766e-27j)
ESFGw (3.697432984783866e-14-1.3645768542902559e-14j)
intensity 1.5533080668232419e-27
data entry 403.900000000002 [7.53739272e-28 1.73458745e-27 2.50099055e-27 ... 2.44809223e-27
 2.12153046e-27 1.00978028e-27]
finishing 403.900000000002
disp entry 404.00000000000205 0.5291136970025071j
starting: 404.00000000000205
some stuff:
tdelaylist (1+0j)
ESFGt (-8.212471769415224e-27-5.0356067424854924e-27j)
ESFGw (-1.0400014183176154e-13+3.853774938056276e-14j)
intensity 1.2301187628345583e-26
data entry 404.00000000000205 [1.35838957e-26 2.71247992e-27 1.20394829e-27 ... 5.96693101e-28
 9.83400517e-27 1.81701504e-26]
finishing 404.00000000000205
disp entry 404.10000000000207 0.5292381799400044j
starting: 404.10000000000207
some stuff:
tdelaylist (1+0j)
ESFGt (1.2203323369232393e-26-2.2793056296643352e-26j)
ESFGw (3.1316529230940304e-14-1.1738006400197065e-14j)
intensity 1.1185057973234061e-27
data entry 404.10000000000207 [3.28856590e-28 5.00042933e-28 1.47831675e-27 ... 1.39711061e-27
 1.89389723e-27 1.21488967e-27]
finishing 404.10000000000207
disp entry 404.2000000000021 0.5293626581093591j
starting: 404.2000000000021
some stuff:
tdelaylist (1+0j)
ESFGt (8.141111955447426e-27-1.3939203021419135e-26j)
ESFGw (-2.90878432451791e-14+1.0705845931990865e-14j)
intensity 9.607177617756366e-28
data entry 404.2000000000021 [1.51447195e-27 3.02740495e-27 3.57829578e-27 ... 3.58584313e-27
 2.63530051e-27 1.27497761e-27]
finishing 404.2000000000021
disp entry 404.3000000000021 0.5294871315094498j
starting: 404.3000000000021
some stuff:
tdelaylist (1+0j)
ESFGt (-7.174555828075662e-27-1.7596987886331603e-26j)
ESFGw (8.220247399437497e-14-3.051899011285997e-14j)
intensity 7.68865548830474e-27
data entry 404.3000000000021 [1.04144200e-26 2.38753062e-27 7.87530043e-28 ... 4.02641775e-28
 6.92058910e-27 1.33326045e-26]
finishing 404.3000000000021
disp entry 404.40000000000214 0.529611600139155j
starting: 404.40000000000214
some stuff:
tdelaylist (1+0j)
ESFGt (8.498092100693164e-27-1.5707393208846025e-26j)
ESFGw (2.473715676742927e-15-7.879981389624646e-16j)
intensity 6.740210316372025e-30
data entry 404.40000000000214 [1.67678397e-27 1.49760452e-27 5.96123000e-28 ... 7.34871646e-28
 2.67665803e-28 8.79725499e-28]
finishing 404.40000000000214
disp entry 404.50000000000216 0.5297360639973531j
starting: 404.50000000000216
some stuff:
tdelaylist (1+0j)
ESFGt (-3.543601686043763e-27-3.533642082392636e-27j)
ESFGw (1.4166619266564595e-14-5.19679785315752e-15j)
intensity 2.2769980937038175e-28
data entry 404.50000000000216 [1.94200555e-27 4.17202992e-27 4.42150163e-27 ... 4.51693465e-27
 2.66583969e-27 9.88518212e-28]
finishing 404.50000000000216
disp entry 404.6000000000022 0.5298605230829229j
starting: 404.6000000000022
some stuff:
tdelaylist (1+0j)
ESFGt (3.928470874491686e-27-2.3018767697510166e-26j)
ESFGw (-5.003983338802698e-14+1.8626593323300966e-14j)
intensity 2.8509349043331392e-27
data entry 404.6000000000022 [5.90362029e-27 1.73597015e-27 2.78731344e-28 ... 1.57903525e-28
 3.13883972e-27 6.81152346e-27]
finishing 404.6000000000022
disp entry 404.7000000000022 0.5299849773947433j
starting: 404.7000000000022
some stuff:
tdelaylist (1+0j)
ESFGt (1.603759182442726e-26-2.170633701328443e-26j)
ESFGw (-3.93873302029224e-14+1.4478002130502432e-14j)
intensity 1.760974326204876e-27
data entry 404.7000000000022 [4.49501160e-27 2.87441778e-27 4.34928984e-28 ... 6.75518858e-28
 4.67381536e-28 2.93472630e-27]
finishing 404.7000000000022
disp entry 404.8000000000022 0.5301094269316927j
starting: 404.8000000000022
some stuff:
tdelaylist (1+0j)
ESFGt (-8.134856058395627e-27-1.421452859670458e-26j)
ESFGw (3.894887884436926e-15-1.4870916997811179e-15j)
intensity 1.7381593355891443e-29
data entry 404.8000000000022 [1.79021123e-27 4.51402154e-27 4.73093358e-27 ... 4.85686538e-27
 2.47648962e-27 4.98801495e-28]
finishing 404.8000000000022
disp entry 404.90000000000225 0.53023387169265j
starting: 404.90000000000225
some stuff:
tdelaylist (1+0j)
ESFGt (3.964280194751972e-27-2.061879401044061e-26j)
ESFGw (1.2852566233512164e-14-4.8737056057568395e-15j)
intensity 1.8894146511840271e-28
data entry 404.90000000000225 [1.98503036e-27 9.19018208e-28 3.92749605e-29 ... 6.35482528e-29
 4.95533904e-28 1.71549674e-27]
finishing 404.90000000000225
